******************************************************************************
                  TI ARM Linker PC v16.9.6                     
******************************************************************************
>> Linked Tue Jun 22 19:03:57 2021

OUTPUT FILE NAME:   <xwr64xx_mmw_mss.xer4f>
ENTRY POINT SYMBOL: "_c_int00"  address: 000237f4


MEMORY CONFIGURATION

         name            origin    length      used     unused   attr    fill
----------------------  --------  ---------  --------  --------  ----  --------
PAGE 0:
  VECTORS               00000000   00000100  0000003c  000000c4     X
  PROG_RAM              00000100   0007ff00  0002ba38  000544c8  R  X
  DATA_RAM              08000000   00030000  000228d0  0000d730  RW  
  L3_RAM                51000000   000c0000  000c0000  00000000  RW  
  HWA_RAM               52030000   00010000  00000000  00010000  RW  
  HS_RAM                52080000   00008000  00000000  00008000  RW  

PAGE 1:
  L3_RAM                51000000   000c0000  00000000  000c0000  RW  


SEGMENT ALLOCATION MAP

run origin  load origin   length   init length attrs members
----------  ----------- ---------- ----------- ----- -------
00000000    00000000    0000003c   0000003c    r--
  00000000    00000000    0000003c   0000003c    r-- .vecs
00000100    00000100    0002ba40   0002ba40    r-x
  00000100    00000100    0002a452   0002a452    r-x .text
  0002a558    0002a558    0000104e   0000104e    r-- .const
  0002b5a8    0002b5a8    00000598   00000598    r-- .cinit
08000000    08000000    000228d8   00000000    rw-
  08000000    08000000    00010000   00000000    rw- systemHeap
  08010000    08010000    0000c400   00000000    rw- .DPC_objDetTcmbHeap
  0801c400    0801c400    000044b4   00000000    rw- .bss
  080208b8    080208b8    0000136c   00000000    rw- .data
  08021c28    08021c28    00000800   00000000    rw- .myFiqStack
  08022428    08022428    000004b0   00000000    rw- .stack
51000000    51000000    000c0000   00000000    rw-
  51000000    51000000    000c0000   00000000    rw- .l3ram


SECTION ALLOCATION MAP

 output                                  attributes/
section   page    origin      length       input sections
--------  ----  ----------  ----------   ----------------
.vecs      0    00000000    0000003c     
                  00000000    0000003c     mmw_per4ft.oer4ft (.vecs)

.text      0    00000100    0002a452     
                  00000100    00001d38     libsleep_xwr68xx.aer4f : libsleep_xwr68xx.obj (.text)
                  00001e38    0000107a     rtsv7R4_T_le_v3D16_eabi.lib : _printfi.obj (.text)
                  00002eb2    00000002     libadcbuf_xwr68xx.aer4f : adcbuf_mmwave.oer4f (.text:ADCBUF_MMWave_init)
                  00002eb4    00000c38     mmw_cli.oer4f (.text:MmwDemo_CLIInit)
                  00003aec    00000898     rtsv7R4_T_le_v3D16_eabi.lib : _scanfi.obj (.text)
                  00004384    00000710     objectdetection.oer4f (.text:DPC_ObjectDetection_ioctl)
                  00004a94    00000670     libdopplerproc_hwa_xwr68xx.aer4f : dopplerprochwa.oer4f (.text:DPU_DopplerProcHWA_config)
                  00005104    00000658     libhwa_xwr68xx.aer4f : hwa.oer4f (.text:HWA_configParamSet)
                  0000575c    000005fc     rtsv7R4_T_le_v3D16_eabi.lib : k_rem_pio2.obj (.text)
                  00005d58    00000588     mmwdemo_rfparser.oer4f (.text:MmwDemo_RFParser_parseCtrlConfig)
                  000062e0    00000581     main.oer4f (.text:MmwDemo_dataPathConfig)
                  00006861    00000001     --HOLE-- [fill = 0]
                  00006862    00000002     libhwa_xwr68xx.aer4f : hwa.oer4f (.text:HWA_init)
                  00006864    00000564     librangeproc_hwa_xwr68xx.aer4f : rangeprochwa.oer4f (.text:DPU_RangeProcHWA_process)
                  00006dc8    00000528     main.oer4f (.text:MmwDemo_initTask)
                  000072f0    00000500     objectdetection.oer4f (.text:DPC_ObjDet_rangeBiasRxChPhaseMeasure)
                  000077f0    000004e1     sysbios.aer4ft : BIOS.obj (.text:xdc_runtime_System_doPrint__I)
                  00007cd1    00000001     --HOLE-- [fill = 0]
                  00007cd2    00000002     libmmwave_xwr68xx.aer4f : mmwave_link.oer4f (.text:MMWave_maskHostIRQ)
                  00007cd4    000004a8     libadcbuf_xwr68xx.aer4f : adcbuf_mmwave.oer4f (.text:ADCBUF_MMWave_control)
                  0000817c    00000470     mmw_cli.oer4f (.text:MmwDemo_CLISensorStart)
                  000085ec    0000044a     libaoaproc_hwa_xwr68xx.aer4f : aoaprochwa.oer4f (.text:AoAProcHWA_config_EDMA)
                  00008a36    0000044a                                  : aoaprochwa.oer4f (.text:HWAutil_configHWA_extendedVelocityScheme)
                  00008e80    0000043c     librangeproc_hwa_xwr68xx.aer4f : rangeprochwa.oer4f (.text:DPU_RangeProcHWA_config)
                  000092bc    00000434     main.oer4f (.text:MmwDemo_transmitProcessedOutput)
                  000096f0    00000410     libcli_xwr68xx.aer4f : cli_mmwave.oer4f (.text:CLI_MMWaveVersion)
                  00009b00    0000040c     main.oer4f (.text:MmwDemo_DPC_ObjectDetection_dpmTask)
                  00009f0c    000003f4     rtsv7R4_T_le_v3D16_eabi.lib : s_cos.obj (.text)
                  0000a300    000003f4                                 : s_sin.obj (.text)
                  0000a6f4    00000390     objectdetection.oer4f (.text:DPC_ObjDet_AoAconfig)
                  0000aa84    00000378     main.oer4f (.text:MmwDemo_openSensor)
                  0000adfc    00000350     libaoaproc_hwa_xwr68xx.aer4f : aoaprochwa.oer4f (.text:DPU_AoAProcHWA_process)
                  0000b14c    0000034c     main.oer4f (.text:MmwDemo_processPendingDynamicCfgCommands)
                  0000b498    00000348     objectdetection.oer4f (.text:DPC_ObjectDetection_execute)
                  0000b7e0    00000348     main.oer4f (.text:MmwDemo_configCQ)
                  0000bb28    00000314     libsoc_xwr68xx.aer4f : soc_xwr68xx_mss.oer4f (.text:SOC_deviceInit)
                  0000be3c    00000304     librangeproc_hwa_xwr68xx.aer4f : rangeprochwa.oer4f (.text:rangeProcHWA_ConfigEDMA_DataOut_nonInterleave)
                  0000c140    000002f8     libcbuff_xwr68xx.aer4f : cbuff.oer4f (.text:CBUFF_createSession)
                  0000c438    00000008     libaoaproc_hwa_xwr68xx.aer4f : aoaprochwa.oer4f (.text:AOAProcHWADoneIsrCallback)
                  0000c440    000002f4     sysbios.aer4ft : BIOS.obj (.text:ti_sysbios_knl_Semaphore_pend__E)
                  0000c734    000002e4     main.oer4f (.text:MmwDemo_DPC_ObjectDetection_reportFxn)
                  0000ca18    00000008     libcfarcaproc_hwa_xwr68xx.aer4f : cfarcaprochwa.oer4f (.text:CFARCAHWADoneIsrCallback)
                  0000ca20    000002cc     sysbios.aer4ft : BIOS.obj (.text:ti_sysbios_knl_Task_Instance_finalize__E)
                  0000ccec    000002c4     libhwa_xwr68xx.aer4f : hwa.oer4f (.text:HWA_configCommon)
                  0000cfb0    000002c4     main.oer4f (.text:idle_power_cycle)
                  0000d274    000002bc     objectdetection.oer4f (.text:DPC_ObjDet_rangeConfig)
                  0000d530    000002b8     rtsv7R4_T_le_v3D16_eabi.lib : ull_div32.obj (.text)
                  0000d7e8    00000008     main.oer4f (.text:Cycleprofiler_init)
                  0000d7f0    000002a4     sysbios.aer4ft : BIOS.obj (.text:ti_sysbios_heaps_HeapMem_freeUnprotected__E)
                  0000da94    00000298     mmwdemo_rfparser.oer4f (.text:MmwDemo_RFParser_setAoAParams)
                  0000dd2c    00000284     libmmwave_xwr68xx.aer4f : mmwave_dualcore.oer4f (.text:MMWave_deviceExecuteFxn)
                  0000dfb0    00000280     libhsiheader_xwr68xx.aer4f : hsiheader.oer4f (.text:HSIHeader_createHeader)
                  0000e230    00000280     mmw_lvds_stream.oer4f (.text:MmwDemo_LVDSStreamHwConfig)
                  0000e4b0    00000280     sysbios.aer4ft : BIOS.obj (.text:ti_sysbios_family_arm_exc_Exception_excDumpContext__I)
                  0000e730    0000026c     libqspiflash_xwr68xx.aer4f : qspiflash.oer4f (.text:QSPIFlash_open)
                  0000e99c    00000268     objectdetection.oer4f (.text:DPC_ObjDet_preStartConfig)
                  0000ec04    00000264     libcbuff_xwr68xx.aer4f : cbuff.oer4f (.text:CBUFF_init)
                  0000ee68    00000264     data_path.oer4f (.text:MmwDemo_checkEdmaErrors)
                  0000f0cc    00000260     libmailbox_xwr68xx.aer4f : mailbox.oer4f (.text:Mailbox_open)
                  0000f32c    00000254     libcli_xwr68xx.aer4f : cli_mmwave.oer4f (.text:CLI_MMWaveProfileCfg)
                  0000f580    00000248     main.oer4f (.text:MmwDemo_sensorStopEpilog)
                  0000f7c8    0000022c     libcbuff_xwr68xx.aer4f : cbuff_lvds.oer4f (.text:CBUFF_openLVDS)
                  0000f9f4    0000022c     main.oer4f (.text:MmwDemo_eventCallbackFxn)
                  0000fc20    0000022c     librangeproc_hwa_xwr68xx.aer4f : rangeprochwa.oer4f (.text:rangeProcHWA_ConfigHWA)
                  0000fe4c    00000004     libedma_xwr68xx.aer4f : edma.oer4f (.text:EDMA_getNumInstances)
                  0000fe50    00000228     sysbios.aer4ft : BIOS.obj (.text:ti_sysbios_heaps_HeapMem_allocUnprotected__E)
                  00010078    00000008     libdopplerproc_hwa_xwr68xx.aer4f : dopplerprochwa.oer4f (.text:DPU_DopplerProcHWA_edmaDoneIsrCallback)
                  00010080    00000224     sysbios.aer4ft : BIOS.obj (.text:ti_sysbios_timers_rti_Timer_Module_startup__E)
                  000102a4    00000220     objectdetection.oer4f (.text:DPC_ObjectDetection_init)
                  000104c4    0000021c     libaoaproc_hwa_xwr68xx.aer4f : aoaprochwa.oer4f (.text:AoAProcHWA_XYZestimation)
                  000106e0    00000214     libuart_xwr68xx.aer4f : uartsci.oer4f (.text:UartSci_open)
                  000108f4    0000020a     libcbuff_xwr68xx.aer4f : cbuff_transfer.oer4f (.text:CBUFF_addLinkedList)
                  00010afe    00000002     libqspiflash_xwr68xx.aer4f : qspiflash.oer4f (.text:QSPIFlash_init)
                  00010b00    00000204     libcli_xwr68xx.aer4f : cli_mmwave.oer4f (.text:CLI_MMWaveChirpCfg)
                  00010d04    0000000c     libedma_xwr68xx.aer4f : edma_low_level.oer4f (.text:EDMA3ChannelToParamMap)
                  00010d10    00000204     sysbios.aer4ft : BIOS.obj (.text:ti_sysbios_knl_Task_sleep__E)
                  00010f14    00000200     libcrc_xwr68xx.aer4f : crc.oer4f (.text:CRC_open)
                  00011114    0000000c     libedma_xwr68xx.aer4f : edma_low_level.oer4f (.text:EDMAsetRegion)
                  00011120    00000200     sysbios.aer4ft : BIOS.obj (.text:ti_sysbios_knl_Task_Instance_init__E)
                  00011320    000001fa     libaoaproc_hwa_xwr68xx.aer4f : aoaprochwa.oer4f (.text:HWAutil_configHWA_azimuthHeatMap)
                  0001151a    00000002     libqspi_xwr68xx.aer4f : qspi.oer4f (.text:QSPI_init)
                  0001151c    000001f0     libdma_xwr68xx.aer4f : dma.oer4f (.text:DMA_setChannelParams)
                  0001170c    000001e4     rtsv7R4_T_le_v3D16_eabi.lib : strtod.obj (.text)
                  000118f0    000001e4                                 : strtoll.obj (.text)
                  00011ad4    000001e0     main.oer4f (.text:MmwDemo_calibRestore)
                  00011cb4    000001dc     libaoaproc_hwa_xwr68xx.aer4f : aoaprochwa.oer4f (.text:DPU_AoAProcHWA_config)
                  00011e90    000001d4     libcbuff_xwr68xx.aer4f : cbuff_edma.oer4f (.text:CBUFF_configEDMA)
                  00012064    000001d4     main.oer4f (.text:idle_power_down)
                  00012238    000001cc     objectdetection.oer4f (.text:DPC_ObjDet_quadFit)
                  00012404    0000000c     libmmwave_xwr68xx.aer4f : mmwave_dualcore.oer4f (.text:MMWave_deviceMailboxCallbackFxn)
                  00012410    000001cc     sysbios.aer4ft : BIOS.obj (.text:ti_sysbios_family_arm_v7r_vim_Hwi_dispatchIRQC__I)
                  000125dc    000001c8     libcbuff_xwr68xx.aer4f : cbuff_lvds.oer4f (.text:CBUFF_initLVDS)
                  000127a4    000001c8     libmmwavelink_xwr68xx.aer4f : rl_driver.oer4f (.text:rlDriverRxHdrRead)
                  0001296c    000001c8     rtsv7R4_T_le_v3D16_eabi.lib : fopen.obj (.text)
                  00012b34    000001c0     libedma_xwr68xx.aer4f : edma.oer4f (.text:EDMA_open)
                  00012cf4    000001b4     objectdetection.oer4f (.text:DPC_ObjDet_dopplerConfig)
                  00012ea8    000001b4     mmw_cli.oer4f (.text:MmwDemo_CLIConfigDataPort)
                  0001305c    000001b4     rtsv7R4_T_le_v3D16_eabi.lib : e_atan2.obj (.text)
                  00013210    000001b0     libmmwavelink_xwr68xx.aer4f : rl_driver.oer4f (.text:rlDriverMsgRead)
                  000133c0    000001a8     rtsv7R4_T_le_v3D16_eabi.lib : s_atan.obj (.text)
                  00013568    000001a4     libcbuff_xwr68xx.aer4f : cbuff.oer4f (.text:CBUFF_activateSession)
                  0001370c    000001a4     libcli_xwr68xx.aer4f : cli_mmwave.oer4f (.text:CLI_MMWaveSubFrameCfg)
                  000138b0    000001a4     libmmwave_xwr68xx.aer4f : mmwave_dualcore.oer4f (.text:MMWave_serializeCfg)
                  00013a54    0000000c                             : mmwave_osal.oer4f (.text:MMWave_osalMutexUnlock)
                  00013a60    0000019c     sysbios.aer4ft : BIOS.obj (.text:xdc_runtime_Error_policyDefault__E)
                  00013bfc    00000198     mmw_lvds_stream.oer4f (.text:MmwDemo_LVDSStreamSwConfig)
                  00013d94    00000194     libmmwave_xwr68xx.aer4f : mmwave_link.oer4f (.text:MMWave_openLink)
                  00013f28    00000190     libmmwavelink_xwr68xx.aer4f : rl_driver.oer4f (.text:rlDriverCmdInvoke)
                  000140b8    0000018c     libstaticclutterproc_xwr68xx.aer4f : staticclutterproc.oer4f (.text:DPU_StaticClutterProc_process)
                  00014244    0000018c     libaoaproc_hwa_xwr68xx.aer4f : aoaprochwa.oer4f (.text:aoaHwa_dopplerCompensation)
                  000143d0    00000188     libcfarcaproc_hwa_xwr68xx.aer4f : cfarcaprochwa.oer4f (.text:DPU_CFARCAProcHWA_process)
                  00014558    00000188     libedma_xwr68xx.aer4f : edma.oer4f (.text:EDMA_configChannel)
                  000146e0    00000188     libhwa_xwr68xx.aer4f : hwa.oer4f (.text:HWA_open)
                  00014868    00000008     libdopplerproc_hwa_xwr68xx.aer4f : dopplerprochwa.oer4f (.text:DPU_DopplerProcHWA_hwaDoneIsrCallback)
                  00014870    00000184     sysbios.aer4ft : BIOS.obj (.text:xdc_runtime_LoggerBuf_write8__E)
                  000149f4    00000182     libaoaproc_hwa_xwr68xx.aer4f : aoaprochwa.oer4f (.text:AoAProcHWA_angleEstimationAzimElev)
                  00014b76    00000002     libuart_xwr68xx.aer4f : uartsci.oer4f (.text:UartSci_init)
                  00014b78    00000182     mmw_cli.oer4f (.text:MmwDemo_CLICalibDcRangeSig)
                  00014cfa    00000002     rtsv7R4_T_le_v3D16_eabi.lib : i_div0.obj (.text)
                  00014cfc    00000180     libdpm_xwr68xx.aer4f : dpm_core.oer4f (.text:DPM_init)
                  00014e7c    00000180                          : dpm_msg.oer4f (.text:DPM_msgRecv)
                  00014ffc    00000180     mmw_lvds_stream.oer4f (.text:MmwDemo_LVDSStreamInit)
                  0001517c    00000174     data_path.oer4f (.text:MmwDemo_edmaOpen)
                  000152f0    00000170     libgpio_xwr68xx.aer4f : gpio.oer4f (.text:GPIO_setConfig)
                  00015460    0000016c     sysbios.aer4ft : BIOS.obj (.text:ti_sysbios_knl_Semaphore_post__E)
                  000155cc    0000016a     libaoaproc_hwa_xwr68xx.aer4f : aoaprochwa.oer4f (.text:AoAProcHWA_config_azimuthHeatMap_EDMA)
                  00015736    0000000a     libadcbuf_xwr68xx.aer4f : ADCBuf.oer4f (.text:ADCBuf_control)
                  00015740    00000168     sysbios.aer4ft : BIOS.obj (.text:ti_sysbios_family_arm_exc_Exception_excHandler__I)
                  000158a8    00000164     rtsv7R4_T_le_v3D16_eabi.lib : strtoull.obj (.text)
                  00015a0c    00000160     libqspi_xwr68xx.aer4f : qspi.oer4f (.text:QSPI_open)
                  00015b6c    00000004     libosal_xwr68xx.aer4f : HwiP_tirtos.oer4f (.text:HwiP_disableInterrupt)
                  00015b70    00000160     sysbios.aer4ft : BIOS.obj (.text:ti_sysbios_family_arm_v7r_vim_Hwi_reconfig__E)
                  00015cd0    00000158     objectdetection.oer4f (.text:DPC_ObjDet_CFARCAconfig)
                  00015e28    00000008     libosal_xwr68xx.aer4f : HwiP_tirtos.oer4f (.text:HwiP_disable)
                  00015e30    00000158     sysbios.aer4ft : BIOS.obj (.text:ti_sysbios_knl_Task_postInit__I)
                  00015f88    0000014c     libcli_xwr68xx.aer4f : cli_mmwave.oer4f (.text:CLI_MMWaveFrameCfg)
                  000160d4    0000014c                          : cli.oer4f (.text:CLI_task)
                  00016220    0000014c     libmmwave_xwr68xx.aer4f : mmwave_link.oer4f (.text:MMWave_initMMWaveLink)
                  0001636c    0000014c     mmw_lvds_stream.oer4f (.text:MmwDemo_LVDSStreamDeleteHwSession)
                  000164b8    0000014a     libuart_xwr68xx.aer4f : uartsci.oer4f (.text:UartSci_ISR)
                  00016602    00000148     libstaticclutterproc_xwr68xx.aer4f : staticclutterproc.oer4f (.text:DPU_StaticClutterProc_configEdma)
                  0001674a    00000002     mmw_per4ft.oer4ft (.text:ti_sysbios_BIOS_nullFunc__I)
                  0001674c    00000148     libhsiheader_xwr68xx.aer4f : hsiheader.oer4f (.text:HSIHeader_init)
                  00016894    00000148     libmmwavelink_xwr68xx.aer4f : rl_driver.oer4f (.text:rlDriverCmdSendRetry)
                  000169dc    00000144     mmw_cli.oer4f (.text:MmwDemo_CLICompRangeBiasAndRxChanPhaseCfg)
                  00016b20    00000140     sysbios.aer4ft : BIOS.obj (.text:ti_sysbios_heaps_HeapMem_Instance_init__E)
                  00016c60    00000140                    : BIOS.obj (.text:xdc_runtime_Core_createObject__I)
                  00016da0    0000013c     mmw_lvds_stream.oer4f (.text:MmwDemo_LVDSStreamDeleteSwSession)
                  00016edc    00000004     libosal_xwr68xx.aer4f : HwiP_tirtos.oer4f (.text:HwiP_enableInterrupt)
                  00016ee0    0000013c     sysbios.aer4ft : BIOS.obj (.text:ti_sysbios_knl_Clock_workFunc__E)
                  0001701c    00000138     mmw_cli.oer4f (.text:MmwDemo_CLICfarCfg)
                  00017154    00000138     main.oer4f (.text:MmwDemo_calibInit)
                  0001728c    00000138     main.oer4f (.text:MmwDemo_startSensor)
                  000173c4    00000134     libadcbuf_xwr68xx.aer4f : adcbuf_mmwave.oer4f (.text:ADCBUF_MMWave_open)
                  000174f8    00000134     libcfarcaproc_hwa_xwr68xx.aer4f : cfarcaprochwa.oer4f (.text:CFARHWA_cfarRange_AND_cfarDoppler)
                  0001762c    00000134                                     : cfarcaprochwa.oer4f (.text:DPU_CFARCAProcHWA_config)
                  00017760    00000134     sysbios.aer4ft : BIOS.obj (.text:xdc_runtime_Startup_startMods__I)
                  00017894    00000130     mmw_cli.oer4f (.text:MmwDemo_CLILvdsStreamCfg)
                  000179c4    00000130     mmw_lvds_stream.oer4f (.text:MmwDemo_LVDSStream_EDMAInit)
                  00017af4    00000130     main.oer4f (.text:MmwDemo_transferLVDSUserData)
                  00017c24    00000130     rtsv7R4_T_le_v3D16_eabi.lib : strtol.obj (.text)
                  00017d54    0000012c     libcfarcaproc_hwa_xwr68xx.aer4f : cfarcaprochwa.oer4f (.text:HWAutil_configCFAR)
                  00017e80    0000012c     librangeproc_hwa_xwr68xx.aer4f : rangeprochwa.oer4f (.text:rangeProcHWA_ConfigEDMADummyThreeLinks)
                  00017fac    00000128     libaoaproc_hwa_xwr68xx.aer4f : aoaprochwa.oer4f (.text:AoAProcHWA_PrepareRangeAzimuthHeatmap)
                  000180d4    00000128     main.oer4f (.text:MmwDemo_stopSensor)
                  000181fc    00000128     libmathutils.aer4f : mathutils.oer4f (.text:mathUtils_genWindow)
                  00018324    0000000c     libmmwave_xwr68xx.aer4f : mmwave_osal.oer4f (.text:MMWave_osalSemSignal)
                  00018330    00000128     sysbios.aer4ft : BIOS.obj (.text:ti_sysbios_utils_Load_updateThreadContexts__E)
                  00018458    00000124     libcli_xwr68xx.aer4f : cli_mmwave.oer4f (.text:CLI_MMWaveAdvFrameCfg)
                  0001857c    00000124                          : cli_mmwave.oer4f (.text:CLI_MMWaveContModeCfg)
                  000186a0    00000124     libedma_xwr68xx.aer4f : edma.oer4f (.text:EDMA_init)
                  000187c4    0000000c     libuart_xwr68xx.aer4f : UART.oer4f (.text:UART_Params_init)
                  000187d0    00000120     sysbios.aer4ft : BIOS.obj (.text:xdc_runtime_LoggerBuf_write4__E)
                  000188f0    00000118     mmw_cli.oer4f (.text:MmwDemo_CLIADCBufCfg)
                  00018a08    00000118     mmw_cli.oer4f (.text:MmwDemo_CLIChirpQualityRxSatMonCfg)
                  00018b20    00000118     main.oer4f (.text:main)
                  00018c38    00000008     libmmwave_xwr68xx.aer4f : mmwave.oer4f (.text:MMWave_decodeErrorLevel)
                  00018c40    00000118     sysbios.aer4ft : BIOS.obj (.text:ti_sysbios_family_arm_v7r_vim_Hwi_Instance_init__E)
                  00018d58    00000114     libedma_xwr68xx.aer4f : edma.oer4f (.text:EDMA_configErrorMonitoring)
                  00018e6c    00000110                           : edma.oer4f (.text:EDMA_transferComplete_isr)
                  00018f7c    00000110     rtsv7R4_T_le_v3D16_eabi.lib : strtoul.obj (.text)
                  0001908c    0000010c     libdpedma_hwa_xwr68xx.aer4f : dpedma.oer4f (.text:DPEDMA_configSyncAB)
                  00019198    0000010c     libdpm_xwr68xx.aer4f : dpm_msg.oer4f (.text:DPM_msgResultHandler)
                  000192a4    0000010c     libmmwave_xwr68xx.aer4f : mmwave_link.oer4f (.text:MMWave_asyncEventHandler)
                  000193b0    0000010c                             : mmwave_dualcore.oer4f (.text:MMWave_deviceInitFxn)
                  000194bc    00000004                             : mmwave_link.oer4f (.text:MMWave_disableDevice)
                  000194c0    0000010c     sysbios.aer4ft : BIOS.obj (.text:ti_sysbios_knl_Task_schedule__I)
                  000195cc    00000004     libmmwave_xwr68xx.aer4f : mmwave_link.oer4f (.text:MMWave_enableDevice)
                  000195d0    0000010c     sysbios.aer4ft : BIOS.obj (.text:xdc_runtime_Core_constructObject__I)
                  000196dc    00000108     libdma_xwr68xx.aer4f : dma.oer4f (.text:DMA_disableInterrupt)
                  000197e4    00000108     libmailbox_xwr68xx.aer4f : mailbox.oer4f (.text:Mailbox_write)
                  000198ec    00000108     mmw_cli.oer4f (.text:MmwDemo_CLICalibDataSaveRestore)
                  000199f4    00000108     main.oer4f (.text:MmwDemo_MMWave_stop)
                  00019afc    00000104     libcbuff_xwr68xx.aer4f : cbuff.oer4f (.text:CBUFF_deinit)
                  00019c00    00000104     libdpedma_hwa_xwr68xx.aer4f : dpedma.oer4f (.text:DPEDMA_configSyncA_singleFrame)
                  00019d04    00000104     libmmwave_xwr68xx.aer4f : mmwave_link.oer4f (.text:MMWave_startLink)
                  00019e08    00000008                             : mmwave_link.oer4f (.text:MMWave_mboxCallbackFxn)
                  00019e10    00000104     sysbios.aer4ft : BIOS.obj (.text:ti_sysbios_timers_rti_Timer_getFreq__E)
                  00019f14    00000100     libcli_xwr68xx.aer4f : cli_mmwave.oer4f (.text:CLI_MMWaveBPMCfgAdvanced)
                  0001a014    00000100     libdma_xwr68xx.aer4f : dma.oer4f (.text:DMA_clearChannelInterruptFlag)
                  0001a114    00000100     libmmwavelink_xwr68xx.aer4f : rl_driver.oer4f (.text:rlDriverInit)
                  0001a214    000000fc     libcbuff_xwr68xx.aer4f : cbuff.oer4f (.text:CBUFF_deleteSession)
                  0001a310    000000fc     libcrc_xwr68xx.aer4f : crc.oer4f (.text:CRC_computeSignature)
                  0001a40c    000000fc     mmw_cli.oer4f (.text:MmmwDemo_CLIIdleModeCycle)
                  0001a508    000000fc     mmw_cli.oer4f (.text:MmmwDemo_CLIIdleModeDown)
                  0001a604    000000fc     mmwdemo_adcconfig.oer4f (.text:MmwDemo_ADCBufConfig)
                  0001a700    000000fc     mmw_cli.oer4f (.text:MmwDemo_CLIChirpQualitySigImgMonCfg)
                  0001a7fc    000000fc     main.oer4f (.text:MmwDemo_dataPathStart)
                  0001a8f8    00000008     libosal_xwr68xx.aer4f : MemoryP_tirtos.oer4f (.text:MemoryP_getStats)
                  0001a900    000000fc     sysbios.aer4ft : BIOS.obj (.text:ti_sysbios_knl_Task_exit__E)
                  0001a9fc    000000fa     main.oer4f (.text:MmwDemo_setSubFramePendingState)
                  0001aaf6    00000002     mmw_per4ft.oer4ft (.text:xdc_runtime_Startup_reset__I)
                  0001aaf8    000000f8     objectdetection.oer4f (.text:DPC_ObjDet_staticClutterConfig)
                  0001abf0    000000f8     libmmwavelink_xwr68xx.aer4f : rl_driver.oer4f (.text:rlDriverRdVerifyMsg)
                  0001ace8    000000f8     mmw_per4ft.oer4ft (.text:xdc_runtime_System_printfExtend__I)
                  0001ade0    000000f4     libaoaproc_hwa_xwr68xx.aer4f : aoaprochwa.oer4f (.text:DPU_AoAProcHWA_init)
                  0001aed4    000000f4     mmw_lvds_stream.oer4f (.text:MmwDemo_configLVDSHwData)
                  0001afc8    00000008     libosal_xwr68xx.aer4f : SemaphoreP_tirtos.oer4f (.text:SemaphoreP_Params_init)
                  0001afd0    000000f0     sysbios.aer4ft : BIOS.obj (.text:ti_sysbios_family_arm_v7r_vim_Hwi_Module_startup__E)
                  0001b0c0    000000f0                    : BIOS.obj (.text:ti_sysbios_knl_Task_startCore__E)
                  0001b1b0    000000f0                    : BIOS.obj (.text:ti_sysbios_utils_Load_taskCreateHook__E)
                  0001b2a0    000000ec     rtsv7R4_T_le_v3D16_eabi.lib : s_scalbn.obj (.text)
                  0001b38c    00000004     libmmwave_xwr68xx.aer4f : mmwave_listlib.oer4f (.text:MMWave_listGetHead)
                  0001b390    000000ec     sysbios.aer4ft : BIOS.obj (.text:ti_sysbios_heaps_HeapBuf_Module_startup__E)
                  0001b47c    000000ea     libdpedma_hwa_xwr68xx.aer4f : dpedmahwa.oer4f (.text:DPEDMAHWA_configTwoHotSignature)
                  0001b566    00000002     --HOLE-- [fill = 0]
                  0001b568    000000e8     libdopplerproc_hwa_xwr68xx.aer4f : dopplerprochwa.oer4f (.text:DPU_DopplerProcHWA_process)
                  0001b650    000000e8     main.oer4f (.text:MmwDemo_platformInit)
                  0001b738    000000e8     libmmwavelink_xwr68xx.aer4f : rl_sensor.oer4f (.text:rlRfCalibDataStore)
                  0001b820    000000e8                                 : rl_sensor.oer4f (.text:rlRfPhShiftCalibDataStore)
                  0001b908    000000e5     objectdetection.oer4f (.text:DPC_ObjectDetection_frameStart)
                  0001b9ed    00000003     --HOLE-- [fill = 0]
                  0001b9f0    000000e4     libmmwavelink_xwr68xx.aer4f : rl_sensor.oer4f (.text:rlRfPhShiftCalibDataRestore)
                  0001bad4    000000e2     libedma_xwr68xx.aer4f : edma.oer4f (.text:EDMA_paramConfig_assist)
                  0001bbb6    00000002     --HOLE-- [fill = 0]
                  0001bbb8    000000e0     libcli_xwr68xx.aer4f : cli.oer4f (.text:CLI_open)
                  0001bc98    000000e0     libdma_xwr68xx.aer4f : dma.oer4f (.text:DMA_enableInterrupt)
                  0001bd78    000000e0     libcfarcaproc_hwa_xwr68xx.aer4f : cfarcaprochwa.oer4f (.text:DPU_CFARCAProcHWA_control)
                  0001be58    000000e0     rtsv7R4_T_le_v3D16_eabi.lib : s_floor.obj (.text)
                  0001bf38    000000dc     libmmwave_xwr68xx.aer4f : mmwave.oer4f (.text:MMWave_init)
                  0001c014    000000dc     mmwdemo_rfparser.oer4f (.text:MmwDemo_RFParser_parseADCBufCfg)
                  0001c0f0    000000dc     libmmwavelink_xwr68xx.aer4f : rl_driver.oer4f (.text:rlDriverMsgCmdReply)
                  0001c1cc    000000dc     rtsv7R4_T_le_v3D16_eabi.lib : setvbuf.obj (.text)
                  0001c2a8    000000d8     main.oer4f (.text:MmwDemo_isAllCfgInNonPendingState)
                  0001c380    000000d4     libdopplerproc_hwa_xwr68xx.aer4f : dopplerprochwa.oer4f (.text:DPU_DopplerProcHWA_init)
                  0001c454    000000d4     libmailbox_xwr68xx.aer4f : mailbox.oer4f (.text:Mailbox_read)
                  0001c528    000000d4     main.oer4f (.text:MmwDemo_isAllCfgInPendingState)
                  0001c5fc    000000d4     librangeproc_hwa_xwr68xx.aer4f : rangeprochwa.oer4f (.text:rangeProcHWA_ConfigEDMA_DataIn)
                  0001c6d0    000000d4     libmmwavelink_xwr68xx.aer4f : rl_sensor.oer4f (.text:rlSetMultiBpmChirpConfig)
                  0001c7a4    0000000c     libuart_xwr68xx.aer4f : uartsci_dma.oer4f (.text:UartSci_isDMAEnabled)
                  0001c7b0    000000d4     sysbios.aer4ft : BIOS.obj (.text:ti_sysbios_utils_Load_logLoads__I)
                  0001c884    000000d0     librangeproc_hwa_xwr68xx.aer4f : rangeprochwa.oer4f (.text:DPU_RangeProcHWA_control)
                  0001c954    000000d0     libsoc_xwr68xx.aer4f : soc_xwr68xx_mss.oer4f (.text:SOC_controlSecureFirewall)
                  0001ca24    000000d0     sysbios.aer4ft : exc_Exception_asm.obj (.text:ti_sysbios_family_arm_exc_Exception_excHandlerAsm__I)
                  0001caf4    0000000c                    : arm_IntrinsicsSupport_asm.obj (.text:_ti_sysbios_family_arm_IntrinsicsSupport_maxbitA)
                  0001cb00    000000d0                    : BIOS.obj (.text:ti_sysbios_utils_Load_idleFxn__E)
                  0001cbd0    000000d0                    : BIOS.obj (.text:xdc_runtime_LoggerBuf_Instance_init__E)
                  0001cca0    000000cc     libhwa_xwr68xx.aer4f : hwa.oer4f (.text:HWA_enableParamSetInterrupt)
                  0001cd6c    000000cc     mmw_cli.oer4f (.text:MmwDemo_CLIAnalogMonitorCfg)
                  0001ce38    000000cc     main.oer4f (.text:MmwDemo_measurementResultOutput)
                  0001cf04    000000cc     libmmwavelink_xwr68xx.aer4f : rl_sensor.oer4f (.text:rlRfCalibDataRestore)
                  0001cfd0    000000cc                                 : rl_sensor.oer4f (.text:rlSetChirpConfig)
                  0001d09c    000000cc     rtsv7R4_T_le_v3D16_eabi.lib : fflush.obj (.text)
                  0001d168    000000cc                                 : sscanf.obj (.text)
                  0001d234    0000000c                                 : copy_zero_init.obj (.text:decompress:ZI)
                  0001d240    000000cc     sysbios.aer4ft : BIOS.obj (.text:ti_sysbios_knl_Task_checkStacks__E)
                  0001d30c    000000ca     libdpedma_hwa_xwr68xx.aer4f : dpedmahwa.oer4f (.text:DPEDMAHWA_configOneHotSignature)
                  0001d3d6    00000002     --HOLE-- [fill = 0]
                  0001d3d8    000000c8     libmmwave_xwr68xx.aer4f : mmwave_fullcfg.oer4f (.text:MMWave_addChirp)
                  0001d4a0    000000c8                             : mmwave_link.oer4f (.text:MMWave_configBPM)
                  0001d568    000000c8                             : mmwave_fullcfg.oer4f (.text:MMWave_flushCfg)
                  0001d630    000000c8                             : mmwave_fullcfg.oer4f (.text:MMWave_getChirpHandle)
                  0001d6f8    000000c8     libsoc_xwr68xx.aer4f : soc_xwr68xx.oer4f (.text:SOC_ungateClock)
                  0001d7c0    000000c8     libmmwavelink_xwr68xx.aer4f : rl_sensor.oer4f (.text:rlSetFrameConfig)
                  0001d888    000000c4     libcbuff_xwr68xx.aer4f : cbuff_transfer.oer4f (.text:CBUFF_setupNonInterleaved_CP_ADC_CQ)
                  0001d94c    000000c4     libdpm_xwr68xx.aer4f : dpm_core.oer4f (.text:DPM_deinit)
                  0001da10    000000c4                          : dpm_core.oer4f (.text:DPM_ioctl)
                  0001dad4    0000000c     libmmwavelink_xwr68xx.aer4f : rl_driver.oer4f (.text:rlDriverGetPlatformId)
                  0001dae0    000000c4     sysbios.aer4ft : BIOS.obj (.text:ti_sysbios_family_arm_v7a_Pmu_configureCounter__E)
                  0001dba4    000000c0     librangeproc_hwa_xwr68xx.aer4f : rangeprochwa.oer4f (.text:DPU_RangeProcHWA_init)
                  0001dc64    000000c0     mmw_lvds_stream.oer4f (.text:MmwDemo_LVDSStream_EDMAAllocateCBUFFSwChannel)
                  0001dd24    000000c0     libmmwavelink_xwr68xx.aer4f : rl_driver.oer4f (.text:rlDriverMsgWrite)
                  0001dde4    0000000c     sysbios.aer4ft : BIOS.obj (.text:ti_sysbios_family_arm_v7a_Pmu_configureCounterI__I)
                  0001ddf0    000000c0                    : BIOS.obj (.text:ti_sysbios_timers_rti_Timer_startup__E)
                  0001deb0    000000be     objectdetection.oer4f (.text:DPC_ObjDet_GetRxChPhaseComp)
                  0001df6e    00000002     --HOLE-- [fill = 0]
                  0001df70    000000bc     libcli_xwr68xx.aer4f : cli.oer4f (.text:CLI_help)
                  0001e02c    000000bc     objectdetection.oer4f (.text:DPC_ObjectDetection_start)
                  0001e0e8    000000bc     libgpio_xwr68xx.aer4f : gpio.oer4f (.text:GPIO_write)
                  0001e1a4    000000bc     libmmwave_xwr68xx.aer4f : mmwave_link.oer4f (.text:MMWave_computeCRC)
                  0001e260    000000bc     rtsv7R4_T_le_v3D16_eabi.lib : open.obj (.text)
                  0001e31c    000000bb     data_path.oer4f (.text:MmwDemo_edmaInit)
                  0001e3d7    00000001     --HOLE-- [fill = 0]
                  0001e3d8    000000b8     libcbuff_xwr68xx.aer4f : cbuff.oer4f (.text:CBUFF_ISR)
                  0001e490    000000b8                            : cbuff_transfer.oer4f (.text:CBUFF_setupTransfer)
                  0001e548    000000b8     libdma_xwr68xx.aer4f : dma.oer4f (.text:DMA_getChannelInterruptFlag)
                  0001e600    000000b8     objectdetection.oer4f (.text:DPC_ObjDet_reconfigSubFrame)
                  0001e6b8    000000b8     rtsv7R4_T_le_v3D16_eabi.lib : k_cos.obj (.text)
                  0001e770    000000b6     libsoc_xwr68xx.aer4f : soc_mpu.o (.text)
                  0001e826    00000002     --HOLE-- [fill = 0]
                  0001e828    000000b4     libedma_xwr68xx.aer4f : edma.oer4f (.text:EDMA_startTransfer)
                  0001e8dc    000000b4     mmw_lvds_stream.oer4f (.text:MmwDemo_LVDSStream_EDMAAllocateCBUFFHwChannel)
                  0001e990    000000b4     sysbios.aer4ft : BIOS.obj (.text:ti_sysbios_gates_GateMutex_enter__E)
                  0001ea44    0000000c                    : BIOS.obj (.text:ti_sysbios_family_arm_v7a_Pmu_getCountI__E)
                  0001ea50    000000b4                    : BIOS.obj (.text:xdc_runtime_LoggerBuf_setFilterLevel__E)
                  0001eb04    000000b2     libuart_xwr68xx.aer4f : uartsci_dma.oer4f (.text:UartSci_openDMA)
                  0001ebb6    00000002     --HOLE-- [fill = 0]
                  0001ebb8    000000b0     libcbuff_xwr68xx.aer4f : cbuff.oer4f (.text:CBUFF_deactivateSession)
                  0001ec68    000000b0     libmmwave_xwr68xx.aer4f : mmwave_fullcfg.oer4f (.text:MMWave_addProfile)
                  0001ed18    000000b0     libmmwavelink_xwr68xx.aer4f : rl_sensor.oer4f (.text:rlSetProfileConfig)
                  0001edc8    00000008     librangeproc_hwa_xwr68xx.aer4f : rangeprochwa.oer4f (.text:rangeProcHWADoneIsrCallback)
                  0001edd0    000000b0     sysbios.aer4ft : BIOS.obj (.text:ti_sysbios_utils_Load_updateLoads__E)
                  0001ee80    000000b0                    : BIOS.obj (.text:xdc_runtime_Text_putMod__E)
                  0001ef30    000000ae     rtsv7R4_T_le_v3D16_eabi.lib : _io_perm.obj (.text)
                  0001efde    00000002     --HOLE-- [fill = 0]
                  0001efe0    000000ac     libaoaproc_hwa_xwr68xx.aer4f : aoaprochwa.oer4f (.text:AoAProcHWA_ConvertFov)
                  0001f08c    000000ac                                  : aoaprochwa.oer4f (.text:AoAProcHWA_rxChanPhaseBiasCompensation)
                  0001f138    000000ac     libesm_xwr68xx.aer4f : esm.oer4f (.text:ESM_processInterrupt)
                  0001f1e4    0000000c     mmw_per4ft.oer4ft (.text:ti_sysbios_knl_Queue_Object__get__S)
                  0001f1f0    000000ac     sysbios.aer4ft : BIOS.obj (.text:ti_sysbios_knl_Task_Module_startup__E)
                  0001f29c    00000004     libmmwave_xwr68xx.aer4f : mmwave_listlib.oer4f (.text:MMWave_listGetNext)
                  0001f2a0    000000ac     sysbios.aer4ft : BIOS.obj (.text:ti_sysbios_utils_Load_startup__E)
                  0001f34c    000000a8     libadcbuf_xwr68xx.aer4f : adcbuf_mmwave.oer4f (.text:ADCBUF_MMWave_getChanBufAddr)
                  0001f3f4    000000a8     libcli_xwr68xx.aer4f : cli_mmwave.oer4f (.text:CLI_MMWaveExtensionHelp)
                  0001f49c    000000a8     libedma_xwr68xx.aer4f : edma_low_level.oer4f (.text:EDMA3Init)
                  0001f544    000000a8     libmmwave_xwr68xx.aer4f : mmwave_link.oer4f (.text:MMWave_configureProfileChirp)
                  0001f5ec    000000a8                             : mmwave_fullcfg.oer4f (.text:MMWave_getBpmChirpHandle)
                  0001f694    000000a8     libpinmux_xwr68xx.aer4f : pinmux.oer4f (.text:Pinmux_Set_OverrideCtrl)
                  0001f73c    000000a8     libsoc_xwr68xx.aer4f : soc.oer4f (.text:SOC_deregisterSysIntListener)
                  0001f7e4    000000a8     libmmwavelink_xwr68xx.aer4f : rl_driver.oer4f (.text:rlDriverWaitForResponse)
                  0001f88c    000000a8                                 : rl_sensor.oer4f (.text:rlSetAdvFrameConfig)
                  0001f934    000000a4     libdma_xwr68xx.aer4f : dma.oer4f (.text:DMA_assignChannel)
                  0001f9d8    000000a4     libesm_xwr68xx.aer4f : esm.oer4f (.text:ESM_init)
                  0001fa7c    000000a4     libmmwave_xwr68xx.aer4f : mmwave_fullcfg.oer4f (.text:MMWave_addBpmChirp)
                  0001fb20    000000a4                             : mmwave.oer4f (.text:MMWave_start)
                  0001fbc4    000000a4     libqspiflash_xwr68xx.aer4f : qspiflash.oer4f (.text:QSPIFlash_mmapWrite)
                  0001fc68    000000a4     libsoc_xwr68xx.aer4f : soc_xwr68xx_mss.oer4f (.text:SOC_unhaltDSS)
                  0001fd0c    000000a4     rtsv7R4_T_le_v3D16_eabi.lib : k_sin.obj (.text)
                  0001fdb0    000000a2     sysbios.aer4ft : BIOS.obj (.text:xdc_runtime_Text_putSite__E)
                  0001fe52    00000002     --HOLE-- [fill = 0]
                  0001fe54    000000a0     mmw_cli.oer4f (.text:MmwDemo_CLIMeasureRangeBiasAndRxChanPhaseCfg)
                  0001fef4    000000a0     main.oer4f (.text:MmwDemo_CfgUpdate)
                  0001ff94    000000a0     libqspiflash_xwr68xx.aer4f : qspiflash.oer4f (.text:QSPIFlash_configMmapRead)
                  00020034    000000a0                                : qspiflash_device_macronix.oer4f (.text:QSPIFlash_macronix_progQuadRead)
                  000200d4    000000a0     libsoc_xwr68xx.aer4f : soc.oer4f (.text:SOC_registerSysIntListener)
                  00020174    000000a0     auto_init.aer4ft : auto_init.oer4ft (.text)
                  00020214    0000000a     libadcbuf_xwr68xx.aer4f : ADCBuf.oer4f (.text:ADCBuf_getChanBufAddr)
                  0002021e    00000002     --HOLE-- [fill = 0]
                  00020220    000000a0     sysbios.aer4ft : BIOS.obj (.text:ti_sysbios_knl_Task_blockI__E)
                  000202c0    0000009f     mmw_cli.oer4f (.text:MmwDemo_CLIGetSubframe)
                  0002035f    00000001     --HOLE-- [fill = 0]
                  00020360    0000009c     objectdetection.oer4f (.text:DPC_ObjectDetection_deinit)
                  000203fc    0000009c     libmmwave_xwr68xx.aer4f : mmwave_link.oer4f (.text:MMWave_configLink)
                  00020498    0000009c                             : mmwave_fullcfg.oer4f (.text:MMWave_getProfileHandle)
                  00020534    0000009c     libqspiflash_xwr68xx.aer4f : qspiflash_device_spansion.oer4f (.text:QSPIFlash_spansion_progQuadRead)
                  000205d0    0000009c     libuart_xwr68xx.aer4f : uartsci.oer4f (.text:UartSci_write)
                  0002066c    0000009c     rtsv7R4_T_le_v3D16_eabi.lib : memcpy_t2.obj (.text)
                  00020708    00000008     libmmwavelink_xwr68xx.aer4f : rl_driver.oer4f (.text:rlDriverConstructOutMsg)
                  00020710    0000009c     sysbios.aer4ft : BIOS.obj (.text:ti_sysbios_family_arm_v7r_vim_Hwi_initIntController__I)
                  000207ac    00000004     libmmwave_xwr68xx.aer4f : mmwave_link.oer4f (.text:MMWave_mboxClose)
                  000207b0    0000009c     sysbios.aer4ft : BIOS.obj (.text:ti_sysbios_family_arm_v7r_vim_Hwi_mapChannel__I)
                  0002084c    00000004     libmmwave_xwr68xx.aer4f : mmwave_link.oer4f (.text:MMWave_mboxRead)
                  00020850    0000009c     sysbios.aer4ft : BIOS.obj (.text:ti_sysbios_knl_Semaphore_Instance_init__E)
                  000208ec    0000009a     libdpm_xwr68xx.aer4f : dpm_msg.oer4f (.text:DPM_msgResponseHandler)
                  00020986    00000002     --HOLE-- [fill = 0]
                  00020988    00000098     libaoaproc_hwa_xwr68xx.aer4f : aoaprochwa.oer4f (.text:DPU_AoAProcHWA_control)
                  00020a20    00000098     libmmwave_xwr68xx.aer4f : mmwave_fullcfg.oer4f (.text:MMWave_getChirpCfg)
                  00020ab8    00000098     rtsv7R4_T_le_v3D16_eabi.lib : fclose.obj (.text)
                  00020b50    00000098                                 : fputc.obj (.text)
                  00020be8    00000098     sysbios.aer4ft : vim_Hwi_asm_switch.obj (.text)
                  00020c80    00000098                    : BIOS.obj (.text:ti_sysbios_utils_Load_taskDeleteHook__E)
                  00020d18    00000096     libedma_xwr68xx.aer4f : edma.oer4f (.text:EDMA_getErrorStatusInfo)
                  00020dae    00000096     libhwa_xwr68xx.aer4f : hwa.oer4f (.text:HWA_configRam)
                  00020e44    00000096     libuart_xwr68xx.aer4f : uartsci.oer4f (.text:UartSci_readChar)
                  00020eda    00000094     libcbuff_xwr68xx.aer4f : cbuff_transfer.oer4f (.text:CBUFF_setupNonInterleaved_ADC)
                  00020f6e    00000002     --HOLE-- [fill = 0]
                  00020f70    00000094     mmw_lvds_stream.oer4f (.text:MmwDemo_LVDSStream_EDMAFreeCBUFFSwChannel)
                  00021004    00000094     mmw_lvds_stream.oer4f (.text:MmwDemo_LVDSStream_SwTriggerFrameDone)
                  00021098    00000094     main.oer4f (.text:MmwDemo_convertCfarToLinear)
                  0002112c    00000094     libsoc_xwr68xx.aer4f : soc_xwr68xx.oer4f (.text:SOC_gateClock)
                  000211c0    00000094     libmmwavelink_xwr68xx.aer4f : rl_driver.oer4f (.text:rlDriverDeInit)
                  00021254    00000094                                 : rl_driver.oer4f (.text:rlDriverMsgReadCmdCtx)
                  000212e8    00000094                                 : rl_driver.oer4f (.text:rlDriverProcRdMsg)
                  0002137c    00000094     sysbios.aer4ft : vim_Hwi_asm.obj (.text:ti_sysbios_family_arm_v7r_vim_Hwi_dispatchIRQ__I)
                  00021410    00000090     libgpio_xwr68xx.aer4f : gpio.oer4f (.text:GPIO_init)
                  000214a0    00000090     libmailbox_xwr68xx.aer4f : mailbox.oer4f (.text:Mailbox_close)
                  00021530    00000090     mmw_lvds_stream.oer4f (.text:MmwDemo_LVDSStream_EDMAFreeCBUFFHwChannel)
                  000215c0    00000090     main.oer4f (.text:MmwDemo_calibSave)
                  00021650    00000090     libuart_xwr68xx.aer4f : uartsci_dma.oer4f (.text:UartSci_initiateTxDMA)
                  000216e0    00000090                           : uartsci.oer4f (.text:UartSci_read)
                  00021770    00000090     sysbios.aer4ft : BIOS.obj (.text:ti_sysbios_family_arm_v7a_Pmu_startCounter__E)
                  00021800    00000090                    : BIOS.obj (.text:ti_sysbios_knl_Task_unblockI__E)
                  00021890    00000090                    : BIOS.obj (.text:xdc_runtime_LoggerBuf_getFilterLevel__E)
                  00021920    0000008e     libaoaproc_hwa_xwr68xx.aer4f : aoaprochwa.oer4f (.text:AoAProcHWA_cfgAndTrigger_EDMA_2DFFT)
                  000219ae    0000008e     mmw_cli.oer4f (.text:MmwDemo_CLIAoAFovCfg)
                  00021a3c    0000008c     libcli_xwr68xx.aer4f : cli_mmwave.oer4f (.text:CLI_MMWaveDataOutputMode)
                  00021ac8    0000008c     objectdetection.oer4f (.text:DPC_ObjDet_GetAntGeometryDef)
                  00021b54    0000008c     libsoc_xwr68xx.aer4f : soc.oer4f (.text:SOC_init)
                  00021be0    0000008c                          : soc_xwr68xx.oer4f (.text:SOC_translateAddress)
                  00021c6c    0000008c     libuart_xwr68xx.aer4f : uartsci_dma.oer4f (.text:UartSci_initiateRxDMA)
                  00021cf8    0000008c     libmmwavelink_xwr68xx.aer4f : rl_device.oer4f (.text:rlDevicePowerOn)
                  00021d84    0000008c                                 : rl_driver.oer4f (.text:rlDriverMsgReadSpawnCtx)
                  00021e10    0000008c     sysbios.aer4ft : BIOS.obj (.text:ti_sysbios_family_arm_v7a_Pmu_getCount__E)
                  00021e9c    00000004     libmmwave_xwr68xx.aer4f : mmwave_link.oer4f (.text:MMWave_registerInterruptHandler)
                  00021ea0    0000008c     sysbios.aer4ft : BIOS.obj (.text:ti_sysbios_family_arm_v7r_vim_Hwi_Instance_finalize__E)
                  00021f2c    00000004     libmmwave_xwr68xx.aer4f : mmwave_link.oer4f (.text:MMWave_unmaskHostIRQ)
                  00021f30    0000008c     sysbios.aer4ft : BIOS.obj (.text:xdc_runtime_Memory_alloc__E)
                  00021fbc    00000088     libhwa_xwr68xx.aer4f : hwa.oer4f (.text:HWA_disableParamSetInterrupt)
                  00022044    00000088     libmmwave_xwr68xx.aer4f : mmwave_fullcfg.oer4f (.text:MMWave_getProfileCfg)
                  000220cc    00000088     mmwdemo_flash.oer4f (.text:mmwDemo_flashInit)
                  00022154    00000088     rtsv7R4_T_le_v3D16_eabi.lib : vsnprintf.obj (.text)
                  000221dc    00000086     libcbuff_xwr68xx.aer4f : cbuff_edma.oer4f (.text:CBUFF_closeEDMA)
                  00022262    00000086     mmw_cli.oer4f (.text:MmwDemo_CLIGuiMonSel)
                  000222e8    00000084     libcfarcaproc_hwa_xwr68xx.aer4f : cfarcaprochwa.oer4f (.text:DPU_CFARCAProcHWA_init)
                  0002236c    00000084     libmmwave_xwr68xx.aer4f : mmwave_dualcore.oer4f (.text:MMWave_deviceCfgAsyncEvent)
                  000223f0    00000084                             : mmwave_dualcore.oer4f (.text:MMWave_deviceEventFxn)
                  00022474    00000084                             : mmwave_fullcfg.oer4f (.text:MMWave_getNumBpmChirp)
                  000224f8    00000084                             : mmwave.oer4f (.text:MMWave_open)
                  0002257c    00000084     main.oer4f (.text:MmwDemo_configSensor)
                  00022600    00000082     libhwa_xwr68xx.aer4f : hwa.oer4f (.text:HWA_paramDoneISR)
                  00022682    00000002     --HOLE-- [fill = 0]
                  00022684    00000081     libcbuff_xwr68xx.aer4f : cbuff_edma.oer4f (.text:CBUFF_setupEDMAShadowLink)
                  00022705    00000003     --HOLE-- [fill = 0]
                  00022708    00000080     libcli_xwr68xx.aer4f : cli_mmwave.oer4f (.text:CLI_MMWaveChannelCfg)
                  00022788    00000080     libdpm_xwr68xx.aer4f : dpm_mailbox.oer4f (.text:DPM_mboxRemoteMailboxCallbackFxn)
                  00022808    00000080     libmmwave_xwr68xx.aer4f : mmwave_fullcfg.oer4f (.text:MMWave_getBpmChirpCfg)
                  00022888    00000080     libsoc_xwr68xx.aer4f : soc.oer4f (.text:SOC_getDeviceRFFreqScaleFactor)
                  00022908    00000080     libuart_xwr68xx.aer4f : uartsci.oer4f (.text:UartSci_writePolling)
                  00022988    00000080     libmmwavelink_xwr68xx.aer4f : rl_driver.oer4f (.text:rlDriverExecuteGetApi)
                  00022a08    00000008                                 : rl_driver.oer4f (.text:rlDriverGetHandle)
                  00022a10    00000080     sysbios.aer4ft : BIOS.obj (.text:ti_sysbios_timers_rti_Timer_initDevice__I)
                  00022a90    0000007e     libosal_xwr68xx.aer4f : HwiP_tirtos.oer4f (.text:HwiP_create)
                  00022b0e    00000002     --HOLE-- [fill = 0]
                  00022b10    0000007e     main.oer4f (.text:MmwDemo_dataPathStop)
                  00022b8e    00000002     --HOLE-- [fill = 0]
                  00022b90    0000007d     libcbuff_xwr68xx.aer4f : cbuff_lvds.oer4f (.text:CBUFF_initLVDSLinkListParams)
                  00022c0d    00000003     --HOLE-- [fill = 0]
                  00022c10    0000007c     libdpm_xwr68xx.aer4f : dpm_pipe.oer4f (.text:DPM_pipeSend)
                  00022c8c    0000007c     libedma_xwr68xx.aer4f : edma.oer4f (.text:EDMA_clearErrors)
                  00022d08    0000007c     libmmwave_xwr68xx.aer4f : mmwave_dualcore.oer4f (.text:MMWave_deviceOpenFxn)
                  00022d84    0000007c     libmailbox_xwr68xx.aer4f : mailbox.oer4f (.text:Mailbox_init)
                  00022e00    0000007c     mmw_cli.oer4f (.text:MmwDemo_CLICfarFovCfg)
                  00022e7c    0000007c     libuart_xwr68xx.aer4f : uartsci.oer4f (.text:UartSci_readPolling)
                  00022ef8    0000007c     sysbios.aer4ft : arm_TaskSupport_asm.obj (.text:_ti_sysbios_family_arm_TaskSupport_buildTaskStack)
                  00022f74    0000000a     libcbuff_xwr68xx.aer4f : cbuff_lvds.oer4f (.text:CBUFF_deinitLVDS)
                  00022f7e    00000002     --HOLE-- [fill = 0]
                  00022f80    0000007c     sysbios.aer4ft : BIOS.obj (.text:xdc_runtime_Core_deleteObject__I)
                  00022ffc    0000007b     data_path.oer4f (.text:MmwDemo_hwaOpen)
                  00023077    00000001     --HOLE-- [fill = 0]
                  00023078    0000007a     rtsv7R4_T_le_v3D16_eabi.lib : memset_t2.obj (.text)
                  000230f2    00000002     --HOLE-- [fill = 0]
                  000230f4    00000078     libadcbuf_xwr68xx.aer4f : adcbuf_mmwave.oer4f (.text:ADCBUF_MMWave_getCQBufAddr)
                  0002316c    00000078     libcbuff_xwr68xx.aer4f : cbuff_transfer.oer4f (.text:CBUFF_configUserBufferEDMA)
                  000231e4    00000078                            : cbuff.oer4f (.text:CBUFF_setVC)
                  0002325c    00000078     libcli_xwr68xx.aer4f : cli_mmwave.oer4f (.text:CLI_MMWaveADCCfg)
                  000232d4    00000078     libedma_xwr68xx.aer4f : edma.oer4f (.text:EDMA_configParamSet)
                  0002334c    00000078     libmmwave_xwr68xx.aer4f : mmwave_fullcfg.oer4f (.text:MMWave_getNumChirps)
                  000233c4    00000078     mmw_lvds_stream.oer4f (.text:MmwDemo_LVDSStream_HwTriggerFrameDone)
                  0002343c    00000078     main.oer4f (.text:MmwDemo_isDynObjDetCfgInNonPendingState)
                  000234b4    00000078     main.oer4f (.text:MmwDemo_isDynObjDetCfgPendingState)
                  0002352c    00000078     libqspiflash_xwr68xx.aer4f : qspiflash.oer4f (.text:QSPIFlash_mmapRead)
                  000235a4    00000078                                : qspiflash.oer4f (.text:QSPIFlash_sectorErase)
                  0002361c    00000078     libqspi_xwr68xx.aer4f : qspi.oer4f (.text:QSPI_cfgRead)
                  00023694    00000077                           : qspi.oer4f (.text:QSPI_memAccessCfg)
                  0002370b    00000001     --HOLE-- [fill = 0]
                  0002370c    00000074     libmmwave_xwr68xx.aer4f : mmwave.oer4f (.text:MMWave_config)
                  00023780    00000074                             : mmwave_dualcore.oer4f (.text:MMWave_deviceStartFxn)
                  000237f4    00000074     boot.aer4ft : boot.oer4ft (.text)
                  00023868    00000074     libmmwavelink_xwr68xx.aer4f : rl_driver.oer4f (.text:rlDriverAsyncEventHandler)
                  000238dc    00000074     rtsv7R4_T_le_v3D16_eabi.lib : getdevice.obj (.text)
                  00023950    00000074                                 : s_frexp.obj (.text)
                  000239c4    00000073     objectdetection.oer4f (.text:DPC_ObjectDetection_stop)
                  00023a37    00000001     --HOLE-- [fill = 0]
                  00023a38    00000072     libcfarcaproc_hwa_xwr68xx.aer4f : cfarcaprochwa.oer4f (.text:CFARHWA_saveConfiguration)
                  00023aaa    00000072     libmmwavelink_xwr68xx.aer4f : rl_driver.oer4f (.text:rlDriverClientCbCheck)
                  00023b1c    00000070     libhsiheader_xwr68xx.aer4f : hsiheader.oer4f (.text:HSIHeader_deleteHeader)
                  00023b8c    00000070     libhwa_xwr68xx.aer4f : hwa.oer4f (.text:HWA_getDriverAccess)
                  00023bfc    00000070     libmmwave_xwr68xx.aer4f : mmwave_dualcore.oer4f (.text:MMWave_deviceCfgFxn)
                  00023c6c    00000004                             : mmwave_link.oer4f (.text:MMWave_waitIRQStatus)
                  00023c70    00000070     sysbios.aer4ft : BIOS.obj (.text:xdc_runtime_Error_print__E)
                  00023ce0    0000006e     libcfarcaproc_hwa_xwr68xx.aer4f : cfarcaprochwa.oer4f (.text:CFARCAHWA_config_EDMA)
                  00023d4e    0000006e     main.oer4f (.text:MmwDemo_resetDynObjDetCfgPendingState)
                  00023dbc    0000006c     libdma_xwr68xx.aer4f : dma.oer4f (.text:DMA_disableChannel)
                  00023e28    0000006c                          : dma.oer4f (.text:DMA_enableChannel)
                  00023e94    0000006c     libedma_xwr68xx.aer4f : edma.oer4f (.text:EDMA_isTransferComplete)
                  00023f00    0000006c     libmmwave_xwr68xx.aer4f : mmwave_dualcore.oer4f (.text:MMWave_deviceCloseFxn)
                  00023f6c    0000006c                             : mmwave_link.oer4f (.text:MMWave_spawn)
                  00023fd8    0000006c                             : mmwave_link.oer4f (.text:MMWave_stopLink)
                  00024044    0000006c     libpinmux_xwr68xx.aer4f : pinmux.oer4f (.text:Pinmux_Set_FuncSel)
                  000240b0    0000006c     libqspiflash_xwr68xx.aer4f : qspiflash.oer4f (.text:QSPIFlashReadSFDP)
                  0002411c    0000006c     libqspi_xwr68xx.aer4f : qspi.oer4f (.text:QSPI_cfgWrite)
                  00024188    0000006c     rtsv7R4_T_le_v3D16_eabi.lib : copy_decompress_lzss.obj (.text:decompress:lzss)
                  000241f4    0000006c                                 : trgmsg.obj (.text)
                  00024260    0000006b     main.oer4f (.text:MmwDemo_mssSetHsiClk)
                  000242cb    00000001     --HOLE-- [fill = 0]
                  000242cc    0000006a     libuart_xwr68xx.aer4f : uartsci.oer4f (.text:UartSci_control)
                  00024336    00000068     objectdetection.oer4f (.text:DPC_ObjDet_MemPoolAlloc)
                  0002439e    00000002     --HOLE-- [fill = 0]
                  000243a0    00000068     libdpm_xwr68xx.aer4f : dpm_msg.oer4f (.text:DPM_msgDPCCfgHandler)
                  00024408    00000068     libmmwave_xwr68xx.aer4f : mmwave_dualcore.oer4f (.text:MMWave_deviceStopFxn)
                  00024470    00000068     libmailbox_xwr68xx.aer4f : mailbox.oer4f (.text:Mailbox_readFlush)
                  000244d8    00000068     main.oer4f (.text:MmwDemo_resetStaticCfgPendingState)
                  00024540    00000068     librangeproc_hwa_xwr68xx.aer4f : rangeprochwa.oer4f (.text:rangeProcHWA_ConfigEDMATranspose)
                  000245a8    00000068                                    : rangeprochwa.oer4f (.text:rangeProcHWA_ConfigHWACommon)
                  00024610    00000068     libmmwavelink_xwr68xx.aer4f : rl_driver.oer4f (.text:rlDriverExecuteSetApi)
                  00024678    00000068                                 : rl_driver.oer4f (.text:rlDriverHostIrqHandler)
                  000246e0    00000068     rtsv7R4_T_le_v3D16_eabi.lib : hostlseek.obj (.text)
                  00024748    00000068                                 : hostrename.obj (.text)
                  000247b0    00000066     libmmwavelink_xwr68xx.aer4f : rl_device.oer4f (.text:rlDevicePowerOff)
                  00024816    00000002     --HOLE-- [fill = 0]
                  00024818    00000064     libcli_xwr68xx.aer4f : cli_mmwave.oer4f (.text:CLI_MMWaveLowPowerCfg)
                  0002487c    00000064     libedma_xwr68xx.aer4f : edma.oer4f (.text:EDMA_getTransferControllerErrorStatusInfo)
                  000248e0    00000064                           : edma.oer4f (.text:EDMA_startDmaTransfer)
                  00024944    00000064     libhwa_xwr68xx.aer4f : hwa.oer4f (.text:HWA_getDMAChanIndex)
                  000249a8    00000064     libosal_xwr68xx.aer4f : SemaphoreP_tirtos.oer4f (.text:SemaphoreP_create)
                  00024a0c    00000064     rtsv7R4_T_le_v3D16_eabi.lib : fseek.obj (.text)
                  00024a70    00000064                                 : sprintf.obj (.text)
                  00024ad4    00000064     sysbios.aer4ft : exc_Exception_asm.obj (.text:ti_sysbios_family_arm_exc_Exception_initCore0__I)
                  00024b38    00000008                    : BIOS.obj (.text:ti_sysbios_family_arm_v7a_Pmu_getEnabled__E)
                  00024b40    00000064                    : BIOS.obj (.text:ti_sysbios_family_arm_v7r_vim_Hwi_phantomIntHandler__I)
                  00024ba4    0000000a     libdpm_xwr68xx.aer4f : dpm_core.oer4f (.text:DPM_chirpISR)
                  00024bae    00000002     --HOLE-- [fill = 0]
                  00024bb0    00000064     sysbios.aer4ft : BIOS.obj (.text:ti_sysbios_knl_Clock_logTick__E)
                  00024c14    0000000a     libdpm_xwr68xx.aer4f : dpm_core.oer4f (.text:DPM_frameStartISR)
                  00024c1e    00000002     --HOLE-- [fill = 0]
                  00024c20    00000064     sysbios.aer4ft : BIOS.obj (.text:ti_sysbios_utils_Load_logCPULoad__I)
                  00024c84    0000000a     libmmwave_xwr68xx.aer4f : mmwave_link.oer4f (.text:MMWave_closeLink)
                  00024c8e    00000002     --HOLE-- [fill = 0]
                  00024c90    00000064     sysbios.aer4ft : BIOS.obj (.text:xdc_runtime_Startup_exec__E)
                  00024cf4    00000060     libcli_xwr68xx.aer4f : cli_mmwave.oer4f (.text:CLI_MMWaveExtensionHandler)
                  00024d54    00000060     libosal_xwr68xx.aer4f : DebugP_tirtos.oer4f (.text:DebugP_log2)
                  00024db4    00000060                           : DebugP_tirtos.oer4f (.text:DebugP_log3)
                  00024e14    00000060     mmw_cli.oer4f (.text:MmwDemo_CLISensorStop)
                  00024e74    00000060     mmwdemo_flash.oer4f (.text:mmwDemo_flashRead)
                  00024ed4    0000000a     libosal_xwr68xx.aer4f : MemoryP_tirtos.oer4f (.text:MemoryP_ctrlFree)
                  00024ede    00000002     --HOLE-- [fill = 0]
                  00024ee0    00000060     sysbios.aer4ft : BIOS.obj (.text:ti_sysbios_heaps_HeapMem_alloc__E)
                  00024f40    00000060                    : BIOS.obj (.text:xdc_runtime_Assert_raise__I)
                  00024fa0    0000005f                    : BIOS.obj (.text:xdc_runtime_Text_putLab__E)
                  00024fff    00000001     --HOLE-- [fill = 0]
                  00025000    0000005e     libuart_xwr68xx.aer4f : uartsci.oer4f (.text:UartSci_writeChar)
                  0002505e    00000002     --HOLE-- [fill = 0]
                  00025060    0000005d     mmw_lvds_stream.oer4f (.text:MmwDemo_LVDSStream_EDMAAllocateCBUFFChannel)
                  000250bd    00000003     --HOLE-- [fill = 0]
                  000250c0    0000005c     libcfarcaproc_hwa_xwr68xx.aer4f : cfarcaprochwa.oer4f (.text:CFARHWA_fovConvertDoppler)
                  0002511c    0000005c                                     : cfarcaprochwa.oer4f (.text:CFARHWA_prepareHwaRunTime)
                  00025178    0000005c     libmmwave_xwr68xx.aer4f : mmwave.oer4f (.text:MMWave_close)
                  000251d4    0000005c                             : mmwave_link.oer4f (.text:MMWave_mboxOpen)
                  00025230    0000005c                             : mmwave.oer4f (.text:MMWave_stop)
                  0002528c    0000005c     libqspiflash_xwr68xx.aer4f : qspiflash.oer4f (.text:QSPIFlashGetDeviceID)
                  000252e8    0000005c     libsoc_xwr68xx.aer4f : soc.oer4f (.text:SOC_enableLVDS)
                  00025344    0000005c     rtsv7R4_T_le_v3D16_eabi.lib : hostopen.obj (.text)
                  000253a0    0000005c                                 : hostread.obj (.text)
                  000253fc    00000004     main.oer4f (.text:MmwDemo_sleep)
                  00025400    0000005c     sysbios.aer4ft : BIOS.obj (.text:ti_sysbios_utils_Load_updateCurrentThreadTime__E)
                  0002545c    0000005a     mmw_cli.oer4f (.text:MmwDemo_CLIMultiObjBeamForming)
                  000254b6    0000005a     libuart_xwr68xx.aer4f : uartsci.oer4f (.text:UartSci_readCancel)
                  00025510    0000005a     libmmwavelink_xwr68xx.aer4f : rl_driver.oer4f (.text:rlDriverCalChkSum)
                  0002556a    00000002     --HOLE-- [fill = 0]
                  0002556c    00000058     objectdetection.oer4f (.text:DPC_ObjDet_Config_MeasureRxChannelBiasCfg)
                  000255c4    00000058     libdpm_xwr68xx.aer4f : dpm_core.oer4f (.text:DPM_execute)
                  0002561c    00000058                          : dpm_mailbox.oer4f (.text:DPM_mboxInit)
                  00025674    00000058     libosal_xwr68xx.aer4f : DebugP_tirtos.oer4f (.text:DebugP_log0)
                  000256cc    00000058                           : DebugP_tirtos.oer4f (.text:DebugP_log1)
                  00025724    00000058     libedma_xwr68xx.aer4f : edma_low_level.oer4f (.text:EDMA3EnableChInShadowReg)
                  0002577c    00000058     libesm_xwr68xx.aer4f : esm.oer4f (.text:ESM_highpriority_FIQ)
                  000257d4    00000058     libhwa_xwr68xx.aer4f : hwa.oer4f (.text:HWA_getDMAconfig)
                  0002582c    00000058     libmmwave_xwr68xx.aer4f : mmwave.oer4f (.text:MMWave_execute)
                  00025884    00000058                             : mmwave_link.oer4f (.text:MMWave_initCRC)
                  000258dc    00000058     mmw_cli.oer4f (.text:MmwDemo_CLIQueryDemoStatus)
                  00025934    00000058     mmwdemo_rfparser.oer4f (.text:MmwDemo_RFParser_parseConfig)
                  0002598c    00000058     libqspiflash_xwr68xx.aer4f : qspiflash.oer4f (.text:QSPIFlash_configMmapWrite)
                  000259e4    00000058     libuart_xwr68xx.aer4f : uartsci_dma.oer4f (.text:UartSci_closeDMA)
                  00025a3c    00000058     mmwdemo_flash.oer4f (.text:mmwDemo_flashWrite)
                  00025a94    00000058     rtsv7R4_T_le_v3D16_eabi.lib : close.obj (.text)
                  00025aec    00000058                                 : hostwrite.obj (.text)
                  00025b44    00000056     libmmwavelink_xwr68xx.aer4f : rl_driver.oer4f (.text:rlDriverOsiCbCheck)
                  00025b9a    00000002     --HOLE-- [fill = 0]
                  00025b9c    00000054     libcrc_xwr68xx.aer4f : crc.oer4f (.text:CRC_getTransactionId)
                  00025bf0    00000054     libdma_xwr68xx.aer4f : dma.oer4f (.text:DMA_freeChannel)
                  00025c44    00000054     libedma_xwr68xx.aer4f : edma.oer4f (.text:EDMA_error_isr)
                  00025c98    00000054     libmmwave_xwr68xx.aer4f : mmwave_link.oer4f (.text:MMWave_initLink)
                  00025cec    00000054     mmwdemo_rfparser.oer4f (.text:MmwDemo_RFParser_getFramePeriod_ms)
                  00025d40    00000054     libqspiflash_xwr68xx.aer4f : qspiflash.oer4f (.text:QSPIFlash_writeEnable)
                  00025d94    00000054     rtsv7R4_T_le_v3D16_eabi.lib : ltoa.obj (.text)
                  00025de8    00000054     mmw_per4ft.oer4ft (.text:ti_sysbios_family_arm_v7r_vim_Hwi_create)
                  00025e3c    00000004     mmw_per4ft.oer4ft (.text:ti_sysbios_BIOS_RtsGateProxy_enter__E)
                  00025e40    00000054     sysbios.aer4ft : BIOS.obj (.text:ti_sysbios_heaps_HeapMem_getStats__E)
                  00025e94    0000000a     data_path.oer4f (.text:MmwDemo_hwaInit)
                  00025e9e    00000002     --HOLE-- [fill = 0]
                  00025ea0    00000054     sysbios.aer4ft : BIOS.obj (.text:xdc_runtime_Core_assignLabel__I)
                  00025ef4    00000052     libdpedma_hwa_xwr68xx.aer4f : dpedma.oer4f (.text:DPEDMA_setup_shadow_link)
                  00025f46    00000050     libaoaproc_hwa_xwr68xx.aer4f : aoaprochwa.oer4f (.text:AoAProc_HWAutil_configCommon)
                  00025f96    00000002     --HOLE-- [fill = 0]
                  00025f98    00000050     libcrc_xwr68xx.aer4f : crc.oer4f (.text:CRC_getSignature)
                  00025fe8    00000050     libedma_xwr68xx.aer4f : edma_low_level.oer4f (.text:EDMA3MapChToEvtQ)
                  00026038    00000050     libmmwave_xwr68xx.aer4f : mmwave.oer4f (.text:MMWave_sync)
                  00026088    00000050     libmmwavelink_xwr68xx.aer4f : rl_driver.oer4f (.text:rlDeviceIdentifyCmdDir)
                  000260d8    00000050                                 : rl_driver.oer4f (.text:rlDriverVerifyCRC)
                  00026128    00000050     rtsv7R4_T_le_v3D16_eabi.lib : atoi.obj (.text)
                  00026178    00000050                                 : exit.obj (.text)
                  000261c8    00000050                                 : u_div32.obj (.text)
                  00026218    00000008     mmw_per4ft.oer4ft (.text:xdc_runtime_Text_visitRope__I)
                  00026220    00000050     sysbios.aer4ft : BIOS.obj (.text:xdc_runtime_System_exit__E)
                  00026270    0000004e     mmwdemo_monitor.oer4f (.text:mmwDemo_cfgAnalogMonitor)
                  000262be    00000002     --HOLE-- [fill = 0]
                  000262c0    0000004c     libcli_xwr68xx.aer4f : cli.oer4f (.text:CLI_write)
                  0002630c    0000004c     libstaticclutterproc_xwr68xx.aer4f : staticclutterproc.oer4f (.text:DPU_StaticClutterProc_config)
                  00026358    0000004c     libedma_xwr68xx.aer4f : edma.oer4f (.text:EDMA_disableChannel)
                  000263a4    0000004c                           : edma.oer4f (.text:EDMA_enableChannel)
                  000263f0    0000004c     libhwa_xwr68xx.aer4f : hwa.oer4f (.text:HWA_enableDoneInterrupt)
                  0002643c    0000004c     libmailbox_xwr68xx.aer4f : mailbox.oer4f (.text:Mailbox_boxEmptyISRProcessing)
                  00026488    0000004c     libqspiflash_xwr68xx.aer4f : qspiflash_device_macronix.oer4f (.text:QSPIFlash_macronix_init)
                  000264d4    0000004c     libuart_xwr68xx.aer4f : uartsci.oer4f (.text:UartSci_writeCancel)
                  00026520    0000004c     rtsv7R4_T_le_v3D16_eabi.lib : cpy_tbl.obj (.text)
                  0002656c    00000004     mmw_per4ft.oer4ft (.text:ti_sysbios_BIOS_RtsGateProxy_leave__E)
                  00026570    0000004c     sysbios.aer4ft : BIOS.obj (.text:ti_sysbios_family_arm_v7r_vim_Hwi_getStackInfo__E)
                  000265bc    0000004c     mmw_per4ft.oer4ft (.text:ti_sysbios_knl_Task_create)
                  00026608    00000006     libosal_xwr68xx.aer4f : CycleprofilerP_tirtos.oer4f (.text:CycleprofilerP_getTimeStamp)
                  0002660e    00000002     --HOLE-- [fill = 0]
                  00026610    0000004c     sysbios.aer4ft : BIOS.obj (.text:ti_sysbios_knl_Task_stat__E)
                  0002665c    00000004     mmw_per4ft.oer4ft (.text:ti_sysbios_family_arm_TaskSupport_Module__startupDone__S)
                  00026660    0000004c     sysbios.aer4ft : BIOS.obj (.text:ti_sysbios_utils_Load_taskSwitchHook__E)
                  000266ac    0000004a     libdpm_xwr68xx.aer4f : dpm_mailbox.oer4f (.text:DPM_mboxSendResult)
                  000266f6    0000004a     libmailbox_xwr68xx.aer4f : mailbox.oer4f (.text:Mailbox_boxFullISRProcessing)
                  00026740    0000004a     mmwdemo_monitor.oer4f (.text:mmwDemo_cfgRxSaturationMonitor)
                  0002678a    00000006     libdpm_xwr68xx.aer4f : dpm_mailbox.oer4f (.text:DPM_mboxSynch)
                  00026790    0000004a     sysbios.aer4ft : BIOS.obj (.text:xdc_runtime_Core_assignParams__I)
                  000267da    00000006     libedma_xwr68xx.aer4f : edma_low_level.oer4f (.text:EDMA3ClrCCErr)
                  000267e0    0000004a     sysbios.aer4ft : BIOS.obj (.text:xdc_runtime_Text_xprintf__I)
                  0002682a    00000048     libcbuff_xwr68xx.aer4f : cbuff_transfer.oer4f (.text:CBUFF_setup_USER)
                  00026872    00000048     libcfarcaproc_hwa_xwr68xx.aer4f : cfarcaprochwa.oer4f (.text:CFARHWA_convHwaCfarDetListToDetMask)
                  000268ba    00000048     libdpm_xwr68xx.aer4f : dpm_pipe.oer4f (.text:DPM_pipeRecv)
                  00026902    00000002     --HOLE-- [fill = 0]
                  00026904    00000048     libhwa_xwr68xx.aer4f : hwa.oer4f (.text:HWA_deleteInstance)
                  0002694c    00000048                          : hwa.oer4f (.text:HWA_readCFARPeakCountReg)
                  00026994    00000048     libmmwavelink_xwr68xx.aer4f : rl_device.oer4f (.text:rlDeviceGetVersion)
                  000269dc    00000048                                 : rl_driver.oer4f (.text:rlDriverOsiInit)
                  00026a24    00000048     mmw_per4ft.oer4ft (.text:xdc_runtime_LoggerBuf_Object__create__S)
                  00026a6c    00000046     libmailbox_xwr68xx.aer4f : mailbox.oer4f (.text:CSL_FINSR)
                  00026ab2    00000046     mmw_cli.oer4f (.text:MmwDemo_CLIClutterRemoval)
                  00026af8    00000046     mmw_cli.oer4f (.text:MmwDemo_CLIExtendedMaxVelocity)
                  00026b3e    00000002     --HOLE-- [fill = 0]
                  00026b40    00000044     libadcbuf_xwr68xx.aer4f : adcbuf_mmwave.oer4f (.text:ADCBUF_MMWave_close)
                  00026b84    00000044     libcrc_xwr68xx.aer4f : crc.oer4f (.text:CRC_resetSignature)
                  00026bc8    00000044     libdpm_xwr68xx.aer4f : dpm_core.oer4f (.text:DPM_start)
                  00026c0c    00000044                          : dpm_core.oer4f (.text:DPM_stop)
                  00026c50    00000044     libmailbox_xwr68xx.aer4f : mailbox.oer4f (.text:Mailbox_boxFullISRMssDss)
                  00026c94    00000044     libsoc_xwr68xx.aer4f : soc_xwr68xx_mss.oer4f (.text:SOC_resetDMA)
                  00026cd8    00000044     rtsv7R4_T_le_v3D16_eabi.lib : hostclose.obj (.text)
                  00026d1c    00000044                                 : hostunlink.obj (.text)
                  00026d60    00000044     sysbios.aer4ft : BIOS.obj (.text:ti_sysbios_family_arm_v7r_tms570_Core_Module_startup__E)
                  00026da4    0000000a     libosal_xwr68xx.aer4f : SemaphoreP_tirtos.oer4f (.text:SemaphoreP_post)
                  00026dae    00000002     --HOLE-- [fill = 0]
                  00026db0    00000044     sysbios.aer4ft : BIOS.obj (.text:ti_sysbios_knl_Task_allBlockedFunction__I)
                  00026df4    0000000a     libuart_xwr68xx.aer4f : UART.oer4f (.text:UART_close)
                  00026dfe    00000002     --HOLE-- [fill = 0]
                  00026e00    00000044     sysbios.aer4ft : BIOS.obj (.text:xdc_runtime_LoggerBuf_Module_startup__E)
                  00026e44    0000000a     libuart_xwr68xx.aer4f : UART.oer4f (.text:UART_read)
                  00026e4e    00000002     --HOLE-- [fill = 0]
                  00026e50    00000044     sysbios.aer4ft : BIOS.obj (.text:xdc_runtime_System_atexit__E)
                  00026e94    00000042     libcbuff_xwr68xx.aer4f : cbuff_lvds.oer4f (.text:CBUFF_closeLVDS)
                  00026ed6    00000042     libedma_xwr68xx.aer4f : edma.oer4f (.text:EDMA_transferController_error_isr)
                  00026f18    00000042     libhwa_xwr68xx.aer4f : hwa.oer4f (.text:HWA_reset)
                  00026f5a    00000042     libmmwave_xwr68xx.aer4f : mmwave_link.oer4f (.text:MMWave_executeLink)
                  00026f9c    00000042     libmmwavelink_xwr68xx.aer4f : rl_controller.oer4f (.text:rlGetSubBlock)
                  00026fde    00000002     --HOLE-- [fill = 0]
                  00026fe0    00000040     libedma_xwr68xx.aer4f : edma.oer4f (.text:EDMA_linkParamSets)
                  00027020    00000040     libhwa_xwr68xx.aer4f : hwa.oer4f (.text:HWA_getHWAMemInfo)
                  00027060    00000040     mmwdemo_rfparser.oer4f (.text:MmwDemo_RFParser_getChirpEndIdx)
                  000270a0    00000040     main.oer4f (.text:MmwDemo_mmWaveCtrlTask)
                  000270e0    00000040     libqspiflash_xwr68xx.aer4f : qspiflash.oer4f (.text:QSPIFlash_progQuadRead)
                  00027120    00000040                                : qspiflash_device_spansion.oer4f (.text:QSPIFlash_spansion_init)
                  00027160    00000040     libmmwavelink_xwr68xx.aer4f : rl_driver.oer4f (.text:rlDriverValidateHdr)
                  000271a0    00000040     rtsv7R4_T_le_v3D16_eabi.lib : strtok.obj (.text)
                  000271e0    00000040     sysbios.aer4ft : BIOS.obj (.text:ti_sysbios_timers_rti_Timer_stop__E)
                  00027220    0000003e     libadcbuf_xwr68xx.aer4f : adcbuf_mmwave.oer4f (.text:CSL_FINSR)
                  0002725e    0000003e     libcbuff_xwr68xx.aer4f : cbuff.oer4f (.text:CSL_FINSR)
                  0002729c    0000003e                            : cbuff_lvds.oer4f (.text:CSL_FINSR)
                  000272da    0000003e     libcrc_xwr68xx.aer4f : crc.oer4f (.text:CSL_FINSR)
                  00027318    0000003e     libdma_xwr68xx.aer4f : dma.oer4f (.text:CSL_FINSR)
                  00027356    0000003e     libgpio_xwr68xx.aer4f : gpio.oer4f (.text:CSL_FINSR)
                  00027394    0000003e     libhwa_xwr68xx.aer4f : hwa.oer4f (.text:CSL_FINSR)
                  000273d2    0000003e     libpinmux_xwr68xx.aer4f : pinmux.oer4f (.text:CSL_FINSR)
                  00027410    0000003e     libqspi_xwr68xx.aer4f : qspi.oer4f (.text:CSL_FINSR)
                  0002744e    0000003e     libsoc_xwr68xx.aer4f : soc.oer4f (.text:CSL_FINSR)
                  0002748c    0000003e                          : soc_xwr68xx.oer4f (.text:CSL_FINSR)
                  000274ca    0000003e                          : soc_xwr68xx_mss.oer4f (.text:CSL_FINSR)
                  00027508    0000003e     libuart_xwr68xx.aer4f : uartsci.oer4f (.text:CSL_FINSR)
                  00027546    0000003e     libdpm_xwr68xx.aer4f : dpm_msg.oer4f (.text:DPM_msgStopHandler)
                  00027584    0000003e     libhwa_xwr68xx.aer4f : hwa.oer4f (.text:HWA_enable)
                  000275c2    0000003e     libmmwave_xwr68xx.aer4f : mmwave.oer4f (.text:MMWave_decodeError)
                  00027600    0000003e     libuart_xwr68xx.aer4f : uartsci.oer4f (.text:UartSci_close)
                  0002763e    0000003c     libcbuff_xwr68xx.aer4f : cbuff_transfer.oer4f (.text:CBUFF_configCQEDMA)
                  0002767a    00000002     --HOLE-- [fill = 0]
                  0002767c    0000003c     libcli_xwr68xx.aer4f : cli_mmwave.oer4f (.text:CLI_MMWaveFlushCfg)
                  000276b8    0000003c     libedma_xwr68xx.aer4f : edma.oer4f (.text:EDMA_chainChannels)
                  000276f4    0000003c                           : edma.oer4f (.text:EDMA_getErrorStatus)
                  00027730    0000003c                           : edma.oer4f (.text:EDMA_getTransferControllerErrorStatus)
                  0002776c    0000003c     libmailbox_xwr68xx.aer4f : mailbox.oer4f (.text:Mailbox_writeReset)
                  000277a8    0000003c     mmwdemo_adcconfig.oer4f (.text:MmwDemo_ADCBufOpen)
                  000277e4    0000003c     data_path.oer4f (.text:MmwDemo_EDMA_errorCallbackFxn)
                  00027820    0000003c     data_path.oer4f (.text:MmwDemo_EDMA_transferControllerErrorCallbackFxn)
                  0002785c    0000003c     libsoc_xwr68xx.aer4f : soc_xwr68xx_mss.oer4f (.text:SOC_isSecureDevice)
                  00027898    0000003c                          : soc.oer4f (.text:SOC_unhaltBSS)
                  000278d4    0000003c     sysbios.aer4ft : vim_Hwi_asm.obj (.text:ti_sysbios_family_arm_v7r_vim_Hwi_init__I)
                  00027910    0000003c                    : BIOS.obj (.text:ti_sysbios_hal_Hwi_checkStack)
                  0002794c    00000004     mmw_per4ft.oer4ft (.text:ti_sysbios_family_arm_v7r_vim_Hwi_delete)
                  00027950    0000003c     sysbios.aer4ft : BIOS.obj (.text:ti_sysbios_heaps_HeapMem_init__I)
                  0002798c    0000003a     libhwa_xwr68xx.aer4f : hwa.oer4f (.text:HWA_setDMA2ACCManualTrig)
                  000279c6    00000002     --HOLE-- [fill = 0]
                  000279c8    0000003a     libosal_xwr68xx.aer4f : HwiP_tirtos.oer4f (.text:HwiP_delete)
                  00027a02    00000038     libcbuff_xwr68xx.aer4f : cbuff_transfer.oer4f (.text:CBUFF_addUserBufferLLEntry)
                  00027a3a    00000038                            : cbuff_transfer.oer4f (.text:CBUFF_setupHeader)
                  00027a72    00000002     --HOLE-- [fill = 0]
                  00027a74    00000038     libcli_xwr68xx.aer4f : cli_mmwave.oer4f (.text:CLI_MMWaveExtensionInit)
                  00027aac    00000038     objectdetection.oer4f (.text:DPC_ObjDet_GenDopplerWindow)
                  00027ae4    00000038     libdpm_xwr68xx.aer4f : dpm_core.oer4f (.text:DPM_notifyExecute)
                  00027b1c    00000038     libedma_xwr68xx.aer4f : edma_low_level.oer4f (.text:EDMA3ClrMissEvt)
                  00027b54    00000038     libuart_xwr68xx.aer4f : UART.oer4f (.text:UART_init)
                  00027b8c    00000038     objectdetection.oer4f (.text:_DPC_Objdet_Assert)
                  00027bc4    00000038     mmwdemo_monitor.oer4f (.text:mmwDemo_cfgRxSigImgMonitor)
                  00027bfc    00000036     libmmwavelink_xwr68xx.aer4f : rl_controller.oer4f (.text:rlAppendSubBlock)
                  00027c32    00000036     rtsv7R4_T_le_v3D16_eabi.lib : strncpy.obj (.text)
                  00027c68    00000034     libadcbuf_xwr68xx.aer4f : ADCBuf.oer4f (.text:ADCBuf_open)
                  00027c9c    00000034     libedma_xwr68xx.aer4f : edma.oer4f (.text:EDMA_configTransferControllerError)
                  00027cd0    00000034     libhwa_xwr68xx.aer4f : hwa.oer4f (.text:HWA_disableDoneInterrupt)
                  00027d04    00000034     libmmwave_xwr68xx.aer4f : mmwave_link.oer4f (.text:MMWave_mboxWrite)
                  00027d38    00000034     main.oer4f (.text:MmwDemo_getNextSubFrameIndx)
                  00027d6c    00000034     libsoc_xwr68xx.aer4f : soc_xwr68xx.oer4f (.text:SOC_enableHWA)
                  00027da0    00000034                          : soc_xwr68xx_mss.oer4f (.text:SOC_hasDSPCore)
                  00027dd4    00000034                          : soc_xwr68xx.oer4f (.text:SOC_setMMWaveDSSLinkState)
                  00027e08    00000034                          : soc_xwr68xx.oer4f (.text:SOC_setMMWaveMSSLinkState)
                  00027e3c    00000034                          : soc_xwr68xx.oer4f (.text:SOC_setMSSLinkState)
                  00027e70    00000034     libuart_xwr68xx.aer4f : UART.oer4f (.text:UART_open)
[...]
0002b44c  ti_sysbios_knl_Task_Module__loggerFxn4__C                            
0002b450  ti_sysbios_knl_Task_Module__loggerObj__C                             
0002b454  ti_sysbios_knl_Task_Object__count__C                                 
0002b458  ti_sysbios_knl_Task_Object__heap__C                                  
0002b45c  ti_sysbios_knl_Task_allBlockedFunc__C                                
0002b460  ti_sysbios_knl_Task_defaultStackHeap__C                              
0002b464  ti_sysbios_knl_Task_defaultStackSize__C                              
0002b468  ti_sysbios_knl_Task_numConstructedTasks__C                           
0002b46c  ti_sysbios_timers_rti_Timer_E_cannotSupport__C                       
0002b470  ti_sysbios_timers_rti_Timer_Module__diagsEnabled__C                  
0002b474  ti_sysbios_timers_rti_Timer_Module__diagsIncluded__C                 
0002b478  ti_sysbios_timers_rti_Timer_Module__diagsMask__C                     
0002b47c  ti_sysbios_timers_rti_Timer_numTimerDevices__C                       
0002b480  ti_sysbios_timers_rti_Timer_startupNeeded__C                         
0002b484  ti_sysbios_utils_Load_LS_cpuLoad__C                                  
0002b488  ti_sysbios_utils_Load_LS_taskLoad__C                                 
0002b48c  ti_sysbios_utils_Load_Module_State_taskList__O                       
0002b490  ti_sysbios_utils_Load_Module__diagsEnabled__C                        
0002b494  ti_sysbios_utils_Load_Module__diagsIncluded__C                       
0002b498  ti_sysbios_utils_Load_Module__diagsMask__C                           
0002b49c  ti_sysbios_utils_Load_Module__loggerFxn1__C                          
0002b4a0  ti_sysbios_utils_Load_Module__loggerFxn4__C                          
0002b4a4  ti_sysbios_utils_Load_Module__loggerObj__C                           
0002b4a8  ti_sysbios_utils_Load_postUpdate__C                                  
0002b4ac  ti_sysbios_utils_Load_windowInMs__C                                  
0002b4b0  xdc_runtime_Assert_E_assertFailed__C                                 
0002b4b4  xdc_runtime_Core_A_initializedParams__C                              
0002b4b8  xdc_runtime_Core_Module__diagsEnabled__C                             
0002b4bc  xdc_runtime_Core_Module__diagsIncluded__C                            
0002b4c0  xdc_runtime_Core_Module__diagsMask__C                                
0002b4c4  xdc_runtime_Error_E_memory__C                                        
0002b4c8  xdc_runtime_Error_Module__diagsEnabled__C                            
0002b4cc  xdc_runtime_Error_Module__diagsIncluded__C                           
0002b4d0  xdc_runtime_Error_Module__diagsMask__C                               
0002b4d4  xdc_runtime_Error_Module__loggerFxn8__C                              
0002b4d8  xdc_runtime_Error_Module__loggerObj__C                               
0002b4dc  xdc_runtime_Error_policyFxn__C                                       
0002b4e0  xdc_runtime_Error_policy__C                                          
0002b4e4  xdc_runtime_Error_raiseHook__C                                       
0002b4e8  xdc_runtime_IFilterLogger_Interface__BASE__C                         
0002b4ec  xdc_runtime_IGateProvider_Interface__BASE__C                         
0002b4f0  xdc_runtime_IHeap_Interface__BASE__C                                 
0002b4f4  xdc_runtime_ILogger_Interface__BASE__C                               
0002b4f8  xdc_runtime_IModule_Interface__BASE__C                               
0002b4fc  xdc_runtime_Log_L_error__C                                           
0002b500  xdc_runtime_LoggerBuf_E_badLevel__C                                  
0002b504  xdc_runtime_LoggerBuf_Module__gateObj__C                             
0002b508  xdc_runtime_LoggerBuf_Object__count__C                               
0002b50c  xdc_runtime_LoggerBuf_statusLogger__C                                
0002b510  xdc_runtime_Main_Module__diagsEnabled__C                             
0002b514  xdc_runtime_Main_Module__diagsIncluded__C                            
0002b518  xdc_runtime_Main_Module__diagsMask__C                                
0002b51c  xdc_runtime_Main_Module__loggerFxn1__C                               
0002b520  xdc_runtime_Main_Module__loggerFxn2__C                               
0002b524  xdc_runtime_Main_Module__loggerFxn4__C                               
0002b528  xdc_runtime_Main_Module__loggerObj__C                                
0002b52c  xdc_runtime_Memory_defaultHeapInstance__C                            
0002b530  xdc_runtime_Startup_execImpl__C                                      
0002b534  xdc_runtime_Startup_maxPasses__C                                     
0002b538  xdc_runtime_Startup_sfxnRts__C                                       
0002b53c  xdc_runtime_Startup_sfxnTab__C                                       
0002b540  xdc_runtime_System_Module__gateObj__C                                
0002b544  xdc_runtime_System_abortFxn__C                                       
0002b548  xdc_runtime_System_exitFxn__C                                        
0002b54c  xdc_runtime_System_extendFxn__C                                      
0002b550  xdc_runtime_System_maxAtexitHandlers__C                              
0002b554  xdc_runtime_Text_charTab__C                                          
0002b558  xdc_runtime_Text_nameEmpty__C                                        
0002b55c  xdc_runtime_Text_nameStatic__C                                       
0002b560  xdc_runtime_Text_nameUnknown__C                                      
0002b564  xdc_runtime_Text_visitRopeFxn__C                                     
0002b568  ti_sysbios_family_arm_v7a_Pmu_Module__id__C                          
0002b56a  ti_sysbios_family_arm_v7r_tms570_Core_Module__id__C                  
0002b56c  ti_sysbios_family_arm_v7r_vim_Hwi_Module__id__C                      
0002b56e  ti_sysbios_family_arm_v7r_vim_Hwi_Module__loggerDefined__C           
0002b570  ti_sysbios_gates_GateMutex_Module__id__C                             
0002b572  ti_sysbios_hal_Hwi_Module__id__C                                     
0002b574  ti_sysbios_heaps_HeapMem_Module__id__C                               
0002b576  ti_sysbios_knl_Clock_Module__id__C                                   
0002b578  ti_sysbios_knl_Clock_Module__loggerDefined__C                        
0002b57a  ti_sysbios_knl_Semaphore_Module__id__C                               
0002b57c  ti_sysbios_knl_Semaphore_Module__loggerDefined__C                    
0002b57e  ti_sysbios_knl_Task_Module__id__C                                    
0002b580  ti_sysbios_knl_Task_Module__loggerDefined__C                         
0002b582  ti_sysbios_timers_rti_Timer_Module__id__C                            
0002b584  ti_sysbios_timers_rti_Timer_continueOnSuspend__C                     
0002b586  ti_sysbios_utils_Load_Module__id__C                                  
0002b588  ti_sysbios_utils_Load_Module__loggerDefined__C                       
0002b58a  ti_sysbios_utils_Load_autoAddTasks__C                                
0002b58c  ti_sysbios_utils_Load_updateInIdle__C                                
0002b58e  xdc_runtime_Core_Module__id__C                                       
0002b590  xdc_runtime_Error_Module__loggerDefined__C                           
0002b592  xdc_runtime_Error_maxDepth__C                                        
0002b594  xdc_runtime_LoggerBuf_Module__id__C                                  
0002b596  xdc_runtime_LoggerBuf_filterByLevel__C                               
0002b598  xdc_runtime_Main_Module__id__C                                       
0002b59a  xdc_runtime_Main_Module__loggerDefined__C                            
0002b59c  xdc_runtime_Memory_Module__id__C                                     
0002b59e  xdc_runtime_Text_charCnt__C                                          
0002b5a0  xdc_runtime_Text_isLoaded__C                                         
0002b5a2  xdc_runtime_Text_registryModsLastId__C                               
0002b5a4  xdc_runtime_Text_unnamedModsLastId__C                                
0002b5a8  __TI_static_base__                                                   
0002badc  __TI_Handler_Table_Base                                              
0002bae8  __TI_Handler_Table_Limit                                             
0002bb10  __TI_CINIT_Base                                                      
0002bb40  __TI_CINIT_Limit                                                     
08000000  ti_sysbios_heaps_HeapMem_Instance_State_0_buf__A                     
08010000  gDPC_ObjDetTCM                                                       
0801c400  xdc_runtime_LoggerBuf_Instance_State_0_entryArr__A                   
0801dd00  ti_sysbios_family_arm_exc_Exception_Module_State_0_excStack_0__A     
0801ed00  gMmwMCB                                                              
0801f518  edmaDbg                                                              
0801fa00  gCalibDataStorage                                                    
0801fe60  ti_sysbios_knl_Task_Instance_State_0_stack__A                        
08020180  gCLI                                                                 
08020328  gGPIOMCB                                                             
080204bc  __CIOBUF_                                                            
080205dc  gMMWave_MCB                                                          
080206dc  __TI_tmpnams                                                         
0802077c  MSS_RCM_CLKDIVCTL0_save                                              
08020780  gHSIHeaderMCB                                                        
08020810  gEsmMCB                                                              
08020880  gMmwDemoFlash                                                        
0802088c  gMMWave_DualcoreMCB                                                  
08020894  parmbuf                                                              
0802089c  MSS_RCM_CLKSRCSEL0_save                                              
080208a0  MSS_RCM_CLKSRCSEL1_save                                              
080208a4  MSS_TOPRCM_CLKDIV_save                                               
080208a8  MSS_TOPRCM_CLKSRCSEL_save                                            
080208ac  gObjDetObj                                                           
080208b0  ti_sysbios_knl_Task_Instance_State_0_hookEnv__A                      
080208b8  rl_txMsg                                                             
080209b8  rl_rxMsg                                                             
08020ca0  gCLI_mmwave_freq_scale_factor                                        
08020ca8  gCLIMMWaveOpenCfg                                                    
08020cd0  gCLIMMWaveExtensionTable                                             
08020d78  gCLIMMWaveControlCfg                                                 
08020e44  partInfoStringArray                                                  
08021008  ti_sysbios_family_arm_v7r_vim_Hwi_Module_State_0_dispatchTable__A    
08021208  _ftable                                                              
080212f8  ti_sysbios_utils_Load_Module__state__V                               
08021390  ti_sysbios_knl_Task_Module_State_0_readyQ__A                         
08021410  _device                                                              
08021488  gCBUFFHwAttribute                                                    
08021500  ti_sysbios_knl_Task_Object__table__V                                 
0802155c  gUartSciHwCfg                                                        
080215b4  _stream                                                              
08021604  gMailboxMCB                                                          
08021654  ti_sysbios_knl_Task_Module__state__V                                 
0802169c  SOC_TranslateAddr_LUT                                                
080216dc  ti_sysbios_gates_GateMutex_Object__table__V                          
0802171c  ti_sysbios_timers_rti_Timer_Object__table__V                         
08021758  gCBUFFInterfaceFxn                                                   
08021790  ti_sysbios_family_arm_v7r_vim_Hwi_Module__state__V                   
080217c4  gHWAHwCfg                                                            
080217f4  ti_sysbios_family_arm_v7r_vim_Hwi_Object__table__V                   
08021820  ti_sysbios_knl_Clock_Module__state__V                                
0802184c  gUartSciFxnTable                                                     
08021874  UART_config                                                          
08021898  gDPC_ObjectDetectionCfg                                              
080218bc  ti_sysbios_BIOS_Module__state__V                                     
080218e0  xdc_runtime_LoggerBuf_Object__table__V                               
08021904  gHWADriverPtr                                                        
08021908  gSOCHwAttrib                                                         
08021928  ti_sysbios_knl_Clock_Object__table__V                                
08021948  xdc_runtime_Error_IgnoreBlock                                        
08021968  xdc_runtime_System_Module_State_0_atexitHandlers__A                  
08021988  gAntDef_default                                                      
080219a4  ti_sysbios_utils_Load_Module_State_0_taskEnv__A                      
080219c0  ADCBuf_config                                                        
080219d8  gInterleavedTransferFxn                                              
080219f0  gMailboxMssBssHwCfg                                                  
08021a08  gMailboxMssDssHwCfg                                                  
08021a20  gMultipleChirpNonInterleavedTransferFxn                              
08021a38  gNonInterleavedTransferFxn                                           
08021a50  ti_sysbios_heaps_HeapMem_Object__table__V                            
08021a68  ti_sysbios_timers_rti_Timer_Module_State_0_device__A                 
08021a80  gDPMRemoteTable                                                      
08021a94  ti_sysbios_family_arm_exc_Exception_Module__state__V                 
08021aa8  gHwaEDMAChanMapping                                                  
08021ab8  gQSPIHwCfg                                                           
08021ac8  __TI_ft_end                                                          
08021acc  __aeabi_stdin                                                        
08021ad0  __aeabi_stdout                                                       
08021ad4  __aeabi_stderr                                                       
08021ad8  ti_sysbios_timers_rti_Timer_Module_State_0_intFreqs__A               
08021ae8  ti_sysbios_timers_rti_Timer_Module__state__V                         
08021af8  __TI_cleanup_ptr                                                     
08021afc  __TI_dtors_ptr                                                       
08021b00  __TI_enable_exit_profile_output                                      
08021b04  gESMHwCfgAttrs                                                       
08021b10  ti_sysbios_family_arm_v7a_Pmu_Module__state__V                       
08021b1c  ti_sysbios_knl_Task_Module__root__V                                  
08021b28  _lock                                                                
08021b2c  _unlock                                                              
08021b30  MmwDemo_RFParserHwCfg                                                
08021b38  QSPIFlash_deviceFxnTbl_macronix                                      
08021b40  QSPIFlash_deviceFxnTbl_spansion                                      
08021b48  gDPMHwAttrib                                                         
08021b50  gGPIOHwAtrrib                                                        
08021b58  ti_sysbios_family_arm_v7r_vim_Hwi_Module__root__V                    
08021b60  ti_sysbios_gates_GateHwi_Module__root__V                             
08021b68  ti_sysbios_gates_GateMutex_Module__root__V                           
08021b70  ti_sysbios_hal_Hwi_Object__table__V                                  
08021b78  ti_sysbios_heaps_HeapMem_Module__root__V                             
08021b80  ti_sysbios_knl_Queue_Module__root__V                                 
08021b88  ti_sysbios_knl_Semaphore_Module__root__V                             
08021b90  ti_sysbios_timers_rti_Timer_Module_State_0_handles__A                
08021b98  xdc_runtime_LoggerBuf_Module__root__V                                
08021ba0  xdc_runtime_Registry_Module__state__V                                
08021ba8  xdc_runtime_Startup_Module__state__V                                 
08021bb0  xdc_runtime_System_Module__state__V                                  
08021bb8  xdc_runtime_LoggerBuf_Module__state__V                               
08021bbe  ti_sysbios_family_arm_exc_Exception_Module_State_0_excActive__A      
08021bc0  gQSPIFlashHwCfg                                                      
08021bc4  gRFLdoBypassCfg                                                      
08021bcc  gCRCRegister                                                         
08021bd0  gDPM                                                                 
08021bd4  regionId                                                             
08021bd8  gPinmuxRegs                                                          
08021bdc  gQSPIDriverPtr                                                       
08021be4  errno                                                                
08021bf0  main_func_sp                                                         
08021bf8  ti_sysbios_family_arm_a15_TimestampProvider_Module__state__V         
08021bfc  ti_sysbios_family_arm_exc_Exception_Module_State_0_excContext__A     
08021c00  ti_sysbios_family_arm_exc_Exception_Module_State_0_excStackBuffers__A
08021c04  ti_sysbios_family_arm_exc_Exception_Module_State_0_excStack__A       
08021c08  ti_sysbios_gates_GateHwi_Object__table__V                            
08021c0c  ti_sysbios_heaps_HeapBuf_Module__state__V                            
08021c10  ti_sysbios_knl_Task_Module_State_0_idleTask__A                       
08021c14  ti_sysbios_utils_Load_Module_State_0_runningTask__A                  
08021c18  ti_sysbios_utils_Load_Module_State_0_taskStartTime__A                
08021c1c  xdc_runtime_Memory_Module__state__V                                  
08021c20  xdc_runtime_Error_Module__state__V                                   
08021c22  xdc_runtime_Main_Module__root__V                                     
08021c28  ti_sysbios_family_arm_v7r_vim_Hwi_Module_State_0_fiqStack__A         
08022428  __stack                                                              
080228d8  __STACK_END                                                          
51000000  gMmwL3                                                               
fffffdec  ti_sysbios_family_arm_v7r_vim_Hwi_vim                                
ffffffff  __TI_pprof_out_hndl                                                  
ffffffff  __TI_prof_data_size                                                  
ffffffff  __TI_prof_data_start                                                 
ffffffff  __binit__                                                            
ffffffff  __c_args__                                                           
ffffffff  binit                                                                
UNDEFED   SHT$$INIT_ARRAY$$Base                                                
UNDEFED   SHT$$INIT_ARRAY$$Limit                                               

[1294 symbols]
