******************************************************************************
                  TI ARM Linker PC v16.9.6                     
******************************************************************************
>> Linked Fri Oct 08 09:42:05 2021

OUTPUT FILE NAME:   <3D_people_count_68xx_mss.xer4f>
ENTRY POINT SYMBOL: "_c_int00"  address: 0001cf44


MEMORY CONFIGURATION

         name            origin    length      used     unused   attr    fill
----------------------  --------  ---------  --------  --------  ----  --------
PAGE 0:
  VECTORS               00000000   00000100  0000003c  000000c4     X
  PROG_RAM              00000100   0007ff00  00025512  0005a9ee  R  X
  DATA_RAM              08000000   00030000  0002a9a2  0000565e  RW  
  L3_RAM                51000000   00090000  00090000  00000000  RW  
  HWA_RAM               52030000   00010000  00000000  00010000  RW  
  HS_RAM                52080000   00008000  00000000  00008000  RW  

PAGE 1:
  L3_RAM                51000000   00090000  00000000  00090000  RW  


SEGMENT ALLOCATION MAP

run origin  load origin   length   init length attrs members
----------  ----------- ---------- ----------- ----- -------
00000000    00000000    0000003c   0000003c    r--
  00000000    00000000    0000003c   0000003c    r-- .vecs
00000100    00000100    00025518   00025518    r-x
  00000100    00000100    00022d12   00022d12    r-x .text
  00022e18    00022e18    00002268   00002268    r-- .const
  00025080    00025080    00000598   00000598    r-- .cinit
08000000    08000000    0002a9a8   00000000    rw-
  08000000    08000000    00020800   00000000    rw- systemHeap
  08020800    08020800    00003a0e   00000000    rw- .data
  08024210    08024210    00003794   00000000    rw- .bss
  080279a4    080279a4    00002000   00000000    rw- .dpcLocalRam
  080299a8    080299a8    00000800   00000000    rw- .myFiqStack
  0802a1a8    0802a1a8    00000800   00000000    rw- .stack
51000000    51000000    00090000   00000000    rw-
  51000000    51000000    00090000   00000000    rw- .l3ram


SECTION ALLOCATION MAP

 output                                  attributes/
section   page    origin      length       input sections
--------  ----  ----------  ----------   ----------------
systemHeap 
*          0    08000000    00020800     UNINITIALIZED
                  08000000    00020800     pcount3D_mss_per4ft.oer4ft (systemHeap)

.dpcLocalRam 
*          0    080279a4    00002000     UNINITIALIZED
                  080279a4    00002000     mss_main.oer4f (.dpcLocalRam)

.vecs      0    00000000    0000003c     
                  00000000    0000003c     pcount3D_mss_per4ft.oer4ft (.vecs)

.text      0    00000100    00022d12     
                  00000100    0000107a     rtsv7R4_T_le_v3D16_eabi.lib : _printfi.obj (.text)
                  0000117a    00000002     libadcbuf_xwr68xx.aer4f : adcbuf_mmwave.oer4f (.text:ADCBUF_MMWave_init)
                  0000117c    00000ed0     libgtrack3D.aer4f : gtrack_unit_update.oer4f (.text:gtrack_unitUpdate)
                  0000204c    000008a4     mss_main.oer4f (.text:Pcount3DDemo_dataPathConfig)
                  000028f0    000007e6     pcount3D_cli.oer4f (.text:Pcount3DDemo_CLIInit)
                  000030d6    00000002     libdma_xwr68xx.aer4f : dma.oer4f (.text:DMA_init)
                  000030d8    0000070c     mss_main.oer4f (.text:Pcount3DDemo_initTask)
                  000037e4    00000658     libhwa_xwr68xx.aer4f : hwa.oer4f (.text:HWA_configParamSet)
                  00003e3c    000005fc     rtsv7R4_T_le_v3D16_eabi.lib : k_rem_pio2.obj (.text)
                  00004438    000005ef     libgtrack3D.aer4f : gtrack_module.oer4f (.text:gtrack_moduleAllocate)
                  00004a27    00000001     --HOLE-- [fill = 0]
                  00004a28    000005e4     mmwdemo_rfparser.oer4f (.text:MmwDemo_RFParser_parseCtrlConfig)
                  0000500c    000005e0     libgtrack3D.aer4f : gtrack_create.oer4f (.text:gtrack_create)
                  000055ec    00000590     rtsv7R4_T_le_v3D16_eabi.lib : e_powf.obj (.text)
                  00005b7c    00000560     rangeprochwa.oer4f (.text:DPU_RangeProcHWA_process)
                  000060dc    00000004     libosal_xwr68xx.aer4f : HwiP_tirtos.oer4f (.text:HwiP_disableInterrupt)
                  000060e0    00000515     sysbios.aer4ft : BIOS.obj (.text:xdc_runtime_System_doPrint__I)
                  000065f5    00000001     --HOLE-- [fill = 0]
                  000065f6    00000002     libhwa_xwr68xx.aer4f : hwa.oer4f (.text:HWA_init)
                  000065f8    000004e4     mss_main.oer4f (.text:Pcount3DDemo_handleObjectDetResult)
                  00006adc    000004a8     libadcbuf_xwr68xx.aer4f : adcbuf_mmwave.oer4f (.text:ADCBUF_MMWave_control)
                  00006f84    00000484     rangeprochwa.oer4f (.text:DPU_RangeProcHWA_config)
                  00007408    00000465     libgtrack3D.aer4f : gtrack_unit_update.oer4f (.text:gtrack_velocityStateHandling)
                  0000786d    00000001     --HOLE-- [fill = 0]
                  0000786e    00000002     libmmwave_xwr68xx.aer4f : mmwave_link.oer4f (.text:MMWave_maskHostIRQ)
                  00007870    00000435     pcount3D_cli.oer4f (.text:Pcount3DDemo_CLISensorStart)
                  00007ca5    00000001     --HOLE-- [fill = 0]
                  00007ca6    00000002     libuart_xwr68xx.aer4f : uartsci.oer4f (.text:UartSci_init)
                  00007ca8    00000420     libgtrack3D.aer4f : gtrack_unit_score.oer4f (.text:gtrack_unitScore)
                  000080c8    00000410     libcli_xwr68xx.aer4f : cli_mmwave.oer4f (.text:CLI_MMWaveVersion)
                  000084d8    000003f4     rtsv7R4_T_le_v3D16_eabi.lib : s_cos.obj (.text)
                  000088cc    000003d8     rangeprochwa.oer4f (.text:rangeProcHWA_ConfigEDMA_DataOut_nonInterleave)
                  00008ca4    0000036c     libgtrack3D.aer4f : gtrack_unit_event.oer4f (.text:gtrack_unitEvent)
                  00009010    00000332                       : gtrack_utilities_3d.oer4f (.text:gtrack_matrixInv)
                  00009342    00000002     rtsv7R4_T_le_v3D16_eabi.lib : i_div0.obj (.text)
                  00009344    00000314     libsoc_xwr68xx.aer4f : soc_xwr68xx_mss.oer4f (.text:SOC_deviceInit)
                  00009658    00000314     rtsv7R4_T_le_v3D16_eabi.lib : s_tanf.obj (.text)
                  0000996c    00000004     libosal_xwr68xx.aer4f : HwiP_tirtos.oer4f (.text:HwiP_enableInterrupt)
                  00009970    000002f4     sysbios.aer4ft : BIOS.obj (.text:ti_sysbios_knl_Semaphore_pend__E)
                  00009c64    000002ec     mss_main.oer4f (.text:Pcount3DDemo_DPC_ObjectDetection_reportFxn)
                  00009f50    000002cc     sysbios.aer4ft : BIOS.obj (.text:ti_sysbios_knl_Task_Instance_finalize__E)
                  0000a21c    000002c8     mss_main.oer4f (.text:Pcount3DDemo_sensorStopEpilog)
                  0000a4e4    000002c4     objdetrangehwa.oer4f (.text:DPC_ObjDetRangeHwa_rangeConfig)
                  0000a7a8    000002c4     libhwa_xwr68xx.aer4f : hwa.oer4f (.text:HWA_configCommon)
                  0000aa6c    000002b8     rtsv7R4_T_le_v3D16_eabi.lib : ull_div32.obj (.text)
                  0000ad24    000002b0     libdma_xwr68xx.aer4f : dma.oer4f (.text:DMA_open)
                  0000afd4    0000000c     libedma_xwr68xx.aer4f : edma_low_level.oer4f (.text:EDMA3ChannelToParamMap)
                  0000afe0    000002a4     sysbios.aer4ft : BIOS.obj (.text:ti_sysbios_heaps_HeapMem_freeUnprotected__E)
                  0000b284    00000298     libgtrack3D.aer4f : gtrack_step.oer4f (.text:gtrack_step)
                  0000b51c    00000284     libmmwave_xwr68xx.aer4f : mmwave_dualcore.oer4f (.text:MMWave_deviceExecuteFxn)
                  0000b7a0    00000280     sysbios.aer4ft : BIOS.obj (.text:ti_sysbios_family_arm_exc_Exception_excDumpContext__I)
                  0000ba20    00000274     objdetrangehwa.oer4f (.text:DPC_ObjectDetection_ioctl)
                  0000bc94    0000026c     mss_main.oer4f (.text:Pcount3DDemo_eventCallbackFxn)
                  0000bf00    00000260     libmailbox_xwr68xx.aer4f : mailbox.oer4f (.text:Mailbox_open)
                  0000c160    00000254     libcli_xwr68xx.aer4f : cli_mmwave.oer4f (.text:CLI_MMWaveProfileCfg)
                  0000c3b4    0000022c     rangeprochwa.oer4f (.text:rangeProcHWA_ConfigHWA)
                  0000c5e0    00000228     sysbios.aer4ft : BIOS.obj (.text:ti_sysbios_heaps_HeapMem_allocUnprotected__E)
                  0000c808    00000008     libosal_xwr68xx.aer4f : HwiP_tirtos.oer4f (.text:HwiP_disable)
                  0000c810    00000224     sysbios.aer4ft : BIOS.obj (.text:ti_sysbios_timers_rti_Timer_Module_startup__E)
                  0000ca34    00000218     mss_main.oer4f (.text:Pcount3DDemo_bpmConfig)
                  0000cc4c    00000214     libuart_xwr68xx.aer4f : uartsci.oer4f (.text:UartSci_open)
                  0000ce60    0000020e     libgtrack3D.aer4f : gtrack_unit_predict.oer4f (.text:gtrack_unitPredict)
                  0000d06e    00000002     pcount3D_mss_per4ft.oer4ft (.text:ti_sysbios_BIOS_nullFunc__I)
                  0000d070    00000204     libcli_xwr68xx.aer4f : cli_mmwave.oer4f (.text:CLI_MMWaveChirpCfg)
                  0000d274    0000000c     libedma_xwr68xx.aer4f : edma_low_level.oer4f (.text:EDMAsetRegion)
                  0000d280    00000204     sysbios.aer4ft : BIOS.obj (.text:ti_sysbios_knl_Task_sleep__E)
                  0000d484    00000200     libcrc_xwr68xx.aer4f : crc.oer4f (.text:CRC_open)
                  0000d684    00000200     mss_main.oer4f (.text:MmwDemo_uartTxTask)
                  0000d884    0000000c     libmmwave_xwr68xx.aer4f : mmwave_dualcore.oer4f (.text:MMWave_deviceMailboxCallbackFxn)
                  0000d890    00000200     sysbios.aer4ft : BIOS.obj (.text:ti_sysbios_knl_Task_Instance_init__E)
                  0000da90    000001f0     libdma_xwr68xx.aer4f : dma.oer4f (.text:DMA_setChannelParams)
                  0000dc80    000001e4     rtsv7R4_T_le_v3D16_eabi.lib : e_logf.obj (.text)
                  0000de64    000001e4                                 : strtod.obj (.text)
                  0000e048    000001e4     pcount3D_mss_per4ft.oer4ft (.text:xdc_runtime_System_printfExtend__I)
                  0000e22c    000001e0     libgtrack3D.aer4f : gtrack_utilities.oer4f (.text:gtrack_computeJacobian)
                  0000e40c    000001dc     pcount3D_cli.oer4f (.text:Pcount3DDemo_CLIDynAngleEstCfg)
                  0000e5e8    000001dc     mss_main.oer4f (.text:Pcount3DDemo_startSensor)
                  0000e7c4    000001d4     mss_main.oer4f (.text:Pcount3DDemo_openSensor)
                  0000e998    000001d0     libgtrack3D.aer4f : gtrack_unit_start.oer4f (.text:gtrack_unitStart)
                  0000eb68    00000008     libmmwave_xwr68xx.aer4f : mmwave.oer4f (.text:MMWave_decodeErrorLevel)
                  0000eb70    000001cc     sysbios.aer4ft : BIOS.obj (.text:ti_sysbios_family_arm_v7r_vim_Hwi_dispatchIRQC__I)
                  0000ed3c    000001c8     trackerproc_3d.oer4f (.text:DPU_TrackerProc_process)
                  0000ef04    000001c8     libmmwavelink_xwr68xx.aer4f : rl_driver.oer4f (.text:rlDriverRxHdrRead)
                  0000f0cc    000001c8     rtsv7R4_T_le_v3D16_eabi.lib : fopen.obj (.text)
                  0000f294    000001c4     mss_main.oer4f (.text:Pcount3DDemo_stopSensor)
                  0000f458    000001c0     libedma_xwr68xx.aer4f : edma.oer4f (.text:EDMA_open)
                  0000f618    000001bc     mss_main.oer4f (.text:main)
                  0000f7d4    000001b0     libmmwavelink_xwr68xx.aer4f : rl_driver.oer4f (.text:rlDriverMsgRead)
                  0000f984    000001ac     objdetrangehwa.oer4f (.text:DPC_ObjectDetection_init)
                  0000fb30    000001ac     libgtrack3D.aer4f : gtrack_unit_create.oer4f (.text:gtrack_unitCreate)
                  0000fcdc    000001a4     libcli_xwr68xx.aer4f : cli_mmwave.oer4f (.text:CLI_MMWaveSubFrameCfg)
                  0000fe80    000001a4     libmmwave_xwr68xx.aer4f : mmwave_dualcore.oer4f (.text:MMWave_serializeCfg)
                  00010024    0000019e     objdetrangehwa.oer4f (.text:DPC_ObjectDetection_execute)
                  000101c2    00000002     pcount3D_mss_per4ft.oer4ft (.text:xdc_runtime_Startup_reset__I)
                  000101c4    00000194     libmmwave_xwr68xx.aer4f : mmwave_link.oer4f (.text:MMWave_openLink)
                  00010358    00000190     libmmwavelink_xwr68xx.aer4f : rl_driver.oer4f (.text:rlDriverCmdInvoke)
                  000104e8    0000018b     libgtrack3D.aer4f : gtrack_module.oer4f (.text:gtrack_modulePresence)
                  00010673    00000001     --HOLE-- [fill = 0]
                  00010674    00000188     libedma_xwr68xx.aer4f : edma.oer4f (.text:EDMA_configChannel)
                  000107fc    00000188     libhwa_xwr68xx.aer4f : hwa.oer4f (.text:HWA_open)
                  00010984    00000186     rangeprochwa.oer4f (.text:rangeProcHWA_ConfigEDMAMinorModeLinks)
                  00010b0a    00000002     --HOLE-- [fill = 0]
                  00010b0c    00000184     trackerproc_3d.oer4f (.text:DPU_TrackerProc_config)
                  00010c90    00000184     sysbios.aer4ft : BIOS.obj (.text:xdc_runtime_LoggerBuf_write8__E)
                  00010e14    00000180     libdpm_xwr68xx.aer4f : dpm_core.oer4f (.text:DPM_init)
                  00010f94    00000180                          : dpm_msg.oer4f (.text:DPM_msgRecv)
                  00011114    00000174     tracker_utils.oer4f (.text:MmwDemo_CLITrackingCfg)
                  00011288    00000170     libgpio_xwr68xx.aer4f : gpio.oer4f (.text:GPIO_setConfig)
                  000113f8    00000008     libmmwave_xwr68xx.aer4f : mmwave_link.oer4f (.text:MMWave_mboxCallbackFxn)
                  00011400    0000016c     sysbios.aer4ft : BIOS.obj (.text:ti_sysbios_knl_Semaphore_post__E)
                  0001156c    00000004     libmmwave_xwr68xx.aer4f : mmwave_link.oer4f (.text:MMWave_disableDevice)
                  00011570    00000168     sysbios.aer4ft : BIOS.obj (.text:ti_sysbios_family_arm_exc_Exception_excHandler__I)
                  000116d8    00000008     libosal_xwr68xx.aer4f : MemoryP_tirtos.oer4f (.text:MemoryP_getStats)
                  000116e0    00000160     sysbios.aer4ft : BIOS.obj (.text:ti_sysbios_family_arm_v7r_vim_Hwi_reconfig__E)
                  00011840    00000158                    : BIOS.obj (.text:ti_sysbios_knl_Task_postInit__I)
                  00011998    00000154     pcount3D_cli.oer4f (.text:Pcount3DDemo_CLIDynRACfarCfg)
                  00011aec    00000154     pcount3D_cli.oer4f (.text:Pcount3DDemo_CLIStaticRACfarCfg)
                  00011c40    00000154     rtsv7R4_T_le_v3D16_eabi.lib : s_atanf.obj (.text)
                  00011d94    00000150     mss_main.oer4f (.text:MmwDemo_trackerDPUTask)
                  00011ee4    0000000c     libmmwave_xwr68xx.aer4f : mmwave_osal.oer4f (.text:MMWave_osalMutexUnlock)
                  00011ef0    00000150     sysbios.aer4ft : BIOS.obj (.text:xdc_runtime_Error_policyDefault__E)
                  00012040    0000014c     libcli_xwr68xx.aer4f : cli_mmwave.oer4f (.text:CLI_MMWaveFrameCfg)
                  0001218c    0000014c                          : cli.oer4f (.text:CLI_task)
                  000122d8    0000014c     libmmwave_xwr68xx.aer4f : mmwave_link.oer4f (.text:MMWave_initMMWaveLink)
                  00012424    0000014a     libuart_xwr68xx.aer4f : uartsci.oer4f (.text:UartSci_ISR)
                  0001256e    00000002     --HOLE-- [fill = 0]
                  00012570    00000148     libmmwavelink_xwr68xx.aer4f : rl_driver.oer4f (.text:rlDriverCmdSendRetry)
                  000126b8    00000008     libosal_xwr68xx.aer4f : SemaphoreP_tirtos.oer4f (.text:SemaphoreP_Params_init)
                  000126c0    00000140     sysbios.aer4ft : BIOS.obj (.text:ti_sysbios_heaps_HeapMem_Instance_init__E)
                  00012800    00000140                    : BIOS.obj (.text:xdc_runtime_Core_createObject__I)
                  00012940    0000013c                    : BIOS.obj (.text:ti_sysbios_knl_Clock_workFunc__E)
                  00012a7c    00000138     mss_main.oer4f (.text:Pcount3DDemo_configSensor)
                  00012bb4    00000138     rtsv7R4_T_le_v3D16_eabi.lib : fputs.obj (.text)
                  00012cec    00000004     libmmwave_xwr68xx.aer4f : mmwave_link.oer4f (.text:MMWave_enableDevice)
                  00012cf0    00000138     sysbios.aer4ft : BIOS.obj (.text:xdc_runtime_Startup_startMods__I)
                  00012e28    00000134     libadcbuf_xwr68xx.aer4f : adcbuf_mmwave.oer4f (.text:ADCBUF_MMWave_open)
                  00012f5c    00000130     libgtrack3D.aer4f : gtrack_utilities.oer4f (.text:gtrack_cartesian2spherical)
                  0001308c    0000012c     rangeprochwa.oer4f (.text:rangeProcHWA_ConfigEDMADummyThreeLinks)
                  000131b8    00000128     libmathutils.aer4f : mathutils.oer4f (.text:mathUtils_genWindow)
                  000132e0    00000128     sysbios.aer4ft : BIOS.obj (.text:ti_sysbios_utils_Load_updateThreadContexts__E)
                  00013408    00000124     libcli_xwr68xx.aer4f : cli_mmwave.oer4f (.text:CLI_MMWaveAdvFrameCfg)
                  0001352c    00000124                          : cli_mmwave.oer4f (.text:CLI_MMWaveContModeCfg)
                  00013650    00000124     libedma_xwr68xx.aer4f : edma.oer4f (.text:EDMA_init)
                  00013774    00000120     tracker_utils.oer4f (.text:MmwDemo_CLIBoundaryBoxCfg)
                  00013894    00000120     mss_main.oer4f (.text:Pcount3DDemo_CfgUpdate)
                  000139b4    0000000c     libmmwave_xwr68xx.aer4f : mmwave_osal.oer4f (.text:MMWave_osalSemSignal)
                  000139c0    00000120     sysbios.aer4ft : BIOS.obj (.text:xdc_runtime_LoggerBuf_write4__E)
                  00013ae0    0000011a     rangeprochwa.oer4f (.text:DPEDMAHWA_configTwoHotSignatureWithMinorMode)
                  00013bfa    00000006     libosal_xwr68xx.aer4f : CycleprofilerP_tirtos.oer4f (.text:CycleprofilerP_getTimeStamp)
                  00013c00    00000118     sysbios.aer4ft : BIOS.obj (.text:ti_sysbios_family_arm_v7r_vim_Hwi_Instance_init__E)
                  00013d18    00000114     libedma_xwr68xx.aer4f : edma.oer4f (.text:EDMA_configErrorMonitoring)
                  00013e2c    00000110                           : edma.oer4f (.text:EDMA_transferComplete_isr)
                  00013f3c    0000010c     libdpedma_hwa_xwr68xx.aer4f : dpedma.oer4f (.text:DPEDMA_configSyncAB)
                  00014048    0000010c     libdpm_xwr68xx.aer4f : dpm_msg.oer4f (.text:DPM_msgResultHandler)
                  00014154    0000010c     libmmwave_xwr68xx.aer4f : mmwave_link.oer4f (.text:MMWave_asyncEventHandler)
                  00014260    0000010c                             : mmwave_dualcore.oer4f (.text:MMWave_deviceInitFxn)
                  0001436c    00000004                             : mmwave_listlib.oer4f (.text:MMWave_listGetHead)
                  00014370    0000010c     sysbios.aer4ft : BIOS.obj (.text:ti_sysbios_knl_Task_schedule__I)
                  0001447c    00000004     libmmwave_xwr68xx.aer4f : mmwave_listlib.oer4f (.text:MMWave_listGetNext)
                  00014480    0000010c     sysbios.aer4ft : BIOS.obj (.text:xdc_runtime_Core_constructObject__I)
                  0001458c    00000108     libdma_xwr68xx.aer4f : dma.oer4f (.text:DMA_disableInterrupt)
                  00014694    00000108     libmailbox_xwr68xx.aer4f : mailbox.oer4f (.text:Mailbox_write)
                  0001479c    00000104     libdpedma_hwa_xwr68xx.aer4f : dpedma.oer4f (.text:DPEDMA_configSyncA_singleFrame)
                  000148a0    00000104     libmmwave_xwr68xx.aer4f : mmwave_link.oer4f (.text:MMWave_startLink)
                  000149a4    0000000c     libuart_xwr68xx.aer4f : UART.oer4f (.text:UART_Params_init)
                  000149b0    00000104     sysbios.aer4ft : BIOS.obj (.text:ti_sysbios_timers_rti_Timer_getFreq__E)
                  00014ab4    00000100     libcli_xwr68xx.aer4f : cli_mmwave.oer4f (.text:CLI_MMWaveBPMCfgAdvanced)
                  00014bb4    00000100     libdma_xwr68xx.aer4f : dma.oer4f (.text:DMA_clearChannelInterruptFlag)
                  00014cb4    00000100     libgtrack3D.aer4f : gtrack_utilities.oer4f (.text:gtrack_spherical2cartesian)
                  00014db4    00000100     libmmwavelink_xwr68xx.aer4f : rl_driver.oer4f (.text:rlDriverInit)
                  00014eb4    000000fc     libcrc_xwr68xx.aer4f : crc.oer4f (.text:CRC_computeSignature)
                  00014fb0    000000fc     pcount3D_cli.oer4f (.text:Pcount3DDemo_CLIADCBufCfg)
                  000150ac    000000fc     mss_main.oer4f (.text:Pcount3DDemo_edmaOpen)
                  000151a8    00000008     libgtrack3D.aer4f : gtrack_unit_delete.oer4f (.text:gtrack_unitDelete)
                  000151b0    000000fc     sysbios.aer4ft : BIOS.obj (.text:ti_sysbios_knl_Task_exit__E)
                  000152ac    000000f8     libmmwavelink_xwr68xx.aer4f : rl_driver.oer4f (.text:rlDriverRdVerifyMsg)
                  000153a4    000000f4     tracker_utils.oer4f (.text:MmwDemo_CLISensorPositionCfg)
                  00015498    00000008     rangeprochwa.oer4f (.text:rangeProcHWADoneIsrCallback)
                  000154a0    000000f0     sysbios.aer4ft : BIOS.obj (.text:ti_sysbios_family_arm_v7r_vim_Hwi_Module_startup__E)
                  00015590    000000f0                    : BIOS.obj (.text:ti_sysbios_knl_Task_startCore__E)
                  00015680    000000f0                    : BIOS.obj (.text:ti_sysbios_utils_Load_taskCreateHook__E)
                  00015770    000000ec     rtsv7R4_T_le_v3D16_eabi.lib : s_scalbn.obj (.text)
                  0001585c    00000004     libmmwave_xwr68xx.aer4f : mmwave_link.oer4f (.text:MMWave_mboxClose)
                  00015860    000000ec     sysbios.aer4ft : BIOS.obj (.text:ti_sysbios_heaps_HeapBuf_Module_startup__E)
                  0001594c    000000ea     libdpedma_hwa_xwr68xx.aer4f : dpedmahwa.oer4f (.text:DPEDMAHWA_configTwoHotSignature)
                  00015a36    00000002     --HOLE-- [fill = 0]
                  00015a38    000000e4     libmmwavelink_xwr68xx.aer4f : rl_sensor.oer4f (.text:rlRfPhShiftCalibDataRestore)
                  00015b1c    000000e2     libedma_xwr68xx.aer4f : edma.oer4f (.text:EDMA_paramConfig_assist)
                  00015bfe    00000002     --HOLE-- [fill = 0]
                  00015c00    000000e0     libcli_xwr68xx.aer4f : cli.oer4f (.text:CLI_open)
                  00015ce0    000000e0     libdma_xwr68xx.aer4f : dma.oer4f (.text:DMA_enableInterrupt)
                  00015dc0    000000e0     rtsv7R4_T_le_v3D16_eabi.lib : s_floor.obj (.text)
                  00015ea0    000000dc     libmmwave_xwr68xx.aer4f : mmwave.oer4f (.text:MMWave_init)
                  00015f7c    000000dc     libmmwavelink_xwr68xx.aer4f : rl_driver.oer4f (.text:rlDriverMsgCmdReply)
                  00016058    000000dc     rtsv7R4_T_le_v3D16_eabi.lib : s_ceil.obj (.text)
                  00016134    000000dc                                 : setvbuf.obj (.text)
                  00016210    000000d8     tracker_utils.oer4f (.text:MmwDemo_CLIPresenceParamCfg)
                  000162e8    000000d4     libmailbox_xwr68xx.aer4f : mailbox.oer4f (.text:Mailbox_read)
                  000163bc    000000d4     rangeprochwa.oer4f (.text:rangeProcHWA_ConfigEDMA_DataIn)
                  00016490    000000d4     libmmwavelink_xwr68xx.aer4f : rl_sensor.oer4f (.text:rlSetMultiBpmChirpConfig)
                  00016564    000000d4     rtsv7R4_T_le_v3D16_eabi.lib : s_scalbnf.obj (.text)
                  00016638    00000008     libmmwavelink_xwr68xx.aer4f : rl_driver.oer4f (.text:rlDriverConstructOutMsg)
                  00016640    000000d4     sysbios.aer4ft : BIOS.obj (.text:ti_sysbios_utils_Load_logLoads__I)
                  00016714    000000d2     libgtrack3D.aer4f : gtrack_math.oer4f (.text:gtrack_matrixPrint2)
                  000167e6    00000002     --HOLE-- [fill = 0]
                  000167e8    000000d0     rangeprochwa.oer4f (.text:DPU_RangeProcHWA_control)
                  000168b8    000000d0     pcount3D_cli.oer4f (.text:Pcount3DDemo_CLIDopplerCFARCfg)
                  00016988    000000d0     sysbios.aer4ft : exc_Exception_asm.obj (.text:ti_sysbios_family_arm_exc_Exception_excHandlerAsm__I)
                  00016a58    00000008     libmmwavelink_xwr68xx.aer4f : rl_driver.oer4f (.text:rlDriverGetHandle)
                  00016a60    000000d0     sysbios.aer4ft : BIOS.obj (.text:ti_sysbios_utils_Load_idleFxn__E)
                  00016b30    000000d0                    : BIOS.obj (.text:xdc_runtime_LoggerBuf_Instance_init__E)
                  00016c00    000000cc     libhwa_xwr68xx.aer4f : hwa.oer4f (.text:HWA_enableParamSetInterrupt)
                  00016ccc    000000cc     libmmwavelink_xwr68xx.aer4f : rl_sensor.oer4f (.text:rlRfCalibDataRestore)
                  00016d98    000000cc                                 : rl_sensor.oer4f (.text:rlSetChirpConfig)
                  00016e64    000000cc     rtsv7R4_T_le_v3D16_eabi.lib : fflush.obj (.text)
                  00016f30    000000cc     sysbios.aer4ft : BIOS.obj (.text:ti_sysbios_knl_Task_checkStacks__E)
                  00016ffc    000000c9     objdetrangehwa.oer4f (.text:DPC_ObjectDetection_frameStart)
                  000170c5    00000003     --HOLE-- [fill = 0]
                  000170c8    000000c8     libmmwave_xwr68xx.aer4f : mmwave_fullcfg.oer4f (.text:MMWave_addChirp)
                  00017190    000000c8                             : mmwave_link.oer4f (.text:MMWave_configBPM)
                  00017258    000000c8                             : mmwave_fullcfg.oer4f (.text:MMWave_flushCfg)
                  00017320    000000c8                             : mmwave_fullcfg.oer4f (.text:MMWave_getChirpHandle)
                  000173e8    000000c8     libsoc_xwr68xx.aer4f : soc_xwr68xx.oer4f (.text:SOC_ungateClock)
                  000174b0    000000c8     libgtrack3D.aer4f : gtrack_delete.oer4f (.text:gtrack_delete)
                  00017578    000000c8     libmmwavelink_xwr68xx.aer4f : rl_sensor.oer4f (.text:rlSetFrameConfig)
                  00017640    000000c4     libdpm_xwr68xx.aer4f : dpm_core.oer4f (.text:DPM_deinit)
                  00017704    000000c4                          : dpm_core.oer4f (.text:DPM_ioctl)
                  000177c8    00000008     sysbios.aer4ft : BIOS.obj (.text:ti_sysbios_family_arm_v7a_Pmu_getEnabled__E)
                  000177d0    000000c4                    : BIOS.obj (.text:ti_sysbios_family_arm_v7a_Pmu_configureCounter__E)
                  00017894    000000c0     rangeprochwa.oer4f (.text:DPU_RangeProcHWA_init)
                  00017954    000000c0     libmmwavelink_xwr68xx.aer4f : rl_driver.oer4f (.text:rlDriverMsgWrite)
                  00017a14    0000000c     libuart_xwr68xx.aer4f : uartsci_dma.oer4f (.text:UartSci_isDMAEnabled)
                  00017a20    000000c0     sysbios.aer4ft : BIOS.obj (.text:ti_sysbios_timers_rti_Timer_startup__E)
                  00017ae0    000000bc     libcli_xwr68xx.aer4f : cli.oer4f (.text:CLI_help)
                  00017b9c    000000bc     libgpio_xwr68xx.aer4f : gpio.oer4f (.text:GPIO_write)
                  00017c58    000000bc     libmmwave_xwr68xx.aer4f : mmwave_link.oer4f (.text:MMWave_computeCRC)
                  00017d14    000000bc     rtsv7R4_T_le_v3D16_eabi.lib : open.obj (.text)
                  00017dd0    000000b8     libdma_xwr68xx.aer4f : dma.oer4f (.text:DMA_getChannelInterruptFlag)
                  00017e88    000000b8     rtsv7R4_T_le_v3D16_eabi.lib : k_cos.obj (.text)
                  00017f40    000000b6     libsoc_xwr68xx.aer4f : soc_mpu.o (.text)
                  00017ff6    00000002     --HOLE-- [fill = 0]
                  00017ff8    000000b5     objdetrangehwa.oer4f (.text:DPC_ObjectDetection_start)
                  000180ad    00000003     --HOLE-- [fill = 0]
                  000180b0    000000b4     sysbios.aer4ft : BIOS.obj (.text:ti_sysbios_gates_GateMutex_enter__E)
                  00018164    0000000c                    : arm_IntrinsicsSupport_asm.obj (.text:_ti_sysbios_family_arm_IntrinsicsSupport_maxbitA)
                  00018170    000000b4                    : BIOS.obj (.text:xdc_runtime_LoggerBuf_setFilterLevel__E)
                  00018224    000000b2     libuart_xwr68xx.aer4f : uartsci_dma.oer4f (.text:UartSci_openDMA)
                  000182d6    0000000a     libadcbuf_xwr68xx.aer4f : ADCBuf.oer4f (.text:ADCBuf_control)
                  000182e0    000000b2     sysbios.aer4ft : BIOS.obj (.text:xdc_runtime_Text_putSite__E)
                  00018392    00000002     --HOLE-- [fill = 0]
                  00018394    000000b0     libmmwave_xwr68xx.aer4f : mmwave_fullcfg.oer4f (.text:MMWave_addProfile)
                  00018444    000000b0     tracker_utils.oer4f (.text:MmwDemo_CLIStaticBoundaryBoxCfg)
                  000184f4    000000b0     libgtrack3D.aer4f : gtrack_utilities_3d.oer4f (.text:gtrack_calcMeasurementLimits)
                  000185a4    000000b0     libmmwavelink_xwr68xx.aer4f : rl_sensor.oer4f (.text:rlSetProfileConfig)
                  00018654    0000000c     rtsv7R4_T_le_v3D16_eabi.lib : copy_zero_init.obj (.text:decompress:ZI)
                  00018660    000000b0     sysbios.aer4ft : BIOS.obj (.text:ti_sysbios_utils_Load_updateLoads__E)
                  00018710    000000ae     mmwdemo_adcconfig.oer4f (.text:MmwDemo_ADCBufConfig)
                  000187be    000000ae     rtsv7R4_T_le_v3D16_eabi.lib : _io_perm.obj (.text)
                  0001886c    000000ac     libesm_xwr68xx.aer4f : esm.oer4f (.text:ESM_processInterrupt)
                  00018918    000000ac     pcount3D_cli.oer4f (.text:Pcount3DDemo_CLIDynRngAngleCfg)
                  000189c4    000000ac     mss_main.oer4f (.text:Pcount3DDemo_mmWaveCtrlTask)
                  00018a70    000000ac     sysbios.aer4ft : BIOS.obj (.text:ti_sysbios_knl_Task_Module_startup__E)
                  00018b1c    00000004     libmmwave_xwr68xx.aer4f : mmwave_link.oer4f (.text:MMWave_mboxRead)
                  00018b20    000000ac     sysbios.aer4ft : BIOS.obj (.text:ti_sysbios_utils_Load_startup__E)
                  00018bcc    000000a8     libadcbuf_xwr68xx.aer4f : adcbuf_mmwave.oer4f (.text:ADCBUF_MMWave_getChanBufAddr)
                  00018c74    000000a8     libcli_xwr68xx.aer4f : cli_mmwave.oer4f (.text:CLI_MMWaveExtensionHelp)
                  00018d1c    000000a8     libedma_xwr68xx.aer4f : edma_low_level.oer4f (.text:EDMA3Init)
                  00018dc4    000000a8     libmmwave_xwr68xx.aer4f : mmwave_link.oer4f (.text:MMWave_configureProfileChirp)
                  00018e6c    000000a8                             : mmwave_fullcfg.oer4f (.text:MMWave_getBpmChirpHandle)
                  00018f14    000000a8     mss_main.oer4f (.text:Pcount3DDemo_EDMA_errorCallbackFxn)
                  00018fbc    000000a8     mss_main.oer4f (.text:Pcount3DDemo_EDMA_transferControllerErrorCallbackFxn)
                  00019064    000000a8     libpinmux_xwr68xx.aer4f : pinmux.oer4f (.text:Pinmux_Set_OverrideCtrl)
                  0001910c    000000a8     libsoc_xwr68xx.aer4f : soc.oer4f (.text:SOC_deregisterSysIntListener)
                  000191b4    000000a8     libgtrack3D.aer4f : gtrack_utilities_3d.oer4f (.text:gtrack_calcMeasurementSpread)
                  0001925c    000000a8     libmmwavelink_xwr68xx.aer4f : rl_driver.oer4f (.text:rlDriverWaitForResponse)
                  00019304    000000a8                                 : rl_sensor.oer4f (.text:rlSetAdvFrameConfig)
                  000193ac    000000a6     libgtrack3D.aer4f : gtrack_utilities_3d.oer4f (.text:gtrack_computeMahalanobis)
                  00019452    00000002     --HOLE-- [fill = 0]
                  00019454    000000a4     libdma_xwr68xx.aer4f : dma.oer4f (.text:DMA_assignChannel)
                  000194f8    000000a4     libesm_xwr68xx.aer4f : esm.oer4f (.text:ESM_init)
                  0001959c    000000a4     libmmwave_xwr68xx.aer4f : mmwave_fullcfg.oer4f (.text:MMWave_addBpmChirp)
                  00019640    000000a4                             : mmwave.oer4f (.text:MMWave_start)
                  000196e4    000000a4     tracker_utils.oer4f (.text:MmwDemo_CLIAllocationParamCfg)
                  00019788    000000a4     libsoc_xwr68xx.aer4f : soc_xwr68xx_mss.oer4f (.text:SOC_unhaltDSS)
                  0001982c    000000a4     rtsv7R4_T_le_v3D16_eabi.lib : k_sin.obj (.text)
                  000198d0    000000a0     libsoc_xwr68xx.aer4f : soc.oer4f (.text:SOC_registerSysIntListener)
                  00019970    000000a0     auto_init.aer4ft : auto_init.oer4ft (.text)
                  00019a10    000000a0     sysbios.aer4ft : BIOS.obj (.text:ti_sysbios_knl_Task_blockI__E)
                  00019ab0    0000009e     libgtrack3D.aer4f : gtrack_unit_stop.oer4f (.text:gtrack_unitStop)
                  00019b4e    00000002     --HOLE-- [fill = 0]
                  00019b50    0000009c     libmmwave_xwr68xx.aer4f : mmwave_link.oer4f (.text:MMWave_configLink)
                  00019bec    0000009c                             : mmwave_fullcfg.oer4f (.text:MMWave_getProfileHandle)
                  00019c88    0000009c     tracker_utils.oer4f (.text:MmwDemo_CLIGatingParamCfg)
                  00019d24    0000009c     mmwdemo_rfparser.oer4f (.text:MmwDemo_RFParser_parseConfig)
                  00019dc0    0000009c     libuart_xwr68xx.aer4f : uartsci.oer4f (.text:UartSci_write)
                  00019e5c    0000009c     rtsv7R4_T_le_v3D16_eabi.lib : memcpy_t2.obj (.text)
                  00019ef8    00000008     pcount3D_mss_per4ft.oer4ft (.text:xdc_runtime_Text_visitRope__I)
                  00019f00    0000009c     sysbios.aer4ft : BIOS.obj (.text:ti_sysbios_family_arm_v7r_vim_Hwi_initIntController__I)
                  00019f9c    00000004     libmmwave_xwr68xx.aer4f : mmwave_link.oer4f (.text:MMWave_registerInterruptHandler)
                  00019fa0    0000009c     sysbios.aer4ft : BIOS.obj (.text:ti_sysbios_family_arm_v7r_vim_Hwi_mapChannel__I)
                  0001a03c    00000004     libmmwave_xwr68xx.aer4f : mmwave_link.oer4f (.text:MMWave_unmaskHostIRQ)
                  0001a040    0000009c     sysbios.aer4ft : BIOS.obj (.text:ti_sysbios_knl_Semaphore_Instance_init__E)
                  0001a0dc    0000009a     libdpm_xwr68xx.aer4f : dpm_msg.oer4f (.text:DPM_msgResponseHandler)
                  0001a176    0000009a     libgtrack3D.aer4f : gtrack_math.oer4f (.text:gtrack_matrixMakeSymmetrical)
                  0001a210    00000098     libmmwave_xwr68xx.aer4f : mmwave_fullcfg.oer4f (.text:MMWave_getChirpCfg)
                  0001a2a8    00000098     rtsv7R4_T_le_v3D16_eabi.lib : fclose.obj (.text)
                  0001a340    00000098                                 : fputc.obj (.text)
                  0001a3d8    00000098     sysbios.aer4ft : vim_Hwi_asm_switch.obj (.text)
                  0001a470    00000098                    : BIOS.obj (.text:ti_sysbios_utils_Load_taskDeleteHook__E)
                  0001a508    00000096     libedma_xwr68xx.aer4f : edma.oer4f (.text:EDMA_getErrorStatusInfo)
                  0001a59e    00000096     libhwa_xwr68xx.aer4f : hwa.oer4f (.text:HWA_configRam)
                  0001a634    00000096     libuart_xwr68xx.aer4f : uartsci.oer4f (.text:UartSci_readChar)
                  0001a6ca    00000002     --HOLE-- [fill = 0]
                  0001a6cc    00000094     libsoc_xwr68xx.aer4f : soc_xwr68xx.oer4f (.text:SOC_gateClock)
                  0001a760    00000094     libgtrack3D.aer4f : gtrack_utilities_3d.oer4f (.text:gtrack_calcDistance)
                  0001a7f4    00000094                       : gtrack_math.oer4f (.text:gtrack_matrixCovFilter)
                  0001a888    00000094     libmmwavelink_xwr68xx.aer4f : rl_driver.oer4f (.text:rlDriverDeInit)
                  0001a91c    00000094                                 : rl_driver.oer4f (.text:rlDriverMsgReadCmdCtx)
                  0001a9b0    00000094                                 : rl_driver.oer4f (.text:rlDriverProcRdMsg)
                  0001aa44    00000094     sysbios.aer4ft : vim_Hwi_asm.obj (.text:ti_sysbios_family_arm_v7r_vim_Hwi_dispatchIRQ__I)
                  0001aad8    00000090     trackerproc_3d.oer4f (.text:DPU_trackerProc_updateParamTables)
                  0001ab68    00000090     libgpio_xwr68xx.aer4f : gpio.oer4f (.text:GPIO_init)
                  0001abf8    00000090     libmailbox_xwr68xx.aer4f : mailbox.oer4f (.text:Mailbox_close)
                  0001ac88    00000090     pcount3D_cli.oer4f (.text:Pcount3DDemo_CLIAntAngleFoV)
                  0001ad18    00000090     pcount3D_cli.oer4f (.text:Pcount3DDemo_CLIBpmCfg)
                  0001ada8    00000090     libuart_xwr68xx.aer4f : uartsci_dma.oer4f (.text:UartSci_initiateTxDMA)
                  0001ae38    00000090                           : uartsci.oer4f (.text:UartSci_read)
                  0001aec8    00000006     objdetrangehwa.oer4f (.text:DPC_ObjDetRangeHwa_GetRangeWinGenLen)
                  0001aece    00000002     --HOLE-- [fill = 0]
                  0001aed0    00000090     sysbios.aer4ft : BIOS.obj (.text:ti_sysbios_family_arm_v7a_Pmu_startCounter__E)
                  0001af60    00000090                    : BIOS.obj (.text:ti_sysbios_knl_Task_unblockI__E)
                  0001aff0    00000090                    : BIOS.obj (.text:xdc_runtime_LoggerBuf_getFilterLevel__E)
                  0001b080    0000008e     libgtrack3D.aer4f : gtrack_utilities_3d.oer4f (.text:gtrack_matrixComputePJT)
                  0001b10e    00000002     --HOLE-- [fill = 0]
                  0001b110    0000008c     libcli_xwr68xx.aer4f : cli_mmwave.oer4f (.text:CLI_MMWaveDataOutputMode)
                  0001b19c    0000008c     libdma_xwr68xx.aer4f : dma.oer4f (.text:DMA_deleteInstance)
                  0001b228    0000008c     pcount3D_cli.oer4f (.text:Pcount3DDemo_CLICompRangeBiasAndRxChanPhaseCfg)
                  0001b2b4    0000008c     libsoc_xwr68xx.aer4f : soc.oer4f (.text:SOC_init)
                  0001b340    0000008c                          : soc_xwr68xx.oer4f (.text:SOC_translateAddress)
                  0001b3cc    0000008c     libuart_xwr68xx.aer4f : uartsci_dma.oer4f (.text:UartSci_initiateRxDMA)
                  0001b458    0000008c     libgtrack3D.aer4f : gtrack_math.oer4f (.text:gtrack_matrixMultiply)
                  0001b4e4    0000008c     libmmwavelink_xwr68xx.aer4f : rl_device.oer4f (.text:rlDevicePowerOn)
                  0001b570    0000008c                                 : rl_driver.oer4f (.text:rlDriverMsgReadSpawnCtx)
                  0001b5fc    00000004     libmmwave_xwr68xx.aer4f : mmwave_link.oer4f (.text:MMWave_waitIRQStatus)
                  0001b600    0000008c     sysbios.aer4ft : BIOS.obj (.text:ti_sysbios_family_arm_v7a_Pmu_getCount__E)
                  0001b68c    00000004     mss_main.oer4f (.text:Pcount3DDemo_sleep)
                  0001b690    0000008c     sysbios.aer4ft : BIOS.obj (.text:ti_sysbios_family_arm_v7r_vim_Hwi_Instance_finalize__E)
                  0001b71c    00000004     libgtrack3D.aer4f : gtrack_listlib.oer4f (.text:gtrack_listGetFirst)
                  0001b720    0000008c     sysbios.aer4ft : BIOS.obj (.text:xdc_runtime_Memory_alloc__E)
                  0001b7ac    00000088     libhwa_xwr68xx.aer4f : hwa.oer4f (.text:HWA_disableParamSetInterrupt)
                  0001b834    00000088     libmmwave_xwr68xx.aer4f : mmwave_fullcfg.oer4f (.text:MMWave_getProfileCfg)
                  0001b8bc    00000088     tracker_utils.oer4f (.text:MmwDemo_CLIStateParamCfg)
                  0001b944    00000088     libgtrack3D.aer4f : gtrack_math.oer4f (.text:gtrack_matrixTransposeMultiply)
                  0001b9cc    00000088     rtsv7R4_T_le_v3D16_eabi.lib : vsnprintf.obj (.text)
                  0001ba54    0000000c     libgtrack3D.aer4f : gtrack_unit_get.oer4f (.text:gtrack_unitGetMCenter)
                  0001ba60    00000088     sysbios.aer4ft : BIOS.obj (.text:xdc_runtime_Text_putMod__E)
                  0001bae8    00000085     objdetrangehwa.oer4f (.text:DPC_ObjectDetection_stop)
                  0001bb6d    00000003     --HOLE-- [fill = 0]
                  0001bb70    00000085     sysbios.aer4ft : BIOS.obj (.text:xdc_runtime_System_formatNum__I)
                  0001bbf5    00000003     --HOLE-- [fill = 0]
                  0001bbf8    00000084     libmmwave_xwr68xx.aer4f : mmwave_dualcore.oer4f (.text:MMWave_deviceCfgAsyncEvent)
                  0001bc7c    00000084                             : mmwave_dualcore.oer4f (.text:MMWave_deviceEventFxn)
                  0001bd00    00000084                             : mmwave_fullcfg.oer4f (.text:MMWave_getNumBpmChirp)
                  0001bd84    00000084                             : mmwave.oer4f (.text:MMWave_open)
                  0001be08    00000084     libgtrack3D.aer4f : gtrack_utilities_3d.oer4f (.text:gtrack_isPointBehindTarget)
                  0001be8c    00000084                       : gtrack_math.oer4f (.text:gtrack_sincosd)
                  0001bf10    00000082     libhwa_xwr68xx.aer4f : hwa.oer4f (.text:HWA_paramDoneISR)
                  0001bf92    00000082     libgtrack3D.aer4f : gtrack_math.oer4f (.text:gtrack_matrixCovAcc)
                  0001c014    00000080     libcli_xwr68xx.aer4f : cli_mmwave.oer4f (.text:CLI_MMWaveChannelCfg)
                  0001c094    00000080     libdpm_xwr68xx.aer4f : dpm_mailbox.oer4f (.text:DPM_mboxRemoteMailboxCallbackFxn)
                  0001c114    00000080     libmmwave_xwr68xx.aer4f : mmwave_fullcfg.oer4f (.text:MMWave_getBpmChirpCfg)
                  0001c194    00000080     pcount3D_cli.oer4f (.text:Pcount3DDemo_CLIBoardAntGeometry0)
                  0001c214    00000080     pcount3D_cli.oer4f (.text:Pcount3DDemo_CLIBoardAntPhaseRot)
                  0001c294    00000080     libsoc_xwr68xx.aer4f : soc.oer4f (.text:SOC_getDeviceRFFreqScaleFactor)
                  0001c314    00000080     libuart_xwr68xx.aer4f : uartsci.oer4f (.text:UartSci_writePolling)
                  0001c394    00000080     libgtrack3D.aer4f : gtrack_module.oer4f (.text:gtrack_moduleUpdate)
                  0001c414    00000080                       : gtrack_utilities_3d.oer4f (.text:gtrack_sph2cart)
                  0001c494    00000080     libmmwavelink_xwr68xx.aer4f : rl_driver.oer4f (.text:rlDriverExecuteGetApi)
                  0001c514    0000000c                                 : rl_driver.oer4f (.text:rlDriverGetPlatformId)
                  0001c520    00000080     sysbios.aer4ft : BIOS.obj (.text:ti_sysbios_timers_rti_Timer_initDevice__I)
                  0001c5a0    0000007e     libosal_xwr68xx.aer4f : HwiP_tirtos.oer4f (.text:HwiP_create)
                  0001c61e    00000002     --HOLE-- [fill = 0]
                  0001c620    0000007e     libgtrack3D.aer4f : gtrack_math.oer4f (.text:gtrack_matrixPrint)
                  0001c69e    00000002     --HOLE-- [fill = 0]
                  0001c6a0    0000007c     libdpm_xwr68xx.aer4f : dpm_pipe.oer4f (.text:DPM_pipeSend)
                  0001c71c    0000007c     libedma_xwr68xx.aer4f : edma.oer4f (.text:EDMA_clearErrors)
                  0001c798    0000007c     libmmwave_xwr68xx.aer4f : mmwave_dualcore.oer4f (.text:MMWave_deviceOpenFxn)
                  0001c814    0000007c     libmailbox_xwr68xx.aer4f : mailbox.oer4f (.text:Mailbox_init)
                  0001c890    0000007c     tracker_utils.oer4f (.text:MmwDemoCLIMaxAccelerationParamCfg)
                  0001c90c    0000007c     pcount3D_cli.oer4f (.text:Pcount3DDemo_CLIBoardAntGeometry1)
                  0001c988    0000007c     pcount3D_cli.oer4f (.text:Pcount3DDemo_CLIStaticRngAngleCfg)
                  0001ca04    0000007c     libuart_xwr68xx.aer4f : uartsci.oer4f (.text:UartSci_readPolling)
                  0001ca80    0000007c     sysbios.aer4ft : arm_TaskSupport_asm.obj (.text:_ti_sysbios_family_arm_TaskSupport_buildTaskStack)
                  0001cafc    0000007c     rtsv7R4_T_le_v3D16_eabi.lib : s_round.obj (.text)
                  0001cb78    00000006     libdpm_xwr68xx.aer4f : dpm_mailbox.oer4f (.text:DPM_mboxSynch)
                  0001cb7e    00000002     --HOLE-- [fill = 0]
                  0001cb80    0000007c     sysbios.aer4ft : BIOS.obj (.text:xdc_runtime_Core_deleteObject__I)
                  0001cbfc    0000007b     pcount3D_cli.oer4f (.text:Pcount3DDemo_CLIGetSubframe)
                  0001cc77    00000001     --HOLE-- [fill = 0]
                  0001cc78    0000007a     rtsv7R4_T_le_v3D16_eabi.lib : memset_t2.obj (.text)
                  0001ccf2    00000002     --HOLE-- [fill = 0]
                  0001ccf4    00000078     libcli_xwr68xx.aer4f : cli_mmwave.oer4f (.text:CLI_MMWaveADCCfg)
                  0001cd6c    00000078     libedma_xwr68xx.aer4f : edma.oer4f (.text:EDMA_configParamSet)
                  0001cde4    00000078     libmmwave_xwr68xx.aer4f : mmwave_fullcfg.oer4f (.text:MMWave_getNumChirps)
                  0001ce5c    00000074                             : mmwave.oer4f (.text:MMWave_config)
                  0001ced0    00000074                             : mmwave_dualcore.oer4f (.text:MMWave_deviceStartFxn)
                  0001cf44    00000074     boot.aer4ft : boot.oer4ft (.text)
                  0001cfb8    00000074     libmmwavelink_xwr68xx.aer4f : rl_driver.oer4f (.text:rlDriverAsyncEventHandler)
                  0001d02c    00000074     rtsv7R4_T_le_v3D16_eabi.lib : getdevice.obj (.text)
                  0001d0a0    00000074                                 : s_frexp.obj (.text)
                  0001d114    00000072     libgtrack3D.aer4f : gtrack_listlib.oer4f (.text:gtrack_listRemoveElement)
                  0001d186    00000072     libmmwavelink_xwr68xx.aer4f : rl_driver.oer4f (.text:rlDriverClientCbCheck)
                  0001d1f8    00000070     libgpio_xwr68xx.aer4f : gpio.oer4f (.text:GPIO_toggle)
                  0001d268    00000070     libhwa_xwr68xx.aer4f : hwa.oer4f (.text:HWA_getDriverAccess)
                  0001d2d8    00000070     libmmwave_xwr68xx.aer4f : mmwave_dualcore.oer4f (.text:MMWave_deviceCfgFxn)
                  0001d348    00000070     rtsv7R4_T_le_v3D16_eabi.lib : printf.obj (.text)
                  0001d3b8    00000006     libedma_xwr68xx.aer4f : edma_low_level.oer4f (.text:EDMA3ClrCCErr)
                  0001d3be    00000002     --HOLE-- [fill = 0]
                  0001d3c0    00000070     sysbios.aer4ft : BIOS.obj (.text:xdc_runtime_Error_print__E)
                  0001d430    0000006e     libdma_xwr68xx.aer4f : dma.oer4f (.text:DMA_btcISR)
                  0001d49e    00000002     --HOLE-- [fill = 0]
                  0001d4a0    0000006c                          : dma.oer4f (.text:DMA_disableChannel)
                  0001d50c    0000006c                          : dma.oer4f (.text:DMA_enableChannel)
                  0001d578    0000006c     libdpm_xwr68xx.aer4f : dpm_core.oer4f (.text:DPM_relayResult)
                  0001d5e4    0000006c     libmmwave_xwr68xx.aer4f : mmwave_link.oer4f (.text:MMWave_spawn)
                  0001d650    0000006c                             : mmwave_link.oer4f (.text:MMWave_stopLink)
                  0001d6bc    0000006c     libpinmux_xwr68xx.aer4f : pinmux.oer4f (.text:Pinmux_Set_FuncSel)
                  0001d728    0000006c     rtsv7R4_T_le_v3D16_eabi.lib : copy_decompress_lzss.obj (.text:decompress:lzss)
                  0001d794    0000006c     libgtrack3D.aer4f : gtrack_math.oer4f (.text:gtrack_matrixCovNormalize)
                  0001d800    0000006c     rtsv7R4_T_le_v3D16_eabi.lib : trgmsg.obj (.text)
                  0001d86c    0000006a     libdma_xwr68xx.aer4f : dma.oer4f (.text:DMA_berISR)
                  0001d8d6    00000002     --HOLE-- [fill = 0]
                  0001d8d8    0000006a                          : dma.oer4f (.text:DMA_ftcISR)
                  0001d942    00000002     --HOLE-- [fill = 0]
                  0001d944    0000006a                          : dma.oer4f (.text:DMA_hbcISR)
                  0001d9ae    00000002     --HOLE-- [fill = 0]
                  0001d9b0    0000006a                          : dma.oer4f (.text:DMA_lfsISR)
                  0001da1a    0000006a     libuart_xwr68xx.aer4f : uartsci.oer4f (.text:UartSci_control)
                  0001da84    00000068     libdpm_xwr68xx.aer4f : dpm_msg.oer4f (.text:DPM_msgDPCCfgHandler)
                  0001daec    00000068     libmmwave_xwr68xx.aer4f : mmwave_dualcore.oer4f (.text:MMWave_deviceStopFxn)
                  0001db54    00000068     libmailbox_xwr68xx.aer4f : mailbox.oer4f (.text:Mailbox_readFlush)
                  0001dbbc    00000068     libgtrack3D.aer4f : gtrack_utilities_3d.oer4f (.text:gtrack_cart2sph)
                  0001dc24    00000068                       : gtrack_utilities_3d.oer4f (.text:gtrack_isPointInsideBox)
                  0001dc8c    00000068     rangeprochwa.oer4f (.text:rangeProcHWA_ConfigEDMATranspose)
                  0001dcf4    00000068     rangeprochwa.oer4f (.text:rangeProcHWA_ConfigHWACommon)
                  0001dd5c    00000068     libmmwavelink_xwr68xx.aer4f : rl_driver.oer4f (.text:rlDriverExecuteSetApi)
                  0001ddc4    00000068                                 : rl_driver.oer4f (.text:rlDriverHostIrqHandler)
                  0001de2c    00000068     rtsv7R4_T_le_v3D16_eabi.lib : hostlseek.obj (.text)
                  0001de94    00000068                                 : hostrename.obj (.text)
                  0001defc    00000066     libgtrack3D.aer4f : gtrack_utilities_3d.oer4f (.text:gtrack_computeMahalanobisPartial)
                  0001df62    00000066     libmmwavelink_xwr68xx.aer4f : rl_device.oer4f (.text:rlDevicePowerOff)
                  0001dfc8    00000064     libcli_xwr68xx.aer4f : cli_mmwave.oer4f (.text:CLI_MMWaveLowPowerCfg)
                  0001e02c    00000064     libedma_xwr68xx.aer4f : edma.oer4f (.text:EDMA_getTransferControllerErrorStatusInfo)
                  0001e090    00000064                           : edma.oer4f (.text:EDMA_startDmaTransfer)
                  0001e0f4    00000064     libhwa_xwr68xx.aer4f : hwa.oer4f (.text:HWA_getDMAChanIndex)
                  0001e158    00000064     libosal_xwr68xx.aer4f : SemaphoreP_tirtos.oer4f (.text:SemaphoreP_create)
                  0001e1bc    00000064     rtsv7R4_T_le_v3D16_eabi.lib : fseek.obj (.text)
                  0001e220    00000064                                 : sprintf.obj (.text)
                  0001e284    00000064     sysbios.aer4ft : exc_Exception_asm.obj (.text:ti_sysbios_family_arm_exc_Exception_initCore0__I)
                  0001e2e8    00000006     libedma_xwr68xx.aer4f : edma_low_level.oer4f (.text:EDMA3ErrIntrHighStatusGet)
                  0001e2ee    00000002     --HOLE-- [fill = 0]
                  0001e2f0    00000064     sysbios.aer4ft : BIOS.obj (.text:ti_sysbios_family_arm_v7r_vim_Hwi_phantomIntHandler__I)
                  0001e354    0000000c                    : BIOS.obj (.text:ti_sysbios_family_arm_v7a_Pmu_configureCounterI__I)
                  0001e360    00000064                    : BIOS.obj (.text:ti_sysbios_knl_Clock_logTick__E)
                  0001e3c4    0000000c                    : BIOS.obj (.text:ti_sysbios_family_arm_v7a_Pmu_getCountI__E)
                  0001e3d0    00000064                    : BIOS.obj (.text:ti_sysbios_utils_Load_logCPULoad__I)
                  0001e434    0000000c     pcount3D_mss_per4ft.oer4ft (.text:ti_sysbios_knl_Queue_Object__get__S)
                  0001e440    00000064     sysbios.aer4ft : BIOS.obj (.text:xdc_runtime_Startup_exec__E)
                  0001e4a4    00000062     libgtrack3D.aer4f : gtrack_unit_report.oer4f (.text:gtrack_unitReport)
                  0001e506    00000002     --HOLE-- [fill = 0]
                  0001e508    00000060     libcli_xwr68xx.aer4f : cli_mmwave.oer4f (.text:CLI_MMWaveExtensionHandler)
                  0001e568    00000006     libedma_xwr68xx.aer4f : edma_low_level.oer4f (.text:EDMA3GetCCErrStatus)
                  0001e56e    00000002     --HOLE-- [fill = 0]
                  0001e570    00000060     sysbios.aer4ft : BIOS.obj (.text:ti_sysbios_heaps_HeapMem_alloc__E)
                  0001e5d0    00000060                    : BIOS.obj (.text:xdc_runtime_Assert_raise__I)
                  0001e630    0000005f                    : BIOS.obj (.text:xdc_runtime_Text_putLab__E)
                  0001e68f    00000001     --HOLE-- [fill = 0]
                  0001e690    0000005e     libuart_xwr68xx.aer4f : uartsci.oer4f (.text:UartSci_writeChar)
                  0001e6ee    0000005e     libgtrack3D.aer4f : gtrack_utilities.oer4f (.text:gtrack_unrollRadialVelocity)
                  0001e74c    0000005c     libmmwave_xwr68xx.aer4f : mmwave_link.oer4f (.text:MMWave_mboxOpen)
                  0001e7a8    0000005c                             : mmwave.oer4f (.text:MMWave_stop)
                  0001e804    0000005c     rtsv7R4_T_le_v3D16_eabi.lib : hostopen.obj (.text)
                  0001e860    0000005c                                 : hostread.obj (.text)
                  0001e8bc    00000004     libgtrack3D.aer4f : gtrack_listlib.oer4f (.text:gtrack_listGetNext)
                  0001e8c0    0000005c     sysbios.aer4ft : BIOS.obj (.text:ti_sysbios_utils_Load_updateCurrentThreadTime__E)
                  0001e91c    0000005a     libuart_xwr68xx.aer4f : uartsci.oer4f (.text:UartSci_readCancel)
                  0001e976    0000005a     libmmwavelink_xwr68xx.aer4f : rl_driver.oer4f (.text:rlDriverCalChkSum)
                  0001e9d0    00000058     libdpm_xwr68xx.aer4f : dpm_core.oer4f (.text:DPM_execute)
                  0001ea28    00000058                          : dpm_mailbox.oer4f (.text:DPM_mboxInit)
                  0001ea80    00000058     libedma_xwr68xx.aer4f : edma_low_level.oer4f (.text:EDMA3EnableChInShadowReg)
                  0001ead8    00000058     libesm_xwr68xx.aer4f : esm.oer4f (.text:ESM_highpriority_FIQ)
                  0001eb30    00000058     libhwa_xwr68xx.aer4f : hwa.oer4f (.text:HWA_getDMAconfig)
                  0001eb88    00000058     libmmwave_xwr68xx.aer4f : mmwave.oer4f (.text:MMWave_execute)
                  0001ebe0    00000058                             : mmwave_link.oer4f (.text:MMWave_initCRC)
                  0001ec38    00000058     libuart_xwr68xx.aer4f : uartsci_dma.oer4f (.text:UartSci_closeDMA)
                  0001ec90    00000058     libgtrack3D.aer4f : gtrack_utilities_3d.oer4f (.text:gtrack_isInsideBoresightStaticZone)
                  0001ece8    00000058     rtsv7R4_T_le_v3D16_eabi.lib : close.obj (.text)
                  0001ed40    00000058                                 : hostwrite.obj (.text)
                  0001ed98    00000056     libmmwavelink_xwr68xx.aer4f : rl_driver.oer4f (.text:rlDriverOsiCbCheck)
                  0001edee    00000002     --HOLE-- [fill = 0]
                  0001edf0    00000054     libcrc_xwr68xx.aer4f : crc.oer4f (.text:CRC_getTransactionId)
                  0001ee44    00000054     libdma_xwr68xx.aer4f : dma.oer4f (.text:DMA_freeChannel)
                  0001ee98    00000054     libedma_xwr68xx.aer4f : edma.oer4f (.text:EDMA_error_isr)
                  0001eeec    00000054     libmmwave_xwr68xx.aer4f : mmwave_link.oer4f (.text:MMWave_initLink)
                  0001ef40    00000054     rtsv7R4_T_le_v3D16_eabi.lib : ltoa.obj (.text)
                  0001ef94    00000054     pcount3D_mss_per4ft.oer4ft (.text:ti_sysbios_family_arm_v7r_vim_Hwi_create)
                  0001efe8    00000006     libedma_xwr68xx.aer4f : edma_low_level.oer4f (.text:EDMA3GetErrIntrStatus)
                  0001efee    00000002     --HOLE-- [fill = 0]
                  0001eff0    00000054     sysbios.aer4ft : BIOS.obj (.text:ti_sysbios_heaps_HeapMem_getStats__E)
                  0001f044    00000052     libdpedma_hwa_xwr68xx.aer4f : dpedma.oer4f (.text:DPEDMA_setup_shadow_link)
                  0001f096    00000052     libgtrack3D.aer4f : gtrack_utilities_3d.oer4f (.text:gtrack_calcDim)
                  0001f0e8    00000052                       : gtrack_utilities_3d.oer4f (.text:gtrack_censor2world)
                  0001f13a    00000002     --HOLE-- [fill = 0]
                  0001f13c    00000050     libcrc_xwr68xx.aer4f : crc.oer4f (.text:CRC_getSignature)
                  0001f18c    00000050     libdpm_xwr68xx.aer4f : dpm_core.oer4f (.text:DPM_synch)
                  0001f1dc    00000050     libedma_xwr68xx.aer4f : edma_low_level.oer4f (.text:EDMA3MapChToEvtQ)
                  0001f22c    00000050     libmmwave_xwr68xx.aer4f : mmwave.oer4f (.text:MMWave_sync)
                  0001f27c    00000050     pcount3D_cli.oer4f (.text:Pcount3DDemo_CLISensorStop)
                  0001f2cc    00000050     libgtrack3D.aer4f : gtrack_utilities_3d.oer4f (.text:gtrack_isInsideSolidAngle)
                  0001f31c    00000050                       : gtrack_module.oer4f (.text:gtrack_modulePredict)
                  0001f36c    00000050     mss_main.oer4f (.text:mmwDemo_mssDPMTask)
                  0001f3bc    00000050     libmmwavelink_xwr68xx.aer4f : rl_driver.oer4f (.text:rlDeviceIdentifyCmdDir)
                  0001f40c    00000050                                 : rl_driver.oer4f (.text:rlDriverVerifyCRC)
                  0001f45c    00000050     rtsv7R4_T_le_v3D16_eabi.lib : atoi.obj (.text)
                  0001f4ac    00000050                                 : exit.obj (.text)
                  0001f4fc    00000050                                 : u_div32.obj (.text)
                  0001f54c    00000004     pcount3D_mss_per4ft.oer4ft (.text:ti_sysbios_BIOS_RtsGateProxy_enter__E)
                  0001f550    00000050     sysbios.aer4ft : BIOS.obj (.text:xdc_runtime_System_exit__E)
                  0001f5a0    0000004c     libcli_xwr68xx.aer4f : cli.oer4f (.text:CLI_write)
                  0001f5ec    0000004c     libedma_xwr68xx.aer4f : edma.oer4f (.text:EDMA_disableChannel)
                  0001f638    0000004c                           : edma.oer4f (.text:EDMA_enableChannel)
                  0001f684    0000004c     libhwa_xwr68xx.aer4f : hwa.oer4f (.text:HWA_enableDoneInterrupt)
                  0001f6d0    0000004c     libmailbox_xwr68xx.aer4f : mailbox.oer4f (.text:Mailbox_boxEmptyISRProcessing)
                  0001f71c    0000004c     pcount3D_cli.oer4f (.text:Pcount3DDemo_CLIFineMotionCfg)
                  0001f768    0000004c     libuart_xwr68xx.aer4f : uartsci.oer4f (.text:UartSci_writeCancel)
                  0001f7b4    0000004c     rtsv7R4_T_le_v3D16_eabi.lib : cpy_tbl.obj (.text)
                  0001f800    0000004c     sysbios.aer4ft : BIOS.obj (.text:ti_sysbios_family_arm_v7r_vim_Hwi_getStackInfo__E)
                  0001f84c    0000004c     pcount3D_mss_per4ft.oer4ft (.text:ti_sysbios_knl_Task_create)
                  0001f898    00000006     libedma_xwr68xx.aer4f : edma_low_level.oer4f (.text:EDMA3QdmaGetErrIntrStatus)
                  0001f89e    00000002     --HOLE-- [fill = 0]
                  0001f8a0    0000004c     sysbios.aer4ft : BIOS.obj (.text:ti_sysbios_knl_Task_stat__E)
                  0001f8ec    00000004     pcount3D_mss_per4ft.oer4ft (.text:ti_sysbios_BIOS_RtsGateProxy_leave__E)
                  0001f8f0    0000004c     sysbios.aer4ft : BIOS.obj (.text:ti_sysbios_utils_Load_taskSwitchHook__E)
                  0001f93c    0000004a     libdpm_xwr68xx.aer4f : dpm_mailbox.oer4f (.text:DPM_mboxSendResult)
                  0001f986    0000004a     libmailbox_xwr68xx.aer4f : mailbox.oer4f (.text:Mailbox_boxFullISRProcessing)
                  0001f9d0    0000004a     sysbios.aer4ft : BIOS.obj (.text:xdc_runtime_Core_assignParams__I)
                  0001fa1a    00000006     libosal_xwr68xx.aer4f : HwiP_tirtos.oer4f (.text:HwiP_restore)
                  0001fa20    0000004a     sysbios.aer4ft : BIOS.obj (.text:xdc_runtime_Text_xprintf__I)
                  0001fa6a    00000048     libdpm_xwr68xx.aer4f : dpm_pipe.oer4f (.text:DPM_pipeRecv)
                  0001fab2    00000002     --HOLE-- [fill = 0]
                  0001fab4    00000048     libhwa_xwr68xx.aer4f : hwa.oer4f (.text:HWA_deleteInstance)
                  0001fafc    00000048     libgtrack3D.aer4f : gtrack_module.oer4f (.text:gtrack_moduleAssociate)
                  0001fb44    00000048     libmmwavelink_xwr68xx.aer4f : rl_device.oer4f (.text:rlDeviceGetVersion)
                  0001fb8c    00000048                                 : rl_driver.oer4f (.text:rlDriverOsiInit)
                  0001fbd4    00000048     pcount3D_mss_per4ft.oer4ft (.text:xdc_runtime_LoggerBuf_Object__create__S)
                  0001fc1c    00000046     libmailbox_xwr68xx.aer4f : mailbox.oer4f (.text:CSL_FINSR)
                  0001fc62    00000002     --HOLE-- [fill = 0]
                  0001fc64    00000044     libadcbuf_xwr68xx.aer4f : adcbuf_mmwave.oer4f (.text:ADCBUF_MMWave_close)
                  0001fca8    00000044     libcrc_xwr68xx.aer4f : crc.oer4f (.text:CRC_resetSignature)
                  0001fcec    00000044     libdpm_xwr68xx.aer4f : dpm_core.oer4f (.text:DPM_start)
                  0001fd30    00000044                          : dpm_core.oer4f (.text:DPM_stop)
                  0001fd74    00000044     libmailbox_xwr68xx.aer4f : mailbox.oer4f (.text:Mailbox_boxFullISRMssDss)
                  0001fdb8    00000044     libsoc_xwr68xx.aer4f : soc_xwr68xx_mss.oer4f (.text:SOC_resetDMA)
                  0001fdfc    00000044     rtsv7R4_T_le_v3D16_eabi.lib : hostclose.obj (.text)
                  0001fe40    00000044                                 : hostunlink.obj (.text)
                  0001fe84    0000000a     libdpm_xwr68xx.aer4f : dpm_core.oer4f (.text:DPM_chirpISR)
                  0001fe8e    00000002     --HOLE-- [fill = 0]
                  0001fe90    00000044     sysbios.aer4ft : BIOS.obj (.text:ti_sysbios_family_arm_v7r_tms570_Core_Module_startup__E)
                  0001fed4    0000000a     libdpm_xwr68xx.aer4f : dpm_core.oer4f (.text:DPM_frameStartISR)
                  0001fede    00000002     --HOLE-- [fill = 0]
                  0001fee0    00000044     sysbios.aer4ft : BIOS.obj (.text:ti_sysbios_knl_Task_allBlockedFunction__I)
                  0001ff24    0000000a     libosal_xwr68xx.aer4f : MemoryP_tirtos.oer4f (.text:MemoryP_ctrlFree)
                  0001ff2e    00000002     --HOLE-- [fill = 0]
                  0001ff30    00000044     sysbios.aer4ft : BIOS.obj (.text:xdc_runtime_LoggerBuf_Module_startup__E)
                  0001ff74    0000000a     libosal_xwr68xx.aer4f : SemaphoreP_tirtos.oer4f (.text:SemaphoreP_post)
                  0001ff7e    00000002     --HOLE-- [fill = 0]
                  0001ff80    00000044     sysbios.aer4ft : BIOS.obj (.text:xdc_runtime_System_atexit__E)
                  0001ffc4    00000042     libedma_xwr68xx.aer4f : edma.oer4f (.text:EDMA_transferController_error_isr)
                  00020006    00000042     libhwa_xwr68xx.aer4f : hwa.oer4f (.text:HWA_reset)
                  00020048    00000042     libmmwave_xwr68xx.aer4f : mmwave_link.oer4f (.text:MMWave_executeLink)
                  0002008a    00000042     libgtrack3D.aer4f : gtrack_module.oer4f (.text:gtrack_moduleReport)
                  000200cc    00000042     libmmwavelink_xwr68xx.aer4f : rl_controller.oer4f (.text:rlGetSubBlock)
                  0002010e    00000002     --HOLE-- [fill = 0]
                  00020110    00000040     libedma_xwr68xx.aer4f : edma.oer4f (.text:EDMA_linkParamSets)
                  00020150    00000040     libhwa_xwr68xx.aer4f : hwa.oer4f (.text:HWA_getHWAMemInfo)
                  00020190    00000040     libgtrack3D.aer4f : gtrack_math.oer4f (.text:gtrack_matrixSetDiag)
                  000201d0    00000040     libmmwavelink_xwr68xx.aer4f : rl_driver.oer4f (.text:rlDriverValidateHdr)
                  00020210    00000040     rtsv7R4_T_le_v3D16_eabi.lib : strtok.obj (.text)
                  00020250    00000040     sysbios.aer4ft : BIOS.obj (.text:ti_sysbios_timers_rti_Timer_stop__E)
                  00020290    0000003e     libadcbuf_xwr68xx.aer4f : adcbuf_mmwave.oer4f (.text:CSL_FINSR)
                  000202ce    0000003e     libcrc_xwr68xx.aer4f : crc.oer4f (.text:CSL_FINSR)
                  0002030c    0000003e     libdma_xwr68xx.aer4f : dma.oer4f (.text:CSL_FINSR)
                  0002034a    0000003e     libgpio_xwr68xx.aer4f : gpio.oer4f (.text:CSL_FINSR)
                  00020388    0000003e     libhwa_xwr68xx.aer4f : hwa.oer4f (.text:CSL_FINSR)
                  000203c6    0000003e     libpinmux_xwr68xx.aer4f : pinmux.oer4f (.text:CSL_FINSR)
                  00020404    0000003e     libsoc_xwr68xx.aer4f : soc.oer4f (.text:CSL_FINSR)
                  00020442    0000003e                          : soc_xwr68xx.oer4f (.text:CSL_FINSR)
                  00020480    0000003e                          : soc_xwr68xx_mss.oer4f (.text:CSL_FINSR)
                  000204be    0000003e     libuart_xwr68xx.aer4f : uartsci.oer4f (.text:CSL_FINSR)
                  000204fc    0000003e     libdpm_xwr68xx.aer4f : dpm_msg.oer4f (.text:DPM_msgStopHandler)
                  0002053a    0000003e     libhwa_xwr68xx.aer4f : hwa.oer4f (.text:HWA_enable)
                  00020578    0000003e     libmmwave_xwr68xx.aer4f : mmwave.oer4f (.text:MMWave_decodeError)
                  000205b6    0000003e     libuart_xwr68xx.aer4f : uartsci.oer4f (.text:UartSci_close)
                  000205f4    0000003c     libcli_xwr68xx.aer4f : cli_mmwave.oer4f (.text:CLI_MMWaveFlushCfg)
                  00020630    0000003c     libmailbox_xwr68xx.aer4f : mailbox.oer4f (.text:Mailbox_writeReset)
                  0002066c    0000003c     libsoc_xwr68xx.aer4f : soc.oer4f (.text:SOC_unhaltBSS)
                  000206a8    0000003c     sysbios.aer4ft : vim_Hwi_asm.obj (.text:ti_sysbios_family_arm_v7r_vim_Hwi_init__I)
                  000206e4    0000000a     libuart_xwr68xx.aer4f : UART.oer4f (.text:UART_read)
                  000206ee    00000002     --HOLE-- [fill = 0]
                  000206f0    0000003c     sysbios.aer4ft : BIOS.obj (.text:ti_sysbios_hal_Hwi_checkStack)
                  0002072c    00000004     pcount3D_mss_per4ft.oer4ft (.text:ti_sysbios_family_arm_TaskSupport_Module__startupDone__S)
                  00020730    0000003c     sysbios.aer4ft : BIOS.obj (.text:ti_sysbios_heaps_HeapMem_init__I)
                  0002076c    0000003a     libhwa_xwr68xx.aer4f : hwa.oer4f (.text:HWA_setDMA2ACCManualTrig)
                  000207a6    00000002     --HOLE-- [fill = 0]
                  000207a8    0000003a     libosal_xwr68xx.aer4f : HwiP_tirtos.oer4f (.text:HwiP_delete)
                  000207e2    00000002     --HOLE-- [fill = 0]
                  000207e4    00000038     libcli_xwr68xx.aer4f : cli_mmwave.oer4f (.text:CLI_MMWaveExtensionInit)
                  0002081c    00000038     objdetrangehwa.oer4f (.text:DPC_ObjectDetection_deinit)
                  00020854    00000038     libdpm_xwr68xx.aer4f : dpm_core.oer4f (.text:DPM_notifyExecute)
                  0002088c    00000038     libedma_xwr68xx.aer4f : edma_low_level.oer4f (.text:EDMA3ClrMissEvt)
                  000208c4    00000038     libuart_xwr68xx.aer4f : UART.oer4f (.text:UART_init)
                  000208fc    00000036     libmmwavelink_xwr68xx.aer4f : rl_controller.oer4f (.text:rlAppendSubBlock)
                  00020932    00000036     rtsv7R4_T_le_v3D16_eabi.lib : strncpy.obj (.text)
                  00020968    00000036                                 : ull_tofs_t2.obj (.text)
                  0002099e    00000002     --HOLE-- [fill = 0]
                  000209a0    00000034     libadcbuf_xwr68xx.aer4f : ADCBuf.oer4f (.text:ADCBuf_open)
                  000209d4    00000034     libedma_xwr68xx.aer4f : edma.oer4f (.text:EDMA_configTransferControllerError)
                  00020a08    00000034     libhwa_xwr68xx.aer4f : hwa.oer4f (.text:HWA_disableDoneInterrupt)
                  00020a3c    00000034     libmmwave_xwr68xx.aer4f : mmwave_link.oer4f (.text:MMWave_mboxWrite)
                  00020a70    00000034     mss_main.oer4f (.text:Pcount3DDemo_isAllCfgInNonPendingState)
                  00020aa4    00000034     mss_main.oer4f (.text:Pcount3DDemo_isAllCfgInPendingState)
                  00020ad8    00000034     libsoc_xwr68xx.aer4f : soc_xwr68xx.oer4f (.text:SOC_enableHWA)
                  00020b0c    00000034                          : soc_xwr68xx_mss.oer4f (.text:SOC_hasDSPCore)
                  00020b40    00000034                          : soc_xwr68xx.oer4f (.text:SOC_setMMWaveDSSLinkState)
                  00020b74    00000034                          : soc_xwr68xx.oer4f (.text:SOC_setMMWaveMSSLinkState)
                  00020ba8    00000034                          : soc_xwr68xx.oer4f (.text:SOC_setMSSLinkState)
                  00020bdc    00000034     libuart_xwr68xx.aer4f : UART.oer4f (.text:UART_open)
                  00020c10    00000034     sysbios.aer4ft : BIOS.obj (.text:ti_sysbios_family_arm_a15_TimestampProvider_get64__E)
                  00020c44    00000034     pcount3D_mss_per4ft.oer4ft (.text:ti_sysbios_knl_Semaphore_create)
                  00020c78    00000032     libcrc_xwr68xx.aer4f : crc.oer4f (.text:CRC_getCRCDataSelectBitValue)
                  00020caa    00000002     --HOLE-- [fill = 0]
                  00020cac    00000032                          : crc.oer4f (.text:CRC_getCRCTypeBitValue)
                  00020cde    00000032     libedma_xwr68xx.aer4f : edma.oer4f (.text:EDMA_configQueueThreshold)
                  00020d10    00000032     libhwa_xwr68xx.aer4f : hwa.oer4f (.text:HWA_allParamDoneISR)
                  00020d42    0000000e     libosal_xwr68xx.aer4f : SemaphoreP_tirtos.oer4f (.text:SemaphoreP_delete)
                  00020d50    00000032     sysbios.aer4ft : BIOS.obj (.text:ti_sysbios_hal_Hwi_initStack)
                  00020d82    00000002     --HOLE-- [fill = 0]
                  00020d84    00000030     libadcbuf_xwr68xx.aer4f : ADCBuf.oer4f (.text:ADCBuf_init)
                  00020db4    00000030     libmmwave_xwr68xx.aer4f : mmwave_listlib.oer4f (.text:MMWave_listRemoveNode)
                  00020de4    00000030     mss_main.oer4f (.text:Pcount3DDemo_resetStaticCfgPendingState)
                  00020e14    00000030     libsoc_xwr68xx.aer4f : soc.oer4f (.text:SOC_getDevicePartNumber)
                  00020e44    00000030     libgtrack3D.aer4f : gtrack_math.oer4f (.text:gtrack_matrixAdd)
                  00020e74    00000030                       : gtrack_math.oer4f (.text:gtrack_matrixSub)
                  00020ea4    00000030     libmmwavelink_xwr68xx.aer4f : rl_sensor.oer4f (.text:rlSensorStart)
                  00020ed4    00000030     pcount3D_mss_per4ft.oer4ft (.text:ti_sysbios_BIOS_startFunc__I)
                  00020f04    0000000a     libuart_xwr68xx.aer4f : UART.oer4f (.text:UART_write)
                  00020f0e    00000002     --HOLE-- [fill = 0]
                  00020f10    00000030     sysbios.aer4ft : BIOS.obj (.text:ti_sysbios_family_arm_TaskSupport_start__E)
                  00020f40    00000030     pcount3D_mss_per4ft.oer4ft (.text:ti_sysbios_gates_GateHwi_Object__create__S)
                  00020f70    00000030     pcount3D_mss_per4ft.oer4ft (.text:ti_sysbios_gates_GateMutex_Object__create__S)
                  00020fa0    00000030     pcount3D_mss_per4ft.oer4ft (.text:ti_sysbios_heaps_HeapMem_Object__create__S)
                  00020fd0    00000030     sysbios.aer4ft : BIOS.obj (.text:ti_sysbios_heaps_HeapMem_free__E)
                  00021000    00000030     pcount3D_mss_per4ft.oer4ft (.text:ti_sysbios_knl_Semaphore_construct)
                  00021030    00000030     pcount3D_mss_per4ft.oer4ft (.text:xdc_runtime_Error_policyLog__I)
                  00021060    0000002f     sysbios.aer4ft : BIOS.obj (.text:xdc_runtime_Text_printVisFxn__I)
                  0002108f    00000001     --HOLE-- [fill = 0]
                  00021090    0000002e     libdpm_xwr68xx.aer4f : dpm_msg.oer4f (.text:DPM_msgStartHandler)
                  000210be    0000002e     objdetrangehwa.oer4f (.text:_DPC_Objdet_Assert)
                  000210ec    00000004     pcount3D_mss_per4ft.oer4ft (.text:ti_sysbios_family_arm_v7r_vim_Hwi_delete)
                  000210f0    0000002e     sysbios.aer4ft : BIOS.obj (.text:ti_sysbios_knl_Semaphore_pendTimeout__I)
                  0002111e    0000002e     pcount3D_mss_per4ft.oer4ft (.text:ti_sysbios_rts_MemAlloc_alloc)
                  0002114c    0000002c     libdpm_xwr68xx.aer4f : dpm_pipe.oer4f (.text:DPM_pipeInit)
                  00021178    0000002c     trackerproc_3d.oer4f (.text:DPU_TrackerProc_init)
                  000211a4    0000002c     libedma_xwr68xx.aer4f : edma.oer4f (.text:EDMA_validate_channelIdchannelType)
                  000211d0    0000002c     libgpio_xwr68xx.aer4f : gpio.oer4f (.text:GPIO_HighPriorityISR)
                  000211fc    0000002c                           : gpio.oer4f (.text:GPIO_LowPriorityISR)
                  00021228    0000002c     libmmwave_xwr68xx.aer4f : mmwave_osal.oer4f (.text:MMWave_osalMutexCreate)
                  00021254    0000002c                             : mmwave_osal.oer4f (.text:MMWave_osalSemCreate)
                  00021280    0000002c     libsoc_xwr68xx.aer4f : soc_xwr68xx_mss.oer4f (.text:SOC_waitBSSPowerUp)
                  000212ac    0000002c     libmmwavelink_xwr68xx.aer4f : rl_device.oer4f (.text:rlDeviceGetMssVersion)
                  000212d8    0000002c                                 : rl_sensor.oer4f (.text:rlSensorStop)
                  00021304    0000002c     rtsv7R4_T_le_v3D16_eabi.lib : unlink.obj (.text)
                  00021330    0000002c     pcount3D_mss_per4ft.oer4ft (.text:ti_sysbios_BIOS_atExitFunc__I)
                  0002135c    0000002c     pcount3D_mss_per4ft.oer4ft (.text:ti_sysbios_gates_GateHwi_Handle__label__S)
                  00021388    0000002c     pcount3D_mss_per4ft.oer4ft (.text:ti_sysbios_gates_GateMutex_Handle__label__S)
                  000213b4    0000002c     pcount3D_mss_per4ft.oer4ft (.text:ti_sysbios_heaps_HeapMem_Handle__label__S)
                  000213e0    0000002c     pcount3D_mss_per4ft.oer4ft (.text:ti_sysbios_knl_Clock_doTick__I)
                  0002140c    0000002c     pcount3D_mss_per4ft.oer4ft (.text:ti_sysbios_knl_Queue_construct)
                  00021438    00000006     tracker_utils.oer4f (.text:gtrack_log)
                  0002143e    00000002     --HOLE-- [fill = 0]
                  00021440    0000002c     sysbios.aer4ft : BIOS.obj (.text:ti_sysbios_timers_rti_Timer_periodicStub__E)
                  0002146c    0000002c     pcount3D_mss_per4ft.oer4ft (.text:xdc_runtime_LoggerBuf_Handle__label__S)
                  00021498    0000002a     objdetrangehwa.oer4f (.text:DPC_ObjDetRangeHwa_MemPoolAlloc)
                  000214c2    0000002a     libdpm_xwr68xx.aer4f : dpm_pipe.oer4f (.text:DPM_pipeDeinit)
                  000214ec    0000002a     libedma_xwr68xx.aer4f : edma.oer4f (.text:EDMA_isError)
                  00021516    0000002a     mmwdemo_adcconfig.oer4f (.text:MmwDemo_ADCBufOpen)
                  00021540    0000002a     libsoc_xwr68xx.aer4f : soc.oer4f (.text:SOC_SystemISR)
                  0002156a    0000002a     libmmwavelink_xwr68xx.aer4f : rl_device.oer4f (.text:rlDeviceGetMmWaveLinkVersion)
                  00021594    0000002a     rtsv7R4_T_le_v3D16_eabi.lib : strspn.obj (.text)
                  000215be    00000028     objdetrangehwa.oer4f (.text:DPC_ObjDetRangeHwa_reconfigSubFrame)
                  000215e6    00000002     --HOLE-- [fill = 0]
                  000215e8    00000028     libdpm_xwr68xx.aer4f : dpm_mailbox.oer4f (.text:DPM_mboxDeinit)
                  00021610    00000028                          : dpm_msg.oer4f (.text:DPM_msgInitHeader)
                  00021638    00000028     rangeprochwa.oer4f (.text:DPU_RangeProcHWA_deinit)
                  00021660    00000028     libmailbox_xwr68xx.aer4f : mailbox.oer4f (.text:Mailbox_Config_init)
                  00021688    00000028     libuart_xwr68xx.aer4f : uartsci_dma.oer4f (.text:UartSci_RxDMACallbackFxn)
                  000216b0    00000028                           : uartsci_dma.oer4f (.text:UartSci_TxDMACallbackFxn)
                  000216d8    00000028     libmmwavelink_xwr68xx.aer4f : rl_driver.oer4f (.text:rlDriverConstructInMsg)
                  00021700    00000028     rtsv7R4_T_le_v3D16_eabi.lib : e_sqrtf.obj (.text)
                  00021728    00000028                                 : lseek.obj (.text)
                  00021750    00000028                                 : write.obj (.text)
                  00021778    00000006     libmmwavelink_xwr68xx.aer4f : rl_controller.oer4f (.text:rlGetSubBlockId)
                  0002177e    00000002     --HOLE-- [fill = 0]
                  00021780    00000028     sysbios.aer4ft : BIOS.obj (.text:ti_sysbios_knl_Idle_run__E)
                  000217a8    00000006     libmmwavelink_xwr68xx.aer4f : rl_controller.oer4f (.text:rlGetSubBlockLen)
                  000217ae    00000002     --HOLE-- [fill = 0]
                  000217b0    00000028     sysbios.aer4ft : BIOS.obj (.text:xdc_runtime_SysStd_abort__E)
                  000217d8    00000006                    : a15_TimestampProvider_asm.obj (.text:ti_sysbios_family_arm_a15_TimestampProvider_get32__E)
                  000217de    00000002     --HOLE-- [fill = 0]
                  000217e0    00000028                    : BIOS.obj (.text:xdc_runtime_System_aprintf_va__F)
                  00021808    00000026     libgtrack3D.aer4f : gtrack_listlib.oer4f (.text:gtrack_listEnqueue)
                  0002182e    00000026                       : gtrack_math.oer4f (.text:gtrack_vectorAdd)
                  00021854    00000026                       : gtrack_math.oer4f (.text:gtrack_vectorSub)
                  0002187a    00000026     libmmwavelink_xwr68xx.aer4f : rl_sensor.oer4f (.text:rlRfInitCalibConfig)
                  000218a0    00000026                                 : rl_sensor.oer4f (.text:rlRfRunTimeCalibConfig)
                  000218c6    00000026                                 : rl_sensor.oer4f (.text:rlRfSetCalMonFreqLimitConfig)
                  000218ec    00000026                                 : rl_sensor.oer4f (.text:rlRfSetDeviceCfg)
                  00021912    00000026                                 : rl_sensor.oer4f (.text:rlRfSetLdoBypassConfig)
                  00021938    00000026                                 : rl_sensor.oer4f (.text:rlSetAdcOutConfig)
                  0002195e    00000026                                 : rl_sensor.oer4f (.text:rlSetBpmCommonConfig)
                  00021984    00000026                                 : rl_sensor.oer4f (.text:rlSetChannelConfig)
                  000219aa    00000026                                 : rl_sensor.oer4f (.text:rlSetContModeConfig)
                  000219d0    00000026     rtsv7R4_T_le_v3D16_eabi.lib : memcmp.obj (.text)
                  000219f6    0000000a     libuart_xwr68xx.aer4f : UART.oer4f (.text:UART_writePolling)
                  00021a00    00000026     sysbios.aer4ft : BIOS.obj (.text:xdc_runtime_System_printf_va__F)
                  00021a26    00000002     --HOLE-- [fill = 0]
[...]
00024ef4  ti_sysbios_knl_Semaphore_A_noEvents__C                               
00024ef8  ti_sysbios_knl_Semaphore_A_overflow__C                               
00024efc  ti_sysbios_knl_Semaphore_A_pendTaskDisabled__C                       
00024f00  ti_sysbios_knl_Semaphore_Instance_State_pendQ__O                     
00024f04  ti_sysbios_knl_Semaphore_LM_pend__C                                  
00024f08  ti_sysbios_knl_Semaphore_LM_post__C                                  
00024f0c  ti_sysbios_knl_Semaphore_Module__diagsEnabled__C                     
00024f10  ti_sysbios_knl_Semaphore_Module__diagsIncluded__C                    
00024f14  ti_sysbios_knl_Semaphore_Module__diagsMask__C                        
00024f18  ti_sysbios_knl_Semaphore_Module__loggerFxn2__C                       
00024f1c  ti_sysbios_knl_Semaphore_Module__loggerFxn4__C                       
00024f20  ti_sysbios_knl_Semaphore_Module__loggerObj__C                        
00024f24  ti_sysbios_knl_Task_A_badPriority__C                                 
00024f28  ti_sysbios_knl_Task_A_badTaskState__C                                
00024f2c  ti_sysbios_knl_Task_A_badThreadType__C                               
00024f30  ti_sysbios_knl_Task_A_badTimeout__C                                  
00024f34  ti_sysbios_knl_Task_A_noPendElem__C                                  
00024f38  ti_sysbios_knl_Task_A_sleepTaskDisabled__C                           
00024f3c  ti_sysbios_knl_Task_E_spOutOfBounds__C                               
00024f40  ti_sysbios_knl_Task_E_stackOverflow__C                               
00024f44  ti_sysbios_knl_Task_LD_block__C                                      
00024f48  ti_sysbios_knl_Task_LD_exit__C                                       
00024f4c  ti_sysbios_knl_Task_LD_ready__C                                      
00024f50  ti_sysbios_knl_Task_LM_sleep__C                                      
00024f54  ti_sysbios_knl_Task_LM_switch__C                                     
00024f58  ti_sysbios_knl_Task_Module_State_inactiveQ__O                        
00024f5c  ti_sysbios_knl_Task_Module__diagsEnabled__C                          
00024f60  ti_sysbios_knl_Task_Module__diagsIncluded__C                         
00024f64  ti_sysbios_knl_Task_Module__diagsMask__C                             
00024f68  ti_sysbios_knl_Task_Module__loggerFxn2__C                            
00024f6c  ti_sysbios_knl_Task_Module__loggerFxn4__C                            
00024f70  ti_sysbios_knl_Task_Module__loggerObj__C                             
00024f74  ti_sysbios_knl_Task_Object__count__C                                 
00024f78  ti_sysbios_knl_Task_Object__heap__C                                  
00024f7c  ti_sysbios_knl_Task_allBlockedFunc__C                                
00024f80  ti_sysbios_knl_Task_defaultStackHeap__C                              
00024f84  ti_sysbios_knl_Task_defaultStackSize__C                              
00024f88  ti_sysbios_knl_Task_numConstructedTasks__C                           
00024f8c  ti_sysbios_timers_rti_Timer_E_cannotSupport__C                       
00024f90  ti_sysbios_timers_rti_Timer_Module__diagsEnabled__C                  
00024f94  ti_sysbios_timers_rti_Timer_Module__diagsIncluded__C                 
00024f98  ti_sysbios_timers_rti_Timer_Module__diagsMask__C                     
00024f9c  ti_sysbios_timers_rti_Timer_numTimerDevices__C                       
00024fa0  ti_sysbios_timers_rti_Timer_startupNeeded__C                         
00024fa4  ti_sysbios_utils_Load_LS_cpuLoad__C                                  
00024fa8  ti_sysbios_utils_Load_LS_taskLoad__C                                 
00024fac  ti_sysbios_utils_Load_Module_State_taskList__O                       
00024fb0  ti_sysbios_utils_Load_Module__diagsEnabled__C                        
00024fb4  ti_sysbios_utils_Load_Module__diagsIncluded__C                       
00024fb8  ti_sysbios_utils_Load_Module__diagsMask__C                           
00024fbc  ti_sysbios_utils_Load_Module__loggerFxn1__C                          
00024fc0  ti_sysbios_utils_Load_Module__loggerFxn4__C                          
00024fc4  ti_sysbios_utils_Load_Module__loggerObj__C                           
00024fc8  ti_sysbios_utils_Load_postUpdate__C                                  
00024fcc  ti_sysbios_utils_Load_windowInMs__C                                  
00024fd0  xdc_runtime_Assert_E_assertFailed__C                                 
00024fd4  xdc_runtime_Core_A_initializedParams__C                              
00024fd8  xdc_runtime_Core_Module__diagsEnabled__C                             
00024fdc  xdc_runtime_Core_Module__diagsIncluded__C                            
00024fe0  xdc_runtime_Core_Module__diagsMask__C                                
00024fe4  xdc_runtime_Error_E_memory__C                                        
00024fe8  xdc_runtime_Error_policyFxn__C                                       
00024fec  xdc_runtime_Error_policy__C                                          
00024ff0  xdc_runtime_Error_raiseHook__C                                       
00024ff4  xdc_runtime_IFilterLogger_Interface__BASE__C                         
00024ff8  xdc_runtime_IGateProvider_Interface__BASE__C                         
00024ffc  xdc_runtime_IHeap_Interface__BASE__C                                 
00025000  xdc_runtime_ILogger_Interface__BASE__C                               
00025004  xdc_runtime_IModule_Interface__BASE__C                               
00025008  xdc_runtime_LoggerBuf_E_badLevel__C                                  
0002500c  xdc_runtime_LoggerBuf_Module__gateObj__C                             
00025010  xdc_runtime_LoggerBuf_Object__count__C                               
00025014  xdc_runtime_LoggerBuf_statusLogger__C                                
00025018  xdc_runtime_Memory_defaultHeapInstance__C                            
0002501c  xdc_runtime_Startup_execImpl__C                                      
00025020  xdc_runtime_Startup_maxPasses__C                                     
00025024  xdc_runtime_Startup_sfxnRts__C                                       
00025028  xdc_runtime_Startup_sfxnTab__C                                       
0002502c  xdc_runtime_System_Module__gateObj__C                                
00025030  xdc_runtime_System_abortFxn__C                                       
00025034  xdc_runtime_System_exitFxn__C                                        
00025038  xdc_runtime_System_extendFxn__C                                      
0002503c  xdc_runtime_System_maxAtexitHandlers__C                              
00025040  xdc_runtime_Text_charTab__C                                          
00025044  xdc_runtime_Text_visitRopeFxn__C                                     
00025048  ti_sysbios_family_arm_v7r_tms570_Core_Module__id__C                  
0002504a  ti_sysbios_family_arm_v7r_vim_Hwi_Module__id__C                      
0002504c  ti_sysbios_family_arm_v7r_vim_Hwi_Module__loggerDefined__C           
0002504e  ti_sysbios_gates_GateMutex_Module__id__C                             
00025050  ti_sysbios_hal_Hwi_Module__id__C                                     
00025052  ti_sysbios_heaps_HeapMem_Module__id__C                               
00025054  ti_sysbios_knl_Clock_Module__id__C                                   
00025056  ti_sysbios_knl_Clock_Module__loggerDefined__C                        
00025058  ti_sysbios_knl_Semaphore_Module__id__C                               
0002505a  ti_sysbios_knl_Semaphore_Module__loggerDefined__C                    
0002505c  ti_sysbios_knl_Task_Module__id__C                                    
0002505e  ti_sysbios_knl_Task_Module__loggerDefined__C                         
00025060  ti_sysbios_timers_rti_Timer_Module__id__C                            
00025062  ti_sysbios_timers_rti_Timer_continueOnSuspend__C                     
00025064  ti_sysbios_utils_Load_Module__id__C                                  
00025066  ti_sysbios_utils_Load_Module__loggerDefined__C                       
00025068  ti_sysbios_utils_Load_autoAddTasks__C                                
0002506a  ti_sysbios_utils_Load_updateInIdle__C                                
0002506c  xdc_runtime_Core_Module__id__C                                       
0002506e  xdc_runtime_Error_Module__loggerDefined__C                           
00025070  xdc_runtime_Error_maxDepth__C                                        
00025072  xdc_runtime_LoggerBuf_Module__id__C                                  
00025074  xdc_runtime_LoggerBuf_filterByLevel__C                               
00025076  xdc_runtime_Main_Module__id__C                                       
00025078  xdc_runtime_Memory_Module__id__C                                     
0002507a  xdc_runtime_Text_isLoaded__C                                         
0002507c  xdc_runtime_Text_registryModsLastId__C                               
0002507e  xdc_runtime_Text_unnamedModsLastId__C                                
00025080  __TI_static_base__                                                   
000255b0  __TI_Handler_Table_Base                                              
000255bc  __TI_Handler_Table_Limit                                             
000255e8  __TI_CINIT_Base                                                      
00025618  __TI_CINIT_Limit                                                     
08000000  ti_sysbios_heaps_HeapMem_Instance_State_0_buf__A                     
08020800  gRFLdoBypassCfg                                                      
08020808  gMmwMssMCB                                                           
08022bb0  rl_txMsg                                                             
08022cb0  rl_rxMsg                                                             
08022f98  appStateParamTable                                                   
08022fc8  appGatingParamTable                                                  
08023018  appAllocationParamTable                                              
08023078  appPresenceParamTable                                                
08023168  appSceneryParamTable                                                 
08023358  gCLI_mmwave_freq_scale_factor                                        
08023360  gCLIMMWaveOpenCfg                                                    
08023388  gCLIMMWaveExtensionTable                                             
08023430  gCLIMMWaveControlCfg                                                 
080234fc  partInfoStringArray                                                  
080236c0  ti_sysbios_family_arm_v7r_vim_Hwi_Module_State_0_dispatchTable__A    
080238c0  _ftable                                                              
080239b0  ti_sysbios_utils_Load_Module__state__V                               
08023a48  ti_sysbios_knl_Task_Module_State_0_readyQ__A                         
08023ac8  _device                                                              
08023b40  gDMAHwCfg                                                            
08023ba0  ti_sysbios_knl_Task_Object__table__V                                 
08023bfc  gUartSciHwCfg                                                        
08023c54  _stream                                                              
08023ca4  gMailboxMCB                                                          
08023cf4  ti_sysbios_knl_Task_Module__state__V                                 
08023d3c  SOC_TranslateAddr_LUT                                                
08023d7c  ti_sysbios_gates_GateMutex_Object__table__V                          
08023dbc  ti_sysbios_timers_rti_Timer_Object__table__V                         
08023df8  ti_sysbios_family_arm_v7r_vim_Hwi_Module__state__V                   
08023e2c  gHWAHwCfg                                                            
08023e5c  ti_sysbios_family_arm_v7r_vim_Hwi_Object__table__V                   
08023e88  ti_sysbios_knl_Clock_Module__state__V                                
08023eb4  gUartSciFxnTable                                                     
08023edc  UART_config                                                          
08023f00  gDPC_ObjDetRangeHWACfg                                               
08023f24  ti_sysbios_BIOS_Module__state__V                                     
08023f48  xdc_runtime_LoggerBuf_Object__table__V                               
08023f6c  gHWADriverPtr                                                        
08023f70  gSOCHwAttrib                                                         
08023f90  ti_sysbios_knl_Clock_Object__table__V                                
08023fb0  xdc_runtime_Error_IgnoreBlock                                        
08023fd0  xdc_runtime_System_Module_State_0_atexitHandlers__A                  
08023ff0  ti_sysbios_utils_Load_Module_State_0_taskEnv__A                      
0802400c  ADCBuf_config                                                        
08024024  gMailboxMssBssHwCfg                                                  
0802403c  gMailboxMssDssHwCfg                                                  
08024054  ti_sysbios_heaps_HeapMem_Object__table__V                            
0802406c  ti_sysbios_timers_rti_Timer_Module_State_0_device__A                 
08024084  gDPMRemoteTable                                                      
08024098  ti_sysbios_family_arm_exc_Exception_Module__state__V                 
080240ac  DMA_defaultParams                                                    
080240bc  gHwaEDMAChanMapping                                                  
080240cc  __TI_ft_end                                                          
080240d0  __aeabi_stdin                                                        
080240d4  __aeabi_stdout                                                       
080240d8  __aeabi_stderr                                                       
080240dc  ti_sysbios_timers_rti_Timer_Module_State_0_intFreqs__A               
080240ec  ti_sysbios_timers_rti_Timer_Module__state__V                         
080240fc  __TI_cleanup_ptr                                                     
08024100  __TI_dtors_ptr                                                       
08024104  __TI_enable_exit_profile_output                                      
08024108  gESMHwCfgAttrs                                                       
08024114  ti_sysbios_family_arm_v7a_Pmu_Module__state__V                       
08024120  ti_sysbios_knl_Task_Module__root__V                                  
0802412c  _lock                                                                
08024130  _unlock                                                              
08024134  MmwDemo_RFParserHwCfg                                                
0802413c  gDPMHwAttrib                                                         
08024144  gGPIOHwAtrrib                                                        
0802414c  ti_sysbios_family_arm_v7r_vim_Hwi_Module__root__V                    
08024154  ti_sysbios_gates_GateHwi_Module__root__V                             
0802415c  ti_sysbios_gates_GateMutex_Module__root__V                           
08024164  ti_sysbios_hal_Hwi_Object__table__V                                  
0802416c  ti_sysbios_heaps_HeapMem_Module__root__V                             
08024174  ti_sysbios_knl_Queue_Module__root__V                                 
0802417c  ti_sysbios_knl_Semaphore_Module__root__V                             
08024184  ti_sysbios_timers_rti_Timer_Module_State_0_handles__A                
0802418c  xdc_runtime_LoggerBuf_Module__root__V                                
08024194  xdc_runtime_Registry_Module__state__V                                
0802419c  xdc_runtime_Startup_Module__state__V                                 
080241a4  xdc_runtime_System_Module__state__V                                  
080241ac  xdc_runtime_LoggerBuf_Module__state__V                               
080241b2  ti_sysbios_family_arm_exc_Exception_Module_State_0_excActive__A      
080241b8  gCRCRegister                                                         
080241bc  gDPM                                                                 
080241c0  regionId                                                             
080241c4  gPinmuxRegs                                                          
080241cc  errno                                                                
080241d8  main_func_sp                                                         
080241e0  ti_sysbios_family_arm_a15_TimestampProvider_Module__state__V         
080241e4  ti_sysbios_family_arm_exc_Exception_Module_State_0_excContext__A     
080241e8  ti_sysbios_family_arm_exc_Exception_Module_State_0_excStackBuffers__A
080241ec  ti_sysbios_family_arm_exc_Exception_Module_State_0_excStack__A       
080241f0  ti_sysbios_gates_GateHwi_Object__table__V                            
080241f4  ti_sysbios_heaps_HeapBuf_Module__state__V                            
080241f8  ti_sysbios_knl_Task_Module_State_0_idleTask__A                       
080241fc  ti_sysbios_utils_Load_Module_State_0_runningTask__A                  
08024200  ti_sysbios_utils_Load_Module_State_0_taskStartTime__A                
08024204  gGtrackMemoryUsed                                                    
08024208  xdc_runtime_Memory_Module__state__V                                  
0802420c  xdc_runtime_Error_Module__state__V                                   
08024210  xdc_runtime_LoggerBuf_Instance_State_0_entryArr__A                   
08025b10  ti_sysbios_family_arm_exc_Exception_Module_State_0_excStack_0__A     
08026b10  edmaDbg                                                              
08026ff8  ti_sysbios_knl_Task_Instance_State_0_stack__A                        
08027318  gCLI                                                                 
080274c0  gGPIOMCB                                                             
08027654  __CIOBUF_                                                            
08027774  gMMWave_MCB                                                          
08027874  __TI_tmpnams                                                         
08027914  gEsmMCB                                                              
08027984  gDMADriverPtr                                                        
0802798c  gMMWave_DualcoreMCB                                                  
08027994  parmbuf                                                              
0802799c  gObjDetObj                                                           
080279a0  ti_sysbios_knl_Task_Instance_State_0_hookEnv__A                      
080279a4  gDPCTCM                                                              
080299a8  ti_sysbios_family_arm_v7r_vim_Hwi_Module_State_0_fiqStack__A         
0802a1a8  __stack                                                              
0802a9a8  __STACK_END                                                          
51000000  gMmwL3                                                               
fffffdec  ti_sysbios_family_arm_v7r_vim_Hwi_vim                                
ffffffff  __TI_pprof_out_hndl                                                  
ffffffff  __TI_prof_data_size                                                  
ffffffff  __TI_prof_data_start                                                 
ffffffff  __binit__                                                            
ffffffff  __c_args__                                                           
ffffffff  binit                                                                
UNDEFED   SHT$$INIT_ARRAY$$Base                                                
UNDEFED   SHT$$INIT_ARRAY$$Limit                                               

[1196 symbols]
