******************************************************************************
               TMS320C6x Linker PC v8.3.3                      
******************************************************************************
>> Linked Fri Oct  8 09:36:17 2021

OUTPUT FILE NAME:   <3D_people_count_68xx_dss.xe674>
ENTRY POINT SYMBOL: "_c_int00"  address: 007f65a0


MEMORY CONFIGURATION

         name            origin    length      used     unused   attr    fill
----------------------  --------  ---------  --------  --------  ----  --------
PAGE 0:
  L2SRAM_UMAP1          007e0000   00020000  0001d04c  00002fb4  RWIX
  L2SRAM_UMAP0          00800000   00020000  0001fffe  00000002  RWIX
  L1PSRAM               00e00000   00007000  00006ea0  00000160  RWIX
  L1DSRAM               00f00000   00004000  00004000  00000000  RWIX
  L3SRAMOVLY            20000000   00090000  00000000  00090000  RWIX
  L3SRAM                20090000   00030000  00018500  00017b00  RWIX
  HWA_RAM               21030000   00010000  00000000  00010000  RWIX
  HSRAM                 21080000   00008000  00004b80  00003480  RWIX

PAGE 1:
  L3SRAM                20090000   00030000  00021000  0000f000  RWIX


SEGMENT ALLOCATION MAP

run origin  load origin   length   init length attrs members
----------  ----------- ---------- ----------- ----- -------
007e0000    007e0000    00019e60   00019e60    r-x
  007e0000    007e0000    00000200   00000200    r-x .vecs
  007e0200    007e0200    00019c60   00019c60    r-x .text
007f9e60    007f9e60    00001edc   00000000    rw-
  007f9e60    007f9e60    00001edc   00000000    rw- .far
007fbd3c    007fbd3c    00000004   00000004    rw-
  007fbd3c    007fbd3c    00000004   00000004    rw- .data.1
007fbd40    007fbd40    00000800   00000000    rw-
  007fbd40    007fbd40    00000800   00000000    rw- .stack
007fc540    007fc540    00000438   00000314    rw-
  007fc540    007fc540    000002bc   000002bc    rw- .fardata.1
  007fc7fc    007fc7fc    00000004   00000004    rw- .data.2
  007fc800    007fc800    0000003c   0000003c    rw- .fardata.2
  007fc83c    007fc83c    00000004   00000004    rw- .data.3
  007fc840    007fc840    00000004   00000004    rw- .fardata.3
  007fc844    007fc844    00000002   00000002    rw- .data.4
  007fc848    007fc848    0000000c   0000000c    rw- .fardata.4
  007fc858    007fc858    00000120   00000000    rw- .cio
007fc978    007fc978    0000009c   0000009c    r--
  007fc978    007fc978    0000009c   0000009c    r-- .switch
007fca14    007fca14    0000061e   0000061e    rw-
  007fca14    007fca14    00000008   00000008    rw- .neardata
  007fca1c    007fca1c    00000616   00000616    rw- .data.5
007fd038    007fd038    00000020   00000020    r--
  007fd038    007fd038    00000020   00000020    r-- .ovly
00800000    00800000    00019f00   00000000    rw-
  00800000    00800000    00019f00   00000000    rw- .dpc_l2Heap
00819f00    00819f00    00002ff6   00002ff6    r--
  00819f00    00819f00    00002ff6   00002ff6    r-- .const
0081cef8    0081cef8    00002c00   00000000    rw-
  0081cef8    0081cef8    00002c00   00000000    rw- systemHeap
0081faf8    0081faf8    00000508   00000508    rw-
  0081faf8    0081faf8    00000508   00000508    rw- .fardata.5
00e00000    20090000    00006ea0   00006ea0    r-x
  00e00000    20090000    00006ea0   00006ea0    r-x .fastCode
00f00000    00f00000    00004000   00000000    rw-
  00f00000    00f00000    00004000   00000000    rw- .dpc_l1Heap
2009ba20    2009ba20    00008280   00008280    rwx
  2009ba20    2009ba20    00008280   00008280    rwx .overlaidCode
200a3ca0    200a3ca0    00001da0   00001da0    r-x
  200a3ca0    200a3ca0    00001da0   00001da0    r-x .unUsedCode
200bd540    200bd540    00002ac0   00002ac0    r-x
  200bd540    200bd540    00002ac0   00002ac0    r-x .slowCode
21080000    20096ea0    00004b80   00004b80    r-x
  21080000    20096ea0    00004b80   00004b80    r-x .hsramCode
20090000    20090000    00021000   00000000    rw-
  20090000    20090000    00021000   00000000    rw- .l3data


SECTION ALLOCATION MAP

 output                                  attributes/
section   page    origin      length       input sections
--------  ----  ----------  ----------   ----------------
.vecs      0    007e0000    00000200     
                  007e0000    00000200     pcount3D_dss_pe674.oe674 (.vecs)

.text      0    007e0200    00019c60     
                  007e0200    00004080     RADARDEMO_aoaEst2DCaponBF_angleEst.oe674 (.text:RADARDEMO_aoaEst2DCaponBF_aeEstElevOnly)
                  007e4280    00001540     RADARDEMO_aoaEst2DCaponBF_angleEst.oe674 (.text:RADARDEMO_aoaEst2DCaponBF_aeEstZoomin)
                  007e57c0    00001240     RADARDEMO_detectionCFAR_priv.oe674 (.text:RADARDEMO_detectionCFAR_raCAAll_ver2)
                  007e6a00    00000ca0     RADARDEMO_aoaEst2DCaponBF_staticHeatMapEst.oe674 (.text:RADARDEMO_aoaEstimationBFSinglePeak_static)
                  007e76a0    00000c00     radarProcess.oe674 (.text:DPU_radarProcess_process)
                  007e82a0    00000b80     sysbios.ae674 : BIOS.obj (.text:xdc_runtime_System_doPrint__I)
                  007e8e20    00000960     RADARDEMO_aoaEst2DCaponBF.oe674 (.text:RADARDEMO_aoaEst2DCaponBF_run)
                  007e9780    000007a0     RADARDEMO_aoaEst2DCaponBF.oe674 (.text:RADARDEMO_aoaEst2DCaponBF_static_run)
                  007e9f20    00000780     sysbios.ae674 : BIOS.obj (.text:ti_sysbios_family_c64p_Exception_handler__I)
                  007ea6a0    000006a0                   : BIOS.obj (.text:ti_sysbios_knl_Semaphore_pend__E)
                  007ead40    00000680                   : BIOS.obj (.text:ti_sysbios_heaps_HeapMem_allocUnprotected__E)
                  007eb3c0    00000660                   : BIOS.obj (.text:ti_sysbios_heaps_HeapMem_freeUnprotected__E)
                  007eba20    000005a0                   : BIOS.obj (.text:ti_sysbios_knl_Task_Instance_finalize__E)
                  007ebfc0    00000440                   : BIOS.obj (.text:ti_sysbios_knl_Task_Instance_init__E)
                  007ec400    000003e0                   : BIOS.obj (.text:ti_sysbios_knl_Task_sleep__E)
                  007ec7e0    000003e0                   : BIOS.obj (.text:ti_sysbios_utils_Load_updateThreadContexts__E)
                  007ecbc0    000003a0     dsplib.ae674 : DSPF_sp_fftSPxSP.oe674 (.text:optimized)
                  007ecf60    00000360     libdpm_xwr68xx.ae674 : dpm_msg.oe674 (.text:DPM_msgRecv)
                  007ed2c0    00000300     sysbios.ae674 : BIOS.obj (.text:xdc_runtime_LoggerBuf_write8__E)
                  007ed5c0    000002e0                   : BIOS.obj (.text:ti_sysbios_heaps_HeapMem_Instance_init__E)
                  007ed8a0    000002e0                   : BIOS.obj (.text:xdc_runtime_Core_createObject__I)
                  007edb80    000002c0                   : BIOS.obj (.text:ti_sysbios_knl_Task_postInit__I)
                  007ede40    000002c0                   : BIOS.obj (.text:ti_sysbios_timers_rti_Timer_Module_startup__E)
                  007ee100    000002a0                   : BIOS.obj (.text:ti_sysbios_family_c64p_EventCombiner_dispatch__E)
                  007ee3a0    000002a0                   : BIOS.obj (.text:ti_sysbios_timers_rti_Timer_getFreq__E)
                  007ee640    00000280                   : BIOS.obj (.text:ti_sysbios_family_c64p_Cache_Module_startup__E)
                  007ee8c0    00000280                   : BIOS.obj (.text:xdc_runtime_Error_policyDefault__E)
                  007eeb40    00000260     rts6740_elf.lib : imath64.c.obj (.text:__c6xabi_divull)
                  007eeda0    00000260     sysbios.ae674 : BIOS.obj (.text:ti_sysbios_gates_GateMutex_enter__E)
                  007ef000    00000260                   : BIOS.obj (.text:xdc_runtime_Startup_startMods__I)
                  007ef260    00000260     pcount3D_dss_pe674.oe674 (.text:xdc_runtime_System_printfExtend__I)
                  007ef4c0    00000240     sysbios.ae674 : BIOS.obj (.text:ti_sysbios_family_c64p_Exception_internalHandler__I)
                  007ef700    00000220     libmailbox_xwr68xx.ae674 : mailbox.oe674 (.text:Mailbox_write)
                  007ef920    00000220     sysbios.ae674 : BIOS.obj (.text:ti_sysbios_family_c64p_EventCombiner_dispatchPlug__E)
                  007efb40    00000220                   : BIOS.obj (.text:ti_sysbios_family_c64p_EventCombiner_enableEvent__E)
                  007efd60    00000220                   : BIOS.obj (.text:xdc_runtime_LoggerBuf_write4__E)
                  007eff80    00000200     libdpm_xwr68xx.ae674 : dpm_msg.oe674 (.text:DPM_msgResultHandler)
                  007f0180    00000200     sysbios.ae674 : c64p_Hwi_disp_always.obj (.text:_ti_sysbios_family_c64p_Hwi_dispatchAlways)
                  007f0380    00000200                   : BIOS.obj (.text:ti_sysbios_family_c64p_EventCombiner_disableEvent__E)
                  007f0580    00000200                   : BIOS.obj (.text:ti_sysbios_utils_Load_idleFxn__E)
                  007f0780    00000200                   : BIOS.obj (.text:xdc_runtime_Core_constructObject__I)
                  007f0980    000001e0     RADARDEMO_aoaEst2DCaponBF_DopplerEst.oe674 (.text:RADARDEMO_aoaEst2DCaponBF_dopperEstInput)
                  007f0b60    000001e0     RADARDEMO_detectionCFAR.oe674 (.text:RADARDEMO_detectionCFAR_run)
                  007f0d40    000001e0     sysbios.ae674 : BIOS.obj (.text:ti_sysbios_knl_Semaphore_post__E)
                  007f0f20    000001c0     objectdetection.oe674 (.text:DPC_ObjectDetection_execute)
                  007f10e0    000001c0     objectdetection.oe674 (.text:DPC_ObjectDetection_ioctl)
                  007f12a0    000001c0     libmailbox_xwr68xx.ae674 : mailbox.oe674 (.text:Mailbox_read)
                  007f1460    000001c0     libsoc_xwr68xx.ae674 : soc.oe674 (.text:SOC_deregisterSysIntListener)
                  007f1620    000001c0     sysbios.ae674 : BIOS.obj (.text:ti_sysbios_knl_Swi_restoreHwi__E)
                  007f17e0    000001c0                   : BIOS.obj (.text:ti_sysbios_knl_Task_checkStacks__E)
                  007f19a0    000001c0                   : BIOS.obj (.text:xdc_runtime_Text_putSite__E)
                  007f1b60    000001a0                   : BIOS.obj (.text:ti_sysbios_family_c64p_Cache_getL2InitSize__I)
                  007f1d00    000001a0                   : BIOS.obj (.text:ti_sysbios_heaps_HeapBuf_Module_startup__E)
                  007f1ea0    000001a0                   : BIOS.obj (.text:ti_sysbios_knl_Swi_runLoop__I)
                  007f2040    000001a0                   : BIOS.obj (.text:ti_sysbios_knl_Task_exit__E)
                  007f21e0    000001a0                   : BIOS.obj (.text:ti_sysbios_timers_rti_Timer_startup__E)
                  007f2380    00000180     libdpm_xwr68xx.ae674 : dpm_core.oe674 (.text:DPM_ioctl)
                  007f2500    00000180     sysbios.ae674 : c64p_Exception_asm.obj (.text)
                  007f2680    00000180                   : BIOS.obj (.text:ti_sysbios_knl_Task_schedule__I)
                  007f2800    00000180                   : BIOS.obj (.text:ti_sysbios_utils_Load_startup__E)
                  007f2980    00000160     libdpm_xwr68xx.ae674 : dpm_msg.oe674 (.text:DPM_msgResponseHandler)
                  007f2ae0    00000160     libsoc_xwr68xx.ae674 : soc.oe674 (.text:SOC_registerSysIntListener)
                  007f2c40    00000160                          : soc_xwr68xx.oe674 (.text:SOC_ungateClock)
                  007f2da0    00000160     sysbios.ae674 : BIOS.obj (.text:ti_sysbios_family_c64p_Cache_getL1DInitSize__I)
                  007f2f00    00000160                   : BIOS.obj (.text:ti_sysbios_family_c64p_Cache_getL1PInitSize__I)
                  007f3060    00000160                   : BIOS.obj (.text:ti_sysbios_family_c64p_Hwi_Module_startup__E)
                  007f31c0    00000160                   : BIOS.obj (.text:xdc_runtime_Core_deleteObject__I)
                  007f3320    00000160                   : BIOS.obj (.text:xdc_runtime_LoggerBuf_getFilterLevel__E)
                  007f3480    00000160                   : BIOS.obj (.text:xdc_runtime_LoggerBuf_setFilterLevel__E)
                  007f35e0    00000140                   : BIOS.obj (.text:ti_sysbios_knl_Semaphore_Instance_init__E)
                  007f3720    00000140                   : BIOS.obj (.text:ti_sysbios_knl_Task_Module_startup__E)
                  007f3860    00000140                   : BIOS.obj (.text:ti_sysbios_knl_Task_startCore__E)
                  007f39a0    00000140                   : BIOS.obj (.text:ti_sysbios_timers_rti_Timer_initDevice__I)
                  007f3ae0    00000140                   : BIOS.obj (.text:ti_sysbios_utils_Load_addTask__E)
                  007f3c20    00000140                   : BIOS.obj (.text:ti_sysbios_utils_Load_updateLoads__E)
                  007f3d60    00000140                   : BIOS.obj (.text:xdc_runtime_Memory_alloc__E)
                  007f3ea0    00000140                   : BIOS.obj (.text:xdc_runtime_Text_putLab__E)
                  007f3fe0    00000140                   : BIOS.obj (.text:xdc_runtime_Text_visitRope2__I)
                  007f4120    00000120     libdpm_xwr68xx.ae674 : dpm_msg.oe674 (.text:DPM_msgDPCCfgHandler)
                  007f4240    00000120     boot.ae674 : autoinit.oe674 (.text:_auto_init_elf)
                  007f4360    00000120     sysbios.ae674 : BIOS.obj (.text:ti_sysbios_knl_Clock_workFunc__E)
                  007f4480    00000120                   : BIOS.obj (.text:ti_sysbios_utils_Load_taskCreateHook__E)
                  007f45a0    00000120                   : BIOS.obj (.text:ti_sysbios_utils_Load_taskDeleteHook__E)
                  007f46c0    00000100     libmailbox_xwr68xx.ae674 : mailbox.oe674 (.text:Mailbox_readFlush)
                  007f47c0    00000100     dss_main.oe674 (.text:Pcount3DDemo_DPC_RadarProc_reportFxn)
                  007f48c0    00000100     libsoc_xwr68xx.ae674 : soc_xwr68xx.oe674 (.text:SOC_translateAddress)
                  007f49c0    00000100     sysbios.ae674 : BIOS.obj (.text:xdc_runtime_Error_print__E)
                  007f4ac0    00000100                   : BIOS.obj (.text:xdc_runtime_Startup_exec__E)
                  007f4bc0    00000100                   : BIOS.obj (.text:xdc_runtime_Text_putMod__E)
                  007f4cc0    000000e0     libdpm_xwr68xx.ae674 : dpm_core.oe674 (.text:DPM_execute)
                  007f4da0    000000e0                          : dpm_pipe.oe674 (.text:DPM_pipeSend)
                  007f4e80    000000e0     libmailbox_xwr68xx.ae674 : mailbox.oe674 (.text:Mailbox_boxFullISRMssDss)
                  007f4f60    000000e0     rts6740_elf.lib : divi.asm.obj (.text:__divi)
                  007f5040    000000e0                     : exit.c.obj (.text:exit)
                  007f5120    000000e0                     : memset.c.obj (.text:memset)
                  007f5200    000000e0     sysbios.ae674 : BIOS.obj (.text:ti_sysbios_timers_rti_Timer_setPeriodMicroSecs__E)
                  007f52e0    000000e0                   : BIOS.obj (.text:ti_sysbios_utils_Load_updateCurrentThreadTime__E)
                  007f53c0    000000c0     objectdetection.oe674 (.text:DPC_ObjectDetection_frameStart)
                  007f5480    000000c0     libdpm_xwr68xx.ae674 : dpm_mailbox.oe674 (.text:DPM_mboxRemoteMailboxCallbackFxn)
                  007f5540    000000c0                          : dpm_core.oe674 (.text:DPM_sendResult)
                  007f5600    000000c0     libmailbox_xwr68xx.ae674 : mailbox.oe674 (.text:Mailbox_boxFullISRProcessing)
                  007f56c0    000000c0     objectdetection.oe674 (.text:_DPC_Objdet_Assert)
                  007f5780    000000c0     rts6740_elf.lib : remi.asm.obj (.text:__remi)
                  007f5840    000000c0     sysbios.ae674 : BIOS.obj (.text:ti_sysbios_family_c64p_Hwi_dispatchCore__I)
                  007f5900    000000c0                   : BIOS.obj (.text:ti_sysbios_heaps_HeapMem_alloc__E)
                  007f59c0    000000c0                   : BIOS.obj (.text:ti_sysbios_heaps_HeapMem_getStats__E)
                  007f5a80    000000c0                   : BIOS.obj (.text:ti_sysbios_knl_Swi_schedule__I)
                  007f5b40    000000c0                   : BIOS.obj (.text:ti_sysbios_knl_Task_allBlockedFunction__I)
                  007f5c00    000000c0     pcount3D_dss_pe674.oe674 (.text:ti_sysbios_knl_Task_create)
                  007f5cc0    000000c0     sysbios.ae674 : BIOS.obj (.text:ti_sysbios_knl_Task_stat__E)
                  007f5d80    000000c0                   : BIOS.obj (.text:ti_sysbios_utils_Load_taskSwitchHook__E)
                  007f5e40    000000c0     rts6740_elf.lib : tls.c.obj (.text:tls:init:__TI_tls_init)
                  007f5f00    000000c0     sysbios.ae674 : BIOS.obj (.text:xdc_runtime_Assert_raise__I)
                  007f5fc0    000000c0                   : BIOS.obj (.text:xdc_runtime_LoggerBuf_Instance_init__E)
                  007f6080    000000c0     pcount3D_dss_pe674.oe674 (.text:xdc_runtime_LoggerBuf_Object__create__S)
                  007f6140    000000a0     libdpm_xwr68xx.ae674 : dpm_msg.oe674 (.text:DPM_msgStartHandler)
                  007f61e0    000000a0                          : dpm_msg.oe674 (.text:DPM_msgStopHandler)
                  007f6280    000000a0                          : dpm_core.oe674 (.text:DPM_notifyExecute)
                  007f6320    000000a0                          : dpm_pipe.oe674 (.text:DPM_pipeRecv)
                  007f63c0    000000a0     libmailbox_xwr68xx.ae674 : mailbox.oe674 (.text:Mailbox_boxEmptyISRProcessing)
                  007f6460    000000a0     dss_main.oe674 (.text:Pcount3DDemo_DPC_RadarProc_dpmTask)
                  007f6500    000000a0     libsoc_xwr68xx.ae674 : soc.oe674 (.text:SOC_SystemISR)
                  007f65a0    000000a0     boot.ae674 : boot.oe674 (.text:_c_int00)
                  007f6640    000000a0     rts6740_elf.lib : memcpy64.asm.obj (.text:memcpy)
                  007f66e0    000000a0     sysbios.ae674 : BIOS.obj (.text:ti_sysbios_family_c64p_Exception_Module_startup__E)
                  007f6780    000000a0                   : BIOS.obj (.text:ti_sysbios_family_c64p_Hwi_dispatchC__I)
                  007f6820    000000a0                   : BIOS.obj (.text:ti_sysbios_family_c64p_Hwi_getStackInfo__E)
                  007f68c0    000000a0                   : BIOS.obj (.text:ti_sysbios_hal_Hwi_checkStack)
                  007f6960    000000a0                   : BIOS.obj (.text:ti_sysbios_knl_Semaphore_pendTimeout__I)
                  007f6a00    000000a0                   : BIOS.obj (.text:xdc_runtime_Core_assignParams__I)
                  007f6aa0    000000a0                   : BIOS.obj (.text:xdc_runtime_LoggerBuf_Module_startup__E)
                  007f6b40    000000a0                   : BIOS.obj (.text:xdc_runtime_System_atexit__E)
                  007f6be0    000000a0                   : BIOS.obj (.text:xdc_runtime_System_exit__E)
                  007f6c80    000000a0                   : BIOS.obj (.text:xdc_runtime_Text_printVisFxn__I)
                  007f6d20    000000a0                   : BIOS.obj (.text:xdc_runtime_Text_xprintf__I)
                  007f6dc0    00000080     objectdetection.oe674 (.text:DPC_ObjectDetection_start)
                  007f6e40    00000080     objectdetection.oe674 (.text:DPC_ObjectDetection_stop)
                  007f6ec0    00000080     libdpm_xwr68xx.ae674 : dpm_mailbox.oe674 (.text:DPM_mboxSendResult)
                  007f6f40    00000080                          : dpm_core.oe674 (.text:DPM_synch)
                  007f6fc0    00000080     sysbios.ae674 : c62_TaskSupport_asm.obj (.text:_ti_sysbios_family_c62_TaskSupport_swap__E)
                  007f7040    00000080     pcount3D_dss_pe674.oe674 (.text:ti_sysbios_BIOS_atExitFunc__I)
                  007f70c0    00000080     pcount3D_dss_pe674.oe674 (.text:ti_sysbios_BIOS_registerRTSLock__I)
                  007f7140    00000080     pcount3D_dss_pe674.oe674 (.text:ti_sysbios_gates_GateHwi_Object__create__S)
                  007f71c0    00000080     pcount3D_dss_pe674.oe674 (.text:ti_sysbios_gates_GateMutex_Object__create__S)
                  007f7240    00000080     pcount3D_dss_pe674.oe674 (.text:ti_sysbios_heaps_HeapMem_Object__create__S)
                  007f72c0    00000080     sysbios.ae674 : BIOS.obj (.text:ti_sysbios_heaps_HeapMem_init__I)
                  007f7340    00000080     pcount3D_dss_pe674.oe674 (.text:ti_sysbios_knl_Clock_doTick__I)
                  007f73c0    00000080     sysbios.ae674 : BIOS.obj (.text:ti_sysbios_knl_Idle_run__E)
                  007f7440    00000080     pcount3D_dss_pe674.oe674 (.text:ti_sysbios_knl_Semaphore_create)
                  007f74c0    00000080     sysbios.ae674 : BIOS.obj (.text:ti_sysbios_knl_Swi_post__E)
                  007f7540    00000080                   : BIOS.obj (.text:ti_sysbios_knl_Swi_startup__E)
                  007f75c0    00000080                   : BIOS.obj (.text:ti_sysbios_knl_Task_processVitalTaskFlag__I)
                  007f7640    00000080                   : BIOS.obj (.text:ti_sysbios_knl_Task_restore__E)
                  007f76c0    00000080                   : BIOS.obj (.text:ti_sysbios_knl_Task_sleepTimeout__I)
                  007f7740    00000080     pcount3D_dss_pe674.oe674 (.text:ti_sysbios_rts_MemAlloc_alloc)
                  007f77c0    00000080     sysbios.ae674 : BIOS.obj (.text:ti_sysbios_timers_rti_Timer_setPeriod__E)
                  007f7840    00000080                   : BIOS.obj (.text:ti_sysbios_timers_rti_Timer_stop__E)
                  007f78c0    00000080                   : BIOS.obj (.text:xdc_runtime_System_avprintf__E)
                  007f7940    00000080                   : BIOS.obj (.text:xdc_runtime_System_vprintf__E)
                  007f79c0    00000060     libdpm_xwr68xx.ae674 : dpm_listlib.oe674 (.text:DPM_listCat)
                  007f7a20    00000060                          : dpm_mailbox.oe674 (.text:DPM_mboxDeinit)
                  007f7a80    00000060                          : dpm_msg.oe674 (.text:DPM_msgInitHeader)
                  007f7ae0    00000060     libmailbox_xwr68xx.ae674 : mailbox.oe674 (.text:Mailbox_Config_init)
                  007f7b40    00000060     libsoc_xwr68xx.ae674 : soc_xwr68xx.oe674 (.text:SOC_setDSSLinkState)
                  007f7ba0    00000060                          : soc.oe674 (.text:SOC_unhaltBSS)
                  007f7c00    00000060     sysbios.ae674 : c64p_Hwi_asm_switch.obj (.text:_ti_sysbios_family_c64p_Hwi_switchAndDispatch__I)
                  007f7c60    00000060                   : c64p_Hwi_asm_switch.obj (.text:_ti_sysbios_family_xxx_Hwi_switchAndRunFunc)
                  007f7cc0    00000060     rts6740_elf.lib : memccpy.c.obj (.text:memccpy)
                  007f7d20    00000060     pcount3D_dss_pe674.oe674 (.text:ti_sysbios_BIOS_errorRaiseHook__I)
                  007f7d80    00000060     pcount3D_dss_pe674.oe674 (.text:ti_sysbios_BIOS_removeRTSLock__I)
                  007f7de0    00000060     pcount3D_dss_pe674.oe674 (.text:ti_sysbios_BIOS_startFunc__I)
                  007f7e40    00000060     sysbios.ae674 : BIOS.obj (.text:ti_sysbios_family_c62_TaskSupport_stackUsed__E)
                  007f7ea0    00000060                   : BIOS.obj (.text:ti_sysbios_family_c62_TaskSupport_start__E)
                  007f7f00    00000060                   : BIOS.obj (.text:ti_sysbios_family_c64p_Cache_setMar__E)
                  007f7f60    00000060                   : BIOS.obj (.text:ti_sysbios_family_c64p_EventCombiner_Module_startup__E)
                  007f7fc0    00000060                   : BIOS.obj (.text:ti_sysbios_family_c64p_EventCombiner_unused__E)
                  007f8020    00000060     pcount3D_dss_pe674.oe674 (.text:ti_sysbios_gates_GateMutex_Object__delete__S)
                  007f8080    00000060     sysbios.ae674 : BIOS.obj (.text:ti_sysbios_hal_Hwi_initStack)
                  007f80e0    00000060                   : BIOS.obj (.text:ti_sysbios_heaps_HeapMem_free__E)
                  007f8140    00000060                   : BIOS.obj (.text:ti_sysbios_knl_Clock_Module_startup__E)
                  007f81a0    00000060     pcount3D_dss_pe674.oe674 (.text:ti_sysbios_knl_Queue_construct)
                  007f8200    00000060     pcount3D_dss_pe674.oe674 (.text:ti_sysbios_knl_Semaphore_Object__delete__S)
                  007f8260    00000060     pcount3D_dss_pe674.oe674 (.text:ti_sysbios_knl_Semaphore_construct)
                  007f82c0    00000060     sysbios.ae674 : BIOS.obj (.text:ti_sysbios_knl_Swi_Module_startup__E)
                  007f8320    00000060                   : BIOS.obj (.text:ti_sysbios_knl_Task_enter__I)
                  007f8380    00000060     pcount3D_dss_pe674.oe674 (.text:xdc_runtime_Error_policyLog__I)
                  007f83e0    00000060     pcount3D_dss_pe674.oe674 (.text:xdc_runtime_LoggerBuf_Object__delete__S)
                  007f8440    00000060     sysbios.ae674 : BIOS.obj (.text:xdc_runtime_SysStd_abort__E)
                  007f84a0    00000040     libsoc_xwr68xx.ae674 : soc.oe674 (.text:CSL_FEXTR)
                  007f84e0    00000040                          : soc_xwr68xx.oe674 (.text:CSL_FEXTR)
                  007f8520    00000040     libmailbox_xwr68xx.ae674 : mailbox.oe674 (.text:CSL_FINSR)
                  007f8560    00000040     libsoc_xwr68xx.ae674 : soc.oe674 (.text:CSL_FINSR)
                  007f85a0    00000040                          : soc_xwr68xx.oe674 (.text:CSL_FINSR)
                  007f85e0    00000040                          : soc_xwr68xx_dss.oe674 (.text:CSL_FINSR)
                  007f8620    00000040     objectdetection.oe674 (.text:DPC_ObjectDetection_dataInjection)
                  007f8660    00000040     libdpm_xwr68xx.ae674 : dpm_listlib.oe674 (.text:DPM_listAdd)
                  007f86a0    00000040                          : dpm_listlib.oe674 (.text:DPM_listRemove)
                  007f86e0    00000040                          : dpm_mailbox.oe674 (.text:DPM_mboxMsgSend)
                  007f8720    00000040                          : dpm_msg.oe674 (.text:DPM_msgAssertHandler)
                  007f8760    00000040                          : dpm_msg.oe674 (.text:DPM_msgBSSFaultHandler)
                  007f87a0    00000040                          : dpm_msg.oe674 (.text:DPM_msgDPCInfoHandler)
                  007f87e0    00000040                          : dpm_pipe.oe674 (.text:DPM_pipeDequeue)
                  007f8820    00000040     libosal_xwr68xx.ae674 : HwiP_tirtos.oe674 (.text:HwiP_create)
                  007f8860    00000040                           : HwiP_tirtos.oe674 (.text:HwiP_delete)
                  007f88a0    00000040     libmailbox_xwr68xx.ae674 : mailbox.oe674 (.text:Mailbox_boxEmptyISRBss)
                  007f88e0    00000040                              : mailbox.oe674 (.text:Mailbox_boxEmptyISRMssDss)
                  007f8920    00000040                              : mailbox.oe674 (.text:Mailbox_boxFullISRBss)
                  007f8960    00000040     dss_main.oe674 (.text:Pcount3DDemo_DPC_processInterFrameBeginCallBackFxn)
                  007f89a0    00000040     libsoc_xwr68xx.ae674 : soc_xwr68xx_dss.oe674 (.text:SOC_getInAddr_LUTType)
                  007f89e0    00000040                          : soc_xwr68xx_dss.oe674 (.text:SOC_getOutAddr_LUTType)
                  007f8a20    00000040                          : soc_xwr68xx.oe674 (.text:SOC_isMSSOperational)
                  007f8a60    00000040     rts6740_elf.lib : args_main.c.obj (.text:_args_main)
                  007f8aa0    00000040     sysbios.ae674 : c62_TaskSupport_asm.obj (.text:_ti_sysbios_family_c62_TaskSupport_buildTaskStack)
                  007f8ae0    00000040     pcount3D_dss_pe674.oe674 (.text:free)
                  007f8b20    00000040     pcount3D_dss_pe674.oe674 (.text:ti_sysbios_BIOS_exitFunc__I)
                  007f8b60    00000040     pcount3D_dss_pe674.oe674 (.text:ti_sysbios_BIOS_rtsLock__I)
                  007f8ba0    00000040     pcount3D_dss_pe674.oe674 (.text:ti_sysbios_BIOS_rtsUnlock__I)
                  007f8be0    00000040     sysbios.ae674 : BIOS.obj (.text:ti_sysbios_family_c64p_Hwi_disableInterrupt__E)
                  007f8c20    00000040                   : BIOS.obj (.text:ti_sysbios_family_c64p_Hwi_enableInterrupt__E)
                  007f8c60    00000040     pcount3D_dss_pe674.oe674 (.text:ti_sysbios_gates_GateHwi_Handle__label__S)
                  007f8ca0    00000040     pcount3D_dss_pe674.oe674 (.text:ti_sysbios_gates_GateHwi_Object__delete__S)
                  007f8ce0    00000040     pcount3D_dss_pe674.oe674 (.text:ti_sysbios_gates_GateMutex_Handle__label__S)
                  007f8d20    00000040     sysbios.ae674 : BIOS.obj (.text:ti_sysbios_gates_GateMutex_Instance_init__E)
                  007f8d60    00000040                   : BIOS.obj (.text:ti_sysbios_gates_GateMutex_leave__E)
                  007f8da0    00000040     pcount3D_dss_pe674.oe674 (.text:ti_sysbios_heaps_HeapMem_Handle__label__S)
                  007f8de0    00000040     pcount3D_dss_pe674.oe674 (.text:ti_sysbios_heaps_HeapMem_Object__delete__S)
                  007f8e20    00000040     pcount3D_dss_pe674.oe674 (.text:ti_sysbios_heaps_HeapMem_Object__get__S)
                  007f8e60    00000040     pcount3D_dss_pe674.oe674 (.text:ti_sysbios_knl_Semaphore_destruct)
                  007f8ea0    00000040     pcount3D_dss_pe674.oe674 (.text:ti_sysbios_knl_Swi_Object__get__S)
                  007f8ee0    00000040     pcount3D_dss_pe674.oe674 (.text:ti_sysbios_knl_Task_Object__get__S)
                  007f8f20    00000040     sysbios.ae674 : BIOS.obj (.text:ti_sysbios_timers_rti_Timer_periodicStub__E)
                  007f8f60    00000040                   : BIOS.obj (.text:xdc_runtime_Error_init__E)
                  007f8fa0    00000040     pcount3D_dss_pe674.oe674 (.text:xdc_runtime_LoggerBuf_Handle__label__S)
                  007f8fe0    00000040     sysbios.ae674 : BIOS.obj (.text:xdc_runtime_LoggerBuf_Instance_finalize__E)
                  007f9020    00000040     pcount3D_dss_pe674.oe674 (.text:xdc_runtime_LoggerBuf_Object__get__S)
                  007f9060    00000040     sysbios.ae674 : BIOS.obj (.text:xdc_runtime_LoggerBuf_write0__E)
                  007f90a0    00000040                   : BIOS.obj (.text:xdc_runtime_LoggerBuf_write1__E)
                  007f90e0    00000040                   : BIOS.obj (.text:xdc_runtime_LoggerBuf_write2__E)
                  007f9120    00000040     pcount3D_dss_pe674.oe674 (.text:xdc_runtime_System_aprintf__E)
                  007f9160    00000040     pcount3D_dss_pe674.oe674 (.text:xdc_runtime_System_printf__E)
                  007f91a0    00000020     libdpm_xwr68xx.ae674 : dpm_core.oe674 (.text:DPM_chirpISR)
                  007f91c0    00000020                          : dpm_core.oe674 (.text:DPM_frameStartISR)
                  007f91e0    00000020                          : dpm_mailbox.oe674 (.text:DPM_mboxSynch)
                  007f9200    00000020     libosal_xwr68xx.ae674 : HwiP_tirtos.oe674 (.text:HwiP_Params_init)
                  007f9220    00000020                           : HwiP_tirtos.oe674 (.text:HwiP_disable)
                  007f9240    00000020                           : HwiP_tirtos.oe674 (.text:HwiP_disableInterrupt)
                  007f9260    00000020                           : HwiP_tirtos.oe674 (.text:HwiP_enableInterrupt)
                  007f9280    00000020                           : HwiP_tirtos.oe674 (.text:HwiP_restore)
                  007f92a0    00000020                           : MemoryP_tirtos.oe674 (.text:MemoryP_ctrlAlloc)
                  007f92c0    00000020                           : MemoryP_tirtos.oe674 (.text:MemoryP_ctrlFree)
                  007f92e0    00000020     dss_main.oe674 (.text:Pcount3DDemo_DPC_processFrameBeginCallBackFxn)
                  007f9300    00000020     dss_main.oe674 (.text:Pcount3DDemo_sleep)
                  007f9320    00000020     libosal_xwr68xx.ae674 : SemaphoreP_tirtos.oe674 (.text:SemaphoreP_Params_init)
                  007f9340    00000020                           : SemaphoreP_tirtos.oe674 (.text:SemaphoreP_delete)
                  007f9360    00000020                           : SemaphoreP_tirtos.oe674 (.text:SemaphoreP_pend)
                  007f9380    00000020                           : SemaphoreP_tirtos.oe674 (.text:SemaphoreP_post)
                  007f93a0    00000020                           : DebugP_tirtos.oe674 (.text:_DebugP_assert)
                  007f93c0    00000020     rts6740_elf.lib : errno.c.obj (.text:__c6xabi_errno_addr)
                  007f93e0    00000020                     : push.asm.obj (.text:__pop_rts)
                  007f9400    00000020                     : push.asm.obj (.text:__push_rts)
                  007f9420    00000020                     : _lock.c.obj (.text:_nop)
                  007f9440    00000020                     : _lock.c.obj (.text:_register_lock)
                  007f9460    00000020                     : _lock.c.obj (.text:_register_unlock)
                  007f9480    00000020                     : signbit.c.obj (.text:_signbit)
                  007f94a0    00000020     sysbios.ae674 : c62_TaskSupport_asm.obj (.text:_ti_sysbios_family_c62_TaskSupport_glue)
                  007f94c0    00000020     rts6740_elf.lib : exit.c.obj (.text:abort)
                  007f94e0    00000020     cycle_measure.oe674 (.text:cache_wbInvAllL2Wait)
                  007f9500    00000020     rts6740_elf.lib : fputc.c.obj (.text:putchar)
                  007f9520    00000020     pcount3D_dss_pe674.oe674 (.text:ti_sysbios_BIOS_RtsGateProxy_enter__E)
                  007f9540    00000020     pcount3D_dss_pe674.oe674 (.text:ti_sysbios_BIOS_RtsGateProxy_leave__E)
                  007f9560    00000020     sysbios.ae674 : BIOS.obj (.text:ti_sysbios_BIOS_getCpuFreq__E)
                  007f9580    00000020                   : BIOS.obj (.text:ti_sysbios_BIOS_linkedWithIncorrectBootLibrary__E)
                  007f95a0    00000020     pcount3D_dss_pe674.oe674 (.text:ti_sysbios_BIOS_nullFunc__I)
                  007f95c0    00000020     sysbios.ae674 : BIOS.obj (.text:ti_sysbios_BIOS_setThreadType__E)
                  007f95e0    00000020                   : BIOS.obj (.text:ti_sysbios_BIOS_start__E)
                  007f9600    00000020     pcount3D_dss_pe674.oe674 (.text:ti_sysbios_family_c62_TaskSupport_Module__startupDone__S)
                  007f9620    00000020     sysbios.ae674 : BIOS.obj (.text:ti_sysbios_family_c62_TaskSupport_checkStack__E)
                  007f9640    00000020                   : BIOS.obj (.text:ti_sysbios_family_c62_TaskSupport_getStackAlignment__E)
                  007f9660    00000020     pcount3D_dss_pe674.oe674 (.text:ti_sysbios_family_c64p_Hwi_Module__startupDone__F)
                  007f9680    00000020     sysbios.ae674 : BIOS.obj (.text:ti_sysbios_family_c64p_Hwi_clearInterrupt__E)
                  007f96a0    00000020                   : BIOS.obj (.text:ti_sysbios_family_c64p_Hwi_startup__E)
                  007f96c0    00000020                   : BIOS.obj (.text:ti_sysbios_family_c64p_Hwi_switchFromBootStack__E)
                  007f96e0    00000020                   : BIOS.obj (.text:ti_sysbios_family_c64p_TimestampProvider_Module_startup__E)
                  007f9700    00000020                   : BIOS.obj (.text:ti_sysbios_family_c64p_TimestampProvider_get32__E)
                  007f9720    00000020                   : BIOS.obj (.text:ti_sysbios_family_c64p_TimestampProvider_get64__E)
                  007f9740    00000020                   : BIOS.obj (.text:ti_sysbios_gates_GateHwi_Instance_init__E)
                  007f9760    00000020                   : BIOS.obj (.text:ti_sysbios_gates_GateHwi_enter__E)
                  007f9780    00000020                   : BIOS.obj (.text:ti_sysbios_gates_GateHwi_leave__E)
                  007f97a0    00000020                   : BIOS.obj (.text:ti_sysbios_gates_GateHwi_query__E)
                  007f97c0    00000020                   : BIOS.obj (.text:ti_sysbios_gates_GateMutex_Instance_finalize__E)
                  007f97e0    00000020                   : BIOS.obj (.text:ti_sysbios_gates_GateMutex_query__E)
                  007f9800    00000020                   : BIOS.obj (.text:ti_sysbios_hal_Hwi_Module_startup__E)
                  007f9820    00000020     pcount3D_dss_pe674.oe674 (.text:ti_sysbios_heaps_HeapBuf_Object__get__S)
                  007f9840    00000020     pcount3D_dss_pe674.oe674 (.text:ti_sysbios_heaps_HeapMem_Module_GateProxy_enter__E)
                  007f9860    00000020     pcount3D_dss_pe674.oe674 (.text:ti_sysbios_heaps_HeapMem_Module_GateProxy_leave__E)
                  007f9880    00000020     sysbios.ae674 : BIOS.obj (.text:ti_sysbios_heaps_HeapMem_isBlocking__E)
                  007f98a0    00000020     pcount3D_dss_pe674.oe674 (.text:ti_sysbios_knl_Clock_TimerProxy_getMaxTicks__E)
                  007f98c0    00000020     sysbios.ae674 : BIOS.obj (.text:ti_sysbios_knl_Clock_logTick__E)
                  007f98e0    00000020                   : BIOS.obj (.text:ti_sysbios_knl_Idle_loop__E)
                  007f9900    00000020                   : BIOS.obj (.text:ti_sysbios_knl_Queue_Instance_init__E)
                  007f9920    00000020     pcount3D_dss_pe674.oe674 (.text:ti_sysbios_knl_Queue_Object__get__S)
                  007f9940    00000020     pcount3D_dss_pe674.oe674 (.text:ti_sysbios_knl_Queue_destruct)
                  007f9960    00000020     sysbios.ae674 : BIOS.obj (.text:ti_sysbios_knl_Queue_empty__E)
                  007f9980    00000020                   : BIOS.obj (.text:ti_sysbios_knl_Semaphore_Instance_finalize__E)
                  007f99a0    00000020     pcount3D_dss_pe674.oe674 (.text:ti_sysbios_knl_Semaphore_Params__init__S)
                  007f99c0    00000020     pcount3D_dss_pe674.oe674 (.text:ti_sysbios_knl_Semaphore_delete)
                  007f99e0    00000020     sysbios.ae674 : BIOS.obj (.text:ti_sysbios_knl_Swi_disable__E)
                  007f9a00    00000020     pcount3D_dss_pe674.oe674 (.text:ti_sysbios_knl_Task_Params__init__S)
                  007f9a20    00000020     sysbios.ae674 : BIOS.obj (.text:ti_sysbios_knl_Task_disable__E)
                  007f9a40    00000020                   : BIOS.obj (.text:ti_sysbios_knl_Task_startup__E)
                  007f9a60    00000020     pcount3D_dss_pe674.oe674 (.text:ti_sysbios_timers_rti_Timer_Module__startupDone__F)
                  007f9a80    00000020     sysbios.ae674 : BIOS.obj (.text:ti_sysbios_timers_rti_Timer_getMaxTicks__E)
                  007f9aa0    00000020                   : BIOS.obj (.text:ti_sysbios_utils_Load_getCPULoad__E)
                  007f9ac0    00000020                   : BIOS.obj (.text:ti_sysbios_utils_Load_taskRegHook__E)
                  007f9ae0    00000020     pcount3D_dss_pe674.oe674 (.text:xdc_runtime_IHeap_alloc)
                  007f9b00    00000020     pcount3D_dss_pe674.oe674 (.text:xdc_runtime_IHeap_free)
                  007f9b20    00000020     pcount3D_dss_pe674.oe674 (.text:xdc_runtime_LoggerBuf_Module_GateProxy_enter__E)
                  007f9b40    00000020     pcount3D_dss_pe674.oe674 (.text:xdc_runtime_LoggerBuf_Module_GateProxy_leave__E)
                  007f9b60    00000020     sysbios.ae674 : BIOS.obj (.text:xdc_runtime_LoggerBuf_disable__E)
                  007f9b80    00000020                   : BIOS.obj (.text:xdc_runtime_LoggerBuf_enable__E)
                  007f9ba0    00000020                   : BIOS.obj (.text:xdc_runtime_Memory_free__E)
                  007f9bc0    00000020     pcount3D_dss_pe674.oe674 (.text:xdc_runtime_Startup_exec__I)
                  007f9be0    00000020     pcount3D_dss_pe674.oe674 (.text:xdc_runtime_Startup_reset__I)
                  007f9c00    00000020     sysbios.ae674 : BIOS.obj (.text:xdc_runtime_Startup_rtsDone__E)
                  007f9c20    00000020                   : BIOS.obj (.text:xdc_runtime_SysStd_exit__E)
                  007f9c40    00000020                   : BIOS.obj (.text:xdc_runtime_SysStd_putch__E)
                  007f9c60    00000020                   : BIOS.obj (.text:xdc_runtime_SysStd_ready__E)
                  007f9c80    00000020     pcount3D_dss_pe674.oe674 (.text:xdc_runtime_System_Module_GateProxy_enter__E)
                  007f9ca0    00000020     pcount3D_dss_pe674.oe674 (.text:xdc_runtime_System_Module_GateProxy_leave__E)
                  007f9cc0    00000020     sysbios.ae674 : BIOS.obj (.text:xdc_runtime_System_Module_startup__E)
                  007f9ce0    00000020     pcount3D_dss_pe674.oe674 (.text:xdc_runtime_Text_visitRope__I)
                  007f9d00    00000010     rts6740_elf.lib : fputc.c.obj ($Tramp$S$$fputc)
                  007f9d10    00000010                     : fflush.c.obj ($Tramp$S$$fflush)
                  007f9d20    00000010     libmailbox_xwr68xx.ae674 : mailbox.oe674 ($Tramp$S$$Mailbox_close)
                  007f9d30    00000010     dss_main.oe674 ($Tramp$S$$Pcount3DDemo_sensorStopEpilog)
                  007f9d40    00000010     objectdetection.oe674 ($Tramp$S$$DPC_ObjDetDSP_preStartConfig)
                  007f9d50    00000010     rts6740_elf.lib : fixfu.c.obj ($Tramp$S$$__c6xabi_fixfu)
                  007f9d60    00000010     RADARDEMO_detectionCFAR_priv.oe674 ($Tramp$S$$RADARDEMO_detectionCFAR_OS)
                  007f9d70    00000010     RADARDEMO_detectionCFAR_priv.oe674 ($Tramp$S$$RADARDEMO_detectionCFAR_raCAAll)
                  007f9d80    00000010     RADARDEMO_detectionCFAR_priv.oe674 ($Tramp$S$$RADARDEMO_detectionCFAR_CAAll)
                  007f9d90    00000010     rts6740_elf.lib : llshift.c.obj ($Tramp$S$$__c6xabi_llshru)
                  007f9da0    00000010                     : imath64.c.obj ($Tramp$S$$_subcull)
                  007f9db0    00000010                     : llshift.c.obj ($Tramp$S$$__c6xabi_llshl)
                  007f9dc0    00000010     RADARDEMO_aoaEst2DCaponBF_angleEst.oe674 ($Tramp$S$$RADARDEMO_aoaEst2DCaponBF_aeEstElevAzim)
                  007f9dd0    00000010     RADARDEMO_aoaEst2DCaponBF_heatmapEst.oe674 ($Tramp$S$$RADARDEMO_aoaEst2DCaponBF_raHeatmap)
                  007f9de0    00000010     RADARDEMO_aoaEst2DCaponBF_rnEstInv.oe674 ($Tramp$S$$RADARDEMO_aoaEst2DCaponBF_covInv)
                  007f9df0    00000010     RADARDEMO_aoaEst2DCaponBF_staticRemoval.oe674 ($Tramp$S$$RADARDEMO_aoaEst2DCaponBF_clutterRemoval)
                  007f9e00    00000010     RADARDEMO_aoaEst2DCaponBF_bpmDecoding.oe674 ($Tramp$S$$RADARDEMO_aoaEst2DCaponBF_bpmDecoding)
                  007f9e10    00000010     rts6740_elf.lib : divu.asm.obj ($Tramp$S$$__c6xabi_divu)
                  007f9e20    00000010     copyTranspose.oe674 ($Tramp$S$$copyTranspose)
                  007f9e30    00000010     rts6740_elf.lib : remu.asm.obj ($Tramp$S$$__c6xabi_remu)
                  007f9e40    00000010                     : divf.c.obj ($Tramp$S$$__c6xabi_divf)
                  007f9e50    00000010     --HOLE-- [fill = 00000000]

.data.1    0    007fbd3c    00000004     
                  007fbd3c    00000004     pcount3D_dss_pe674.oe674 (.data:ti_sysbios_family_c64p_Cache_Module__state__V)

.stack     0    007fbd40    00000800     UNINITIALIZED
                  007fbd40    00000008     boot.ae674 : boot.oe674 (.stack)
                  007fbd48    000007f8     --HOLE--

.neardata 
*          0    007fca14    00000008     
                  007fca14    00000004     libdpm_xwr68xx.ae674 : dpm_mailbox.oe674 (.neardata)
                  007fca18    00000004     libedma_xwr68xx.ae674 : edma_low_level.oe674 (.neardata)

.cinit     0    00800000    00000000     UNINITIALIZED

.far       0    007f9e60    00001edc     UNINITIALIZED
                  007f9e60    00001900     (.common:xdc_runtime_LoggerBuf_Instance_State_0_entryArr__A)
                  007fb760    00000320     pcount3D_dss_pe674.oe674 (.far:taskStackSection)
                  007fba80    00000140     (.common:__TI_tmpnams)
                  007fbbc0    000000d8     (.common:gPcount3DDssMCB)
                  007fbc98    00000070     (.common:gRadarOsal_heapObj)
                  007fbd08    00000018     (.common:resultBuffer)
                  007fbd20    00000010     (.common:edmaDbg)
                  007fbd30    00000008     (.common:parmbuf)
                  007fbd38    00000004     (.common:ti_sysbios_knl_Task_Instance_State_0_hookEnv__A)

.data.2    0    007fc7fc    00000004     
                  007fc7fc    00000004     pcount3D_dss_pe674.oe674 (.data:ti_sysbios_heaps_HeapBuf_Module__state__V)

.data.3    0    007fc83c    00000004     
                  007fc83c    00000004     pcount3D_dss_pe674.oe674 (.data:xdc_runtime_Memory_Module__state__V)

.data.4    0    007fc844    00000002     
                  007fc844    00000002     pcount3D_dss_pe674.oe674 (.data:xdc_runtime_Error_Module__state__V)

.cio       0    007fc858    00000120     UNINITIALIZED
                  007fc858    00000120     rts6740_elf.lib : trgmsg.c.obj (.cio)

.switch    0    007fc978    0000009c     
                  007fc978    00000038     rts6740_elf.lib : _printfi.c.obj (.switch:__TI_printfi)
                  007fc9b0    0000001c     libsoc_xwr68xx.ae674 : soc_xwr68xx.oe674 (.switch:SOC_ungateClock)
                  007fc9cc    00000018     libdpm_xwr68xx.ae674 : dpm_msg.oe674 (.switch:DPM_msgResponseHandler)
                  007fc9e4    00000010                          : dpm_core.oe674 (.switch:DPM_ioctl)
                  007fc9f4    00000010     libsoc_xwr68xx.ae674 : soc_xwr68xx_dss.oe674 (.switch:SOC_getInAddr_LUTType)
                  007fca04    00000010                          : soc_xwr68xx_dss.oe674 (.switch:SOC_getOutAddr_LUTType)

.data.5    0    007fca1c    00000616     
                  007fca1c    00000400     pcount3D_dss_pe674.oe674 (.data:ti_sysbios_family_c64p_EventCombiner_Module__state__V)
                  007fce1c    00000098     pcount3D_dss_pe674.oe674 (.data:ti_sysbios_utils_Load_Module__state__V)
                  007fceb4    0000006c     pcount3D_dss_pe674.oe674 (.data:ti_sysbios_family_c64p_Hwi_Module__state__V)
                  007fcf20    00000048     pcount3D_dss_pe674.oe674 (.data:ti_sysbios_knl_Task_Module__state__V)
                  007fcf68    00000030     pcount3D_dss_pe674.oe674 (.data:ti_sysbios_family_c64p_Exception_Module__state__V)
                  007fcf98    0000002c     pcount3D_dss_pe674.oe674 (.data:ti_sysbios_knl_Clock_Module__state__V)
                  007fcfc4    00000024     pcount3D_dss_pe674.oe674 (.data:ti_sysbios_BIOS_Module__state__V)
                  007fcfe8    0000001c     pcount3D_dss_pe674.oe674 (.data:ti_sysbios_knl_Swi_Module__state__V)
                  007fd004    00000010     pcount3D_dss_pe674.oe674 (.data:ti_sysbios_timers_rti_Timer_Module__state__V)
                  007fd014    00000008     pcount3D_dss_pe674.oe674 (.data:xdc_runtime_Registry_Module__state__V)
                  007fd01c    00000008     pcount3D_dss_pe674.oe674 (.data:xdc_runtime_Startup_Module__state__V)
                  007fd024    00000008     pcount3D_dss_pe674.oe674 (.data:xdc_runtime_System_Module__state__V)
                  007fd02c    00000006     pcount3D_dss_pe674.oe674 (.data:xdc_runtime_LoggerBuf_Module__state__V)

.ovly      0    007fd038    00000020     
                  007fd038    00000010     (.ovly:_pcount3DDemo_configCode_HSRAM_copy_table)
                  007fd048    00000010     (.ovly:_pcount3DDemo_fastCode_L1PSRAM_copy_table)

.dpc_l1Heap 
*          0    00f00000    00004000     UNINITIALIZED
                  00f00000    00004000     dss_main.oe674 (.dpc_l1Heap)

.fastCode 
*          0    20090000    00006ea0     RUN ADDR = 00e00000
                  20090000    00001960     RADARDEMO_detectionCFAR_priv.oe674 (.text:RADARDEMO_detectionCFAR_raCAAll)
                  20091960    000043c0     RADARDEMO_aoaEst2DCaponBF_heatmapEst.oe674 (.text:RADARDEMO_aoaEst2DCaponBF_raHeatmap)
                  20095d20    000006a0     RADARDEMO_aoaEst2DCaponBF_rnEstInv.oe674 (.text:RADARDEMO_aoaEst2DCaponBF_covInv)
                  200963c0    00000580     MATRIX_cholesky.oe674 (.text:MATRIX_cholesky_flp_inv)
                  20096940    00000380     RADARDEMO_aoaEst2DCaponBF_staticRemoval.oe674 (.text:RADARDEMO_aoaEst2DCaponBF_clutterRemoval)
                  20096cc0    00000100     RADARDEMO_aoaEst2DCaponBF_bpmDecoding.oe674 (.text:RADARDEMO_aoaEst2DCaponBF_bpmDecoding)
                  20096dc0    000000c0     copyTranspose.oe674 (.text:copyTranspose)
                  20096e80    00000010     rts6740_elf.lib : push.asm.obj ($Tramp$S$$__c6xabi_pop_rts)
                  20096e90    00000010                     : push.asm.obj ($Tramp$S$$__c6xabi_push_rts)

.hsramCode 
*          0    20096ea0    00004b80     RUN ADDR = 21080000
                  20096ea0    00000180     libdpm_xwr68xx.ae674 : dpm_core.oe674 (.text:DPM_deinit)
                  20097020    00000160     libmailbox_xwr68xx.ae674 : mailbox.oe674 (.text:Mailbox_close)
                  20097180    00000080     libdpm_xwr68xx.ae674 : dpm_pipe.oe674 (.text:DPM_pipeDeinit)
                  20097200    00000080     dss_main.oe674 (.text:Pcount3DDemo_sensorStopEpilog)
                  20097280    00000020     rts6740_elf.lib : printf.c.obj (.text:_outc)
                  200972a0    00000020                     : printf.c.obj (.text:_outs)
                  200972c0    000000e0                     : printf.c.obj (.text:printf)
                  200973a0    00000200                     : _printfi.c.obj (.text:_ltostr)
                  200975a0    00000040                     : _printfi.c.obj (.text:__c6xabi_isnan)
                  200975e0    000000a0                     : _printfi.c.obj (.text:_ecpy)
                  20097680    00000100                     : _printfi.c.obj (.text:_mcpy)
                  20097780    00000400                     : _printfi.c.obj (.text:_pconv_g)
                  20097b80    000002a0                     : _printfi.c.obj (.text:fcvt)
                  20097e20    00000120                     : _printfi.c.obj (.text:_pconv_f)
                  20097f40    000002a0                     : _printfi.c.obj (.text:_pconv_e)
                  200981e0    00000660                     : _printfi.c.obj (.text:_pconv_a)
                  20098840    00002040                     : _printfi.c.obj (.text:__TI_printfi)
                  2009a880    00000320                     : fputs.c.obj (.text:fputs)
                  2009aba0    000001c0                     : fputc.c.obj (.text:fputc)
                  2009ad60    000001c0                     : imath40.c.obj (.text:__c6xabi_divul)
                  2009af20    000005e0                     : divd.c.obj (.text:__c6xabi_divd)
                  2009b500    00000010                     : llshift.c.obj ($Tramp$S$$__c6xabi_llshru)
                  2009b510    00000010                     : frcmpyd_div.c.obj ($Tramp$S$$__TI_frcmpyd_div)
                  2009b520    000001c0                     : frexp.c.obj (.text:frexp)
                  2009b6e0    00000180                     : ldexp.c.obj (.text:ldexp)
                  2009b860    00000010                     : write.c.obj ($Tramp$S$$write)
                  2009b870    00000010                     : fflush.c.obj ($Tramp$S$$__TI_doflush)
                  2009b880    00000010                     : memcpy64.asm.obj ($Tramp$S$$memcpy)
                  2009b890    00000010                     : _io_perm.c.obj ($Tramp$S$$__TI_wrt_ok)
                  2009b8a0    00000010                     : errno.c.obj ($Tramp$S$$__c6xabi_errno_addr)
                  2009b8b0    00000010                     : wcslen.c.obj ($Tramp$S$$wcslen)
                  2009b8c0    00000010                     : memccpy.c.obj ($Tramp$S$$memccpy)
                  2009b8d0    00000010                     : signbit.c.obj ($Tramp$S$$_signbit)
                  2009b8e0    00000010                     : isinf.c.obj ($Tramp$S$$__c6xabi_isinf)
                  2009b8f0    00000010                     : memset.c.obj ($Tramp$S$$memset)
                  2009b900    00000010                     : atoi.c.obj ($Tramp$S$$atoi)
                  2009b910    00000010                     : _ltoa.c.obj ($Tramp$S$$__TI_ltoa)
                  2009b920    00000010                     : divu.asm.obj ($Tramp$S$$__c6xabi_divu)
                  2009b930    00000010                     : imath64.c.obj ($Tramp$S$$__c6xabi_divull)
                  2009b940    00000010     sysbios.ae674 : BIOS.obj ($Tramp$S$$ti_sysbios_family_c64p_Hwi_getStackInfo__E)
                  2009b950    00000010                   : BIOS.obj ($Tramp$S$$ti_sysbios_knl_Task_stat__E)
                  2009b960    00000010     libdpm_xwr68xx.ae674 : dpm_listlib.oe674 ($Tramp$S$$DPM_listAdd)
                  2009b970    00000010                          : dpm_pipe.oe674 ($Tramp$S$$DPM_pipeDequeue)
                  2009b980    00000010     rts6740_elf.lib : push.asm.obj ($Tramp$S$$__c6xabi_pop_rts)
                  2009b990    00000010     libosal_xwr68xx.ae674 : HwiP_tirtos.oe674 ($Tramp$S$$HwiP_restore)
                  2009b9a0    00000010                           : HwiP_tirtos.oe674 ($Tramp$S$$HwiP_disable)
                  2009b9b0    00000010                           : HwiP_tirtos.oe674 ($Tramp$S$$HwiP_delete)
                  2009b9c0    00000010     rts6740_elf.lib : push.asm.obj ($Tramp$S$$__c6xabi_push_rts)
                  2009b9d0    00000010     libosal_xwr68xx.ae674 : MemoryP_tirtos.oe674 ($Tramp$S$$MemoryP_ctrlFree)
                  2009b9e0    00000010                           : SemaphoreP_tirtos.oe674 ($Tramp$S$$SemaphoreP_delete)
                  2009b9f0    00000010                           : DebugP_tirtos.oe674 ($Tramp$S$$_DebugP_assert)
                  2009ba00    00000010     libsoc_xwr68xx.ae674 : soc.oe674 ($Tramp$S$$SOC_deregisterSysIntListener)
                  2009ba10    00000010     --HOLE-- [fill = 00000000]

.overlaidCode 
*          0    2009ba20    00008280     
                  2009ba20    00002680     RADARDEMO_aoaEst2DCaponBF.oe674 (.text:RADARDEMO_aoaEst2DCaponBF_create)
                  2009e0a0    000002a0     RADARDEMO_detectionCFAR.oe674 (.text:RADARDEMO_detectionCFAR_create)
                  2009e340    00000860     RADARDEMO_aoaEst2DCaponBF_utils.oe674 (.text:tw_gen_float)
                  2009eba0    000010c0     radarProcess.oe674 (.text:DPU_radarProcess_init)
                  2009fc60    00000060     objectdetection.oe674 (.text:DPC_ObjectDetection_deinit)
                  2009fcc0    000001c0     radarOsal_malloc.oe674 (.text:radarOsal_memAlloc)
                  2009fe80    00000100     radarOsal_malloc.oe674 (.text:radarOsal_memInit)
                  2009ff80    00000020     radarOsal_malloc.oe674 (.text:radarOsal_memDeInit)
                  2009ffa0    00000280     radarOsal_malloc.oe674 (.text:radarOsal_printHeapStats)
                  200a0220    00000200     objectdetection.oe674 (.text:DPC_ObjectDetection_init)
                  200a0420    000001c0     RADARDEMO_aoaEst2DCaponBF_utils.oe674 (.text:cosdp_i)
                  200a05e0    00000960     RADARDEMO_aoaEst2DCaponBF_angleEst.oe674 (.text:RADARDEMO_aoaEst2DCaponBF_aeEstElevAzim)
                  200a0f40    000002c0     libedma_xwr68xx.ae674 : edma.oe674 (.text:EDMA_configChannel)
                  200a1200    000002c0                           : edma.oe674 (.text:EDMA_configErrorMonitoring)
                  200a14c0    000002a0                           : edma.oe674 (.text:EDMA_open)
                  200a1760    00000220                           : edma.oe674 (.text:EDMA_transferComplete_isr)
                  200a1980    000001e0                           : edma.oe674 (.text:EDMA_init)
                  200a1b60    000001a0                           : edma.oe674 (.text:EDMA_paramConfig_assist)
                  200a1d00    00000160                           : edma.oe674 (.text:EDMA_getErrorStatusInfo)
                  200a1e60    00000140                           : edma_low_level.oe674 (.text:EDMA3Init)
                  200a1fa0    00000140                           : edma.oe674 (.text:EDMA_clearErrors)
                  200a20e0    000000e0                           : edma.oe674 (.text:EDMA_isTransferComplete)
                  200a21c0    000000e0                           : edma.oe674 (.text:EDMA_transferController_error_isr)
                  200a22a0    000000c0                           : edma.oe674 (.text:EDMA_error_isr)
                  200a2360    000000c0                           : edma.oe674 (.text:EDMA_startDmaTransfer)
                  200a2420    000000a0                           : edma_low_level.oe674 (.text:EDMA3EnableChInShadowReg)
                  200a24c0    000000a0                           : edma.oe674 (.text:EDMA_disableChannel)
                  200a2560    000000a0                           : edma.oe674 (.text:EDMA_enableChannel)
                  200a2600    00000080                           : edma_low_level.oe674 (.text:EDMA3MapChToEvtQ)
                  200a2680    00000080                           : edma.oe674 (.text:EDMA_getTransferControllerErrorStatusInfo)
                  200a2700    00000060                           : edma_low_level.oe674 (.text:EDMA3ClrEvt)
                  200a2760    00000060                           : edma_low_level.oe674 (.text:EDMA3ClrIntr)
                  200a27c0    00000060                           : edma_low_level.oe674 (.text:EDMA3ClrMissEvt)
                  200a2820    00000060                           : edma_low_level.oe674 (.text:EDMA3DisableDmaEvt)
                  200a2880    00000060                           : edma_low_level.oe674 (.text:EDMA3DisableEvtIntr)
                  200a28e0    00000060                           : edma_low_level.oe674 (.text:EDMA3EnableDmaEvt)
                  200a2940    00000060                           : edma_low_level.oe674 (.text:EDMA3EnableEvtIntr)
                  200a29a0    00000060                           : edma_low_level.oe674 (.text:EDMA3SetEvt)
                  200a2a00    00000060                           : edma.oe674 (.text:EDMA_configTransferControllerError)
                  200a2a60    00000060                           : edma.oe674 (.text:EDMA_isError)
                  200a2ac0    00000060                           : edma.oe674 (.text:EDMA_validate_channelIdchannelType)
                  200a2b20    00000040                           : edma_low_level.oe674 (.text:EDMA3MapQdmaChToPaRAM)
                  200a2b60    00000040                           : edma_low_level.oe674 (.text:EDMA3SetPaRAM)
                  200a2ba0    00000040                           : edma_low_level.oe674 (.text:EDMA3SetQdmaTrigWord)
                  200a2be0    00000020                           : edma_low_level.oe674 (.text:EDMA3ChannelToParamMap)
                  200a2c00    00000020                           : edma_low_level.oe674 (.text:EDMA3ClrCCErr)
                  200a2c20    00000020                           : edma_low_level.oe674 (.text:EDMA3DisableQdmaEvt)
                  200a2c40    00000020                           : edma_low_level.oe674 (.text:EDMA3EnableQdmaEvt)
                  200a2c60    00000020                           : edma_low_level.oe674 (.text:EDMA3ErrIntrHighStatusGet)
                  200a2c80    00000020                           : edma_low_level.oe674 (.text:EDMA3GetCCErrStatus)
                  200a2ca0    00000020                           : edma_low_level.oe674 (.text:EDMA3GetErrIntrStatus)
                  200a2cc0    00000020                           : edma_low_level.oe674 (.text:EDMA3GetIntrStatus)
                  200a2ce0    00000020                           : edma_low_level.oe674 (.text:EDMA3IntrStatusHighGet)
                  200a2d00    00000020                           : edma_low_level.oe674 (.text:EDMA3QdmaClrMissEvt)
                  200a2d20    00000020                           : edma_low_level.oe674 (.text:EDMA3QdmaGetErrIntrStatus)
                  200a2d40    00000020                           : edma_low_level.oe674 (.text:EDMAsetRegion)
                  200a2d60    00000020     libosal_xwr68xx.ae674 : DebugP_tirtos.oe674 ($Tramp$S$$_DebugP_assert)
                  200a2d80    00000020                           : HwiP_tirtos.oe674 ($Tramp$S$$HwiP_create)
                  200a2da0    00000020                           : HwiP_tirtos.oe674 ($Tramp$S$$HwiP_Params_init)
                  200a2dc0    000000c0     dss_main.oe674 (.text:MmwDemo_edmaOpen)
                  200a2e80    00000080     dss_main.oe674 (.text:MmwDemo_edmaInit)
                  200a2f00    000001a0     dss_main.oe674 (.text:MmwDemo_edmaBlockCopy)
                  200a30a0    000000e0     dss_main.oe674 (.text:MmwDemo_copyTable)
                  200a3180    00000060     cycle_measure.oe674 (.text:cache_setMar)
                  200a31e0    00000040     dss_main.oe674 (.text:MmwDemo_EDMA_errorCallbackFxn)
                  200a3220    00000040     dss_main.oe674 (.text:MmwDemo_EDMA_transferControllerErrorCallbackFxn)
                  200a3260    000004d8     libedma_xwr68xx.ae674 : edma.oe674 (.far:EDMA_object) [fill = 0]
                  200a3738    00000008     --HOLE-- [fill = 0]
                  200a3740    00000100     dss_main.oe674 (.text:main)
                  200a3840    00000260     dss_main.oe674 (.text:Pcount3DDemo_dssInitTask)
                  200a3aa0    00000020     sysbios.ae674 : BIOS.obj ($Tramp$S$$ti_sysbios_knl_Task_sleep__E)
                  200a3ac0    00000020     libdpm_xwr68xx.ae674 : dpm_core.oe674 ($Tramp$S$$DPM_synch)
                  200a3ae0    00000020     sysbios.ae674 : BIOS.obj ($Tramp$S$$ti_sysbios_BIOS_start__E)
                  200a3b00    00000020     pcount3D_dss_pe674.oe674 ($Tramp$S$$ti_sysbios_knl_Task_create)
                  200a3b20    00000020     pcount3D_dss_pe674.oe674 ($Tramp$S$$ti_sysbios_knl_Task_Params__init__S)
                  200a3b40    00000020     rts6740_elf.lib : memcpy64.asm.obj ($Tramp$S$$memcpy)
                  200a3b60    00000020     cycle_measure.oe674 ($Tramp$S$$cache_wbInvAllL2Wait)
                  200a3b80    00000020     libsoc_xwr68xx.ae674 : soc_xwr68xx.oe674 ($Tramp$S$$SOC_translateAddress)
                  200a3ba0    00000020     libosal_xwr68xx.ae674 : MemoryP_tirtos.oe674 ($Tramp$S$$MemoryP_ctrlAlloc)
                  200a3bc0    00000020     rts6740_elf.lib : exit.c.obj ($Tramp$S$$exit)
                  200a3be0    00000020                     : printf.c.obj ($Tramp$S$$printf)
                  200a3c00    00000020     libosal_xwr68xx.ae674 : MemoryP_tirtos.oe674 ($Tramp$S$$MemoryP_ctrlFree)
                  200a3c20    00000020     pcount3D_dss_pe674.oe674 ($Tramp$S$$xdc_runtime_System_printf__E)
                  200a3c40    00000020     rts6740_elf.lib : push.asm.obj ($Tramp$S$$__c6xabi_pop_rts)
                  200a3c60    00000020                     : memset.c.obj ($Tramp$S$$memset)
                  200a3c80    00000020                     : push.asm.obj ($Tramp$S$$__c6xabi_push_rts)

.unUsedCode 
*          0    200a3ca0    00001da0     
                  200a3ca0    000013a0     RADARDEMO_detectionCFAR_priv.oe674 (.text:RADARDEMO_detectionCFAR_CAAll)
                  200a5040    000009e0     RADARDEMO_detectionCFAR_priv.oe674 (.text:RADARDEMO_detectionCFAR_OS)
                  200a5a20    00000010     rts6740_elf.lib : push.asm.obj ($Tramp$S$$__c6xabi_pop_rts)
                  200a5a30    00000010                     : push.asm.obj ($Tramp$S$$__c6xabi_push_rts)

.slowCode 
*          0    200bd540    00002ac0     
                  200bd540    000000e0     libmailbox_xwr68xx.ae674 : mailbox.oe674 (.text:Mailbox_init)
                  200bd620    00000360     libdpm_xwr68xx.ae674 : dpm_core.oe674 (.text:DPM_init)
                  200bd980    00000420     libmailbox_xwr68xx.ae674 : mailbox.oe674 (.text:Mailbox_open)
                  200bdda0    00000100     libsoc_xwr68xx.ae674 : soc_xwr68xx_dss.oe674 (.text:SOC_deviceInit)
                  200bdea0    000000a0     libdpm_xwr68xx.ae674 : dpm_mailbox.oe674 (.text:DPM_mboxInit)
                  200bdf40    00000080     libosal_xwr68xx.ae674 : SemaphoreP_tirtos.oe674 (.text:SemaphoreP_create)
                  200bdfc0    00000080     libdpm_xwr68xx.ae674 : dpm_pipe.oe674 (.text:DPM_pipeInit)
                  200be040    00000140     libsoc_xwr68xx.ae674 : soc.oe674 (.text:SOC_init)
                  200be180    00000100     objectdetection.oe674 (.text:DPC_ObjDetDSP_preStartConfig)
                  200be280    00000280     rts6740_elf.lib : divf.c.obj (.text:__c6xabi_divf)
                  200be500    000001c0                     : setvbuf.c.obj (.text:setvbuf)
                  200be6c0    000001a0                     : hostrename.c.obj (.text:HOSTrename)
                  200be860    00000120                     : getdevice.c.obj (.text:getdevice)
                  200be980    00000100                     : fclose.c.obj (.text:__TI_closefile)
                  200bea80    00000100                     : atoi.c.obj (.text:atoi)
                  200beb80    00000100                     : fflush.c.obj (.text:fflush)
                  200bec80    00000100                     : fseek.c.obj (.text:fseek)
                  200bed80    000000e0                     : hostlseek.c.obj (.text:HOSTlseek)
                  200bee60    000000e0                     : hostopen.c.obj (.text:HOSTopen)
                  200bef40    000000e0                     : hostwrite.c.obj (.text:HOSTwrite)
                  200bf020    000000e0                     : _ltoa.c.obj (.text:__TI_ltoa)
                  200bf100    000000e0                     : _io_perm.c.obj (.text:__TI_wrt_ok)
                  200bf1e0    000000e0                     : close.c.obj (.text:close)
                  200bf2c0    000000c0                     : hostread.c.obj (.text:HOSTread)
                  200bf380    000000c0                     : hostunlink.c.obj (.text:HOSTunlink)
                  200bf440    000000c0                     : fflush.c.obj (.text:__TI_doflush)
                  200bf500    000000c0                     : divu.asm.obj (.text:__divu)
                  200bf5c0    000000c0                     : modf.c.obj (.text:modf)
                  200bf680    000000a0                     : hostclose.c.obj (.text:HOSTclose)
                  200bf720    000000a0                     : fopen.c.obj (.text:__TI_cleanup)
                  200bf7c0    000000a0                     : fixfu.c.obj (.text:__c6xabi_fixfu)
                  200bf860    000000a0                     : remu.asm.obj (.text:__remu)
                  200bf900    000000a0                     : getdevice.c.obj (.text:finddevice)
                  200bf9a0    00000080                     : trgmsg.c.obj (.text:__TI_readmsg)
                  200bfa20    00000080                     : fixdu.c.obj (.text:__c6xabi_fixdu)
                  200bfaa0    00000080                     : llshift.c.obj (.text:__c6xabi_llshl)
                  200bfb20    00000080                     : unlink.c.obj (.text:unlink)
                  200bfba0    00000060                     : trgmsg.c.obj (.text:__TI_writemsg)
                  200bfc00    00000060                     : llshift.c.obj (.text:__c6xabi_llshru)
                  200bfc60    00000060                     : imath64.c.obj (.text:_subcull)
                  200bfcc0    00000060                     : lseek.c.obj (.text:lseek)
                  200bfd20    00000060                     : write.c.obj (.text:write)
                  200bfd80    00000040                     : frcmpyd_div.c.obj (.text:__TI_frcmpyd_div)
                  200bfdc0    00000040                     : isinf.c.obj (.text:__c6xabi_isinf)
                  200bfe00    00000040                     : wcslen.c.obj (.text:wcslen)
                  200bfe40    00000010                     : push.asm.obj ($Tramp$S$$__c6xabi_push_rts)
                  200bfe50    00000010     libosal_xwr68xx.ae674 : HwiP_tirtos.oe674 ($Tramp$S$$HwiP_disable)
                  200bfe60    00000010     rts6740_elf.lib : memset.c.obj ($Tramp$S$$memset)
                  200bfe70    00000010     libosal_xwr68xx.ae674 : HwiP_tirtos.oe674 ($Tramp$S$$HwiP_restore)
                  200bfe80    00000010     rts6740_elf.lib : push.asm.obj ($Tramp$S$$__c6xabi_pop_rts)
                  200bfe90    00000010     libosal_xwr68xx.ae674 : MemoryP_tirtos.oe674 ($Tramp$S$$MemoryP_ctrlAlloc)
                  200bfea0    00000010                           : SemaphoreP_tirtos.oe674 ($Tramp$S$$SemaphoreP_Params_init)
                  200bfeb0    00000010     libsoc_xwr68xx.ae674 : soc.oe674 ($Tramp$S$$SOC_registerSysIntListener)
                  200bfec0    00000010     libdpm_xwr68xx.ae674 : dpm_core.oe674 ($Tramp$S$$DPM_deinit)
                  200bfed0    00000010     libmailbox_xwr68xx.ae674 : mailbox.oe674 ($Tramp$S$$CSL_FINSR)
                  200bfee0    00000010     libosal_xwr68xx.ae674 : HwiP_tirtos.oe674 ($Tramp$S$$HwiP_Params_init)
                  200bfef0    00000010                           : HwiP_tirtos.oe674 ($Tramp$S$$HwiP_create)
                  200bff00    00000010     libsoc_xwr68xx.ae674 : soc_xwr68xx_dss.oe674 ($Tramp$S$$CSL_FINSR)
                  200bff10    00000010     libosal_xwr68xx.ae674 : HwiP_tirtos.oe674 ($Tramp$S$$HwiP_disableInterrupt)
                  200bff20    00000010                           : DebugP_tirtos.oe674 ($Tramp$S$$_DebugP_assert)
                  200bff30    00000010     libmailbox_xwr68xx.ae674 : mailbox.oe674 ($Tramp$S$$Mailbox_Config_init)
                  200bff40    00000010     libsoc_xwr68xx.ae674 : soc_xwr68xx.oe674 ($Tramp$S$$SOC_setDSSLinkState)
                  200bff50    00000010     pcount3D_dss_pe674.oe674 ($Tramp$S$$ti_sysbios_knl_Semaphore_Params__init__S)
                  200bff60    00000010     pcount3D_dss_pe674.oe674 ($Tramp$S$$ti_sysbios_knl_Semaphore_create)
                  200bff70    00000010     libdpm_xwr68xx.ae674 : dpm_listlib.oe674 ($Tramp$S$$DPM_listAdd)
                  200bff80    00000010     libsoc_xwr68xx.ae674 : soc_xwr68xx.oe674 ($Tramp$S$$SOC_ungateClock)
                  200bff90    00000010                          : soc.oe674 ($Tramp$S$$SOC_unhaltBSS)
                  200bffa0    00000010                          : soc.oe674 ($Tramp$S$$CSL_FEXTR)
                  200bffb0    00000010     rts6740_elf.lib : memcpy64.asm.obj ($Tramp$S$$memcpy)
                  200bffc0    00000010     radarProcess.oe674 ($Tramp$S$$DPU_radarProcess_init)
                  200bffd0    00000010     radarOsal_malloc.oe674 ($Tramp$S$$radarOsal_printHeapStats)
                  200bffe0    00000010     pcount3D_dss_pe674.oe674 ($Tramp$S$$free)
                  200bfff0    00000010     pcount3D_dss_pe674.oe674 ($Tramp$S$$malloc)

.l3data    1    20090000    00021000     UNINITIALIZED
                  20090000    00021000     dss_main.oe674 (.l3data)

xdc.meta   0    00000000    00000110     COPY SECTION
                  00000000    00000110     pcount3D_dss_pe674.oe674 (xdc.meta)

.fardata.1 
*          0    007fc540    000002bc     
                  007fc540    00000050     libmailbox_xwr68xx.ae674 : mailbox.oe674 (.fardata:gMailboxMCB)
                  007fc590    00000040     libsoc_xwr68xx.ae674 : soc_xwr68xx.oe674 (.fardata:SOC_TranslateAddr_LUT)
                  007fc5d0    00000040     RADARDEMO_detectionCFAR_priv.oe674 (.fardata:ti_math_logtable)
                  007fc610    00000040     pcount3D_dss_pe674.oe674 (.fardata:ti_sysbios_gates_GateMutex_Object__table__V)
                  007fc650    0000003c     pcount3D_dss_pe674.oe674 (.fardata:ti_sysbios_timers_rti_Timer_Object__table__V)
                  007fc68c    00000024     objectdetection.oe674 (.fardata:gDPC_ObjectDetectionCfg)
                  007fc6b0    00000024     pcount3D_dss_pe674.oe674 (.fardata:xdc_runtime_LoggerBuf_Object__table__V)
                  007fc6d4    00000004     rts6740_elf.lib : _lock.c.obj (.fardata:_unlock)
                  007fc6d8    00000020     libsoc_xwr68xx.ae674 : soc_xwr68xx_dss.oe674 (.fardata:gSOCHwAttrib)
                  007fc6f8    00000020     pcount3D_dss_pe674.oe674 (.fardata:xdc_runtime_Error_IgnoreBlock)
                  007fc718    00000020     pcount3D_dss_pe674.oe674 (.fardata:xdc_runtime_System_Module_State_0_atexitHandlers__A)
                  007fc738    0000001c     pcount3D_dss_pe674.oe674 (.fardata:ti_sysbios_utils_Load_Module_State_0_taskEnv__A)
                  007fc754    00000018     libmailbox_xwr68xx.ae674 : mailbox_xwr68xx.oe674 (.fardata:gMailboxDssBssHwCfg)
                  007fc76c    00000018                              : mailbox_xwr68xx.oe674 (.fardata:gMailboxDssMssHwCfg)
                  007fc784    00000004     rts6740_elf.lib : defs.c.obj (.fardata)
                  007fc788    00000018     pcount3D_dss_pe674.oe674 (.fardata:ti_sysbios_heaps_HeapMem_Object__table__V)
                  007fc7a0    00000018     pcount3D_dss_pe674.oe674 (.fardata:ti_sysbios_timers_rti_Timer_Module_State_0_device__A)
                  007fc7b8    00000014     libdpm_xwr68xx.ae674 : dpm_mailbox.oe674 (.fardata:gDPMRemoteTable)
                  007fc7cc    00000004     rts6740_elf.lib : errno.c.obj (.fardata)
                  007fc7d0    00000010     pcount3D_dss_pe674.oe674 (.fardata:ti_sysbios_timers_rti_Timer_Module_State_0_intFreqs__A)
                  007fc7e0    0000000c     rts6740_elf.lib : exit.c.obj (.fardata)
                  007fc7ec    00000008     pcount3D_dss_pe674.oe674 (.fardata:ti_sysbios_gates_GateHwi_Module__root__V)
                  007fc7f4    00000008     pcount3D_dss_pe674.oe674 (.fardata:ti_sysbios_gates_GateMutex_Module__root__V)

.fardata.2 
*          0    007fc800    0000003c     
                  007fc800    00000008     pcount3D_dss_pe674.oe674 (.fardata:ti_sysbios_hal_Hwi_Object__table__V)
                  007fc808    00000008     pcount3D_dss_pe674.oe674 (.fardata:ti_sysbios_heaps_HeapMem_Module__root__V)
                  007fc810    00000008     pcount3D_dss_pe674.oe674 (.fardata:ti_sysbios_knl_Queue_Module__root__V)
                  007fc818    00000008     pcount3D_dss_pe674.oe674 (.fardata:ti_sysbios_knl_Semaphore_Module__root__V)
                  007fc820    00000008     pcount3D_dss_pe674.oe674 (.fardata:ti_sysbios_knl_Task_Module__root__V)
                  007fc828    00000008     pcount3D_dss_pe674.oe674 (.fardata:ti_sysbios_timers_rti_Timer_Module_State_0_handles__A)
                  007fc830    00000008     pcount3D_dss_pe674.oe674 (.fardata:xdc_runtime_LoggerBuf_Module__root__V)
                  007fc838    00000004     pcount3D_dss_pe674.oe674 (.fardata:ti_sysbios_gates_GateHwi_Object__table__V)

.fardata.3 
*          0    007fc840    00000004     
                  007fc840    00000004     pcount3D_dss_pe674.oe674 (.fardata:ti_sysbios_knl_Task_Module_State_0_idleTask__A)

.fardata.4 
*          0    007fc848    0000000c     
                  007fc848    00000004     pcount3D_dss_pe674.oe674 (.fardata:ti_sysbios_utils_Load_Module_State_0_runningTask__A)
                  007fc84c    00000004     --HOLE-- [fill = 0]
                  007fc850    00000004     pcount3D_dss_pe674.oe674 (.fardata:ti_sysbios_utils_Load_Module_State_0_taskStartTime__A)

.dpc_l2Heap 
*          0    00800000    00019f00     UNINITIALIZED
                  00800000    00019f00     dss_main.oe674 (.dpc_l2Heap)

.const     0    00819f00    00002ff6     
                  00819f00    00001a59     pcount3D_dss_pe674.oe674 (.const:xdc_runtime_Text_charTab__A)
                  0081b959    00000001     --HOLE-- [fill = 0]
                  0081b95a    00000002     pcount3D_dss_pe674.oe674 (.const:ti_sysbios_family_c64p_Cache_Module__id__C)
                  0081b95c    00000620     sysbios.ae674 : BIOS.obj (.const:.string)
                  0081bf7c    00000300     radarOsal_malloc.oe674 (.const:.string)
                  0081c27c    000001c0     radarProcess.oe674 (.const:.string)
                  0081c43c    00000004     pcount3D_dss_pe674.oe674 (.const:ti_sysbios_family_c62_TaskSupport_stackAlignment__C)
                  0081c440    00000101     rts6740_elf.lib : ctype.c.obj (.const:.string:_ctypes_)
                  0081c541    00000001     --HOLE-- [fill = 0]
                  0081c542    00000002     pcount3D_dss_pe674.oe674 (.const:ti_sysbios_family_c64p_EventCombiner_Module__id__C)
                  0081c544    00000004     pcount3D_dss_pe674.oe674 (.const:ti_sysbios_family_c64p_Cache_E_invalidL1CacheSize__C)
                  0081c548    000000e0     pcount3D_dss_pe674.oe674 (.const:xdc_runtime_Text_nodeTab__A)
                  0081c628    0000009c     dss_main.oe674 (.const:.string)
                  0081c6c4    00000088     objectdetection.oe674 (.const:.string)
                  0081c74c    00000074     pcount3D_dss_pe674.oe674 (.const:.string)
                  0081c7c0    00000058     libedma_xwr68xx.ae674 : edma.oe674 (.const:.string)
                  0081c818    0000004c     libmailbox_xwr68xx.ae674 : mailbox.oe674 (.const:.string)
                  0081c864    00000044     pcount3D_dss_pe674.oe674 (.const:ti_sysbios_knl_Task_Object__PARAMS__C)
                  0081c8a8    0000003c     libsoc_xwr68xx.ae674 : soc_xwr68xx_dss.oe674 (.const:.string)
                  0081c8e4    0000003c     pcount3D_dss_pe674.oe674 (.const:xdc_runtime_LoggerBuf_Module__FXNS__C)
                  0081c920    00000038     libedma_xwr68xx.ae674 : edma_xwr1xxx.oe674 (.const:gEdmaHwAttrs)
                  0081c958    00000034     pcount3D_dss_pe674.oe674 (.const:xdc_runtime_Startup_sfxnTab__A)
                  0081c98c    00000004     pcount3D_dss_pe674.oe674 (.const:ti_sysbios_family_c64p_Cache_E_invalidL2CacheSize__C)
                  0081c990    00000028     libdpm_xwr68xx.ae674 : dpm_msg.oe674 (.const:gDPMMessageFxnTable)
                  0081c9b8    00000028     pcount3D_dss_pe674.oe674 (.const:ti_sysbios_heaps_HeapMem_Module__FXNS__C)
                  0081c9e0    00000028     pcount3D_dss_pe674.oe674 (.const:xdc_runtime_LoggerBuf_Object__PARAMS__C)
                  0081ca08    00000024     rts6740_elf.lib : _printfi.c.obj (.const:.string)
                  0081ca2c    00000024     libmailbox_xwr68xx.ae674 : mailbox.oe674 (.const:Mailbox_defaultCfg)
                  0081ca50    00000024     pcount3D_dss_pe674.oe674 (.const:ti_sysbios_gates_GateHwi_Module__FXNS__C)
                  0081ca74    00000024     pcount3D_dss_pe674.oe674 (.const:ti_sysbios_gates_GateMutex_Module__FXNS__C)
                  0081ca98    00000024     pcount3D_dss_pe674.oe674 (.const:ti_sysbios_heaps_HeapMem_Object__PARAMS__C)
                  0081cabc    00000024     pcount3D_dss_pe674.oe674 (.const:ti_sysbios_knl_Semaphore_Object__PARAMS__C)
                  0081cae0    00000020     libosal_xwr68xx.ae674 : SemaphoreP_tirtos.oe674 (.const:.string)
                  0081cb00    00000020     pcount3D_dss_pe674.oe674 (.const:ti_sysbios_gates_GateHwi_Object__DESC__C)
[...]
0081cd24  ti_sysbios_family_c64p_Cache_MAR32_63__C                     
0081cd28  ti_sysbios_family_c64p_Cache_MAR64_95__C                     
0081cd2c  ti_sysbios_family_c64p_Cache_MAR96_127__C                    
0081cd30  ti_sysbios_family_c64p_EventCombiner_A_invalidEventId__C     
0081cd34  ti_sysbios_family_c64p_EventCombiner_EVTRegs__C              
0081cd38  ti_sysbios_family_c64p_EventCombiner_E_unpluggedEvent__C     
0081cd3c  ti_sysbios_family_c64p_EventCombiner_Module__diagsEnabled__C 
0081cd40  ti_sysbios_family_c64p_EventCombiner_Module__diagsIncluded__C
0081cd44  ti_sysbios_family_c64p_EventCombiner_Module__diagsMask__C    
0081cd48  ti_sysbios_family_c64p_Exception_E_exceptionMax__C           
0081cd4c  ti_sysbios_family_c64p_Exception_exceptionHook__C            
0081cd50  ti_sysbios_family_c64p_Exception_externalHook__C             
0081cd54  ti_sysbios_family_c64p_Exception_internalHook__C             
0081cd58  ti_sysbios_family_c64p_Exception_nmiHook__C                  
0081cd5c  ti_sysbios_family_c64p_Hwi_INTRMUX1Address__C                
0081cd60  ti_sysbios_gates_GateMutex_A_badContext__C                   
0081cd64  ti_sysbios_gates_GateMutex_Instance_State_sem__O             
0081cd68  ti_sysbios_gates_GateMutex_Module__diagsEnabled__C           
0081cd6c  ti_sysbios_gates_GateMutex_Module__diagsIncluded__C          
0081cd70  ti_sysbios_gates_GateMutex_Module__diagsMask__C              
0081cd74  ti_sysbios_hal_Hwi_E_stackOverflow__C                        
0081cd78  ti_sysbios_heaps_HeapBuf_Instance_State_freeList__O          
0081cd7c  ti_sysbios_heaps_HeapBuf_Object__count__C                    
0081cd80  ti_sysbios_heaps_HeapBuf_numConstructedHeaps__C              
0081cd84  ti_sysbios_heaps_HeapMem_A_align__C                          
0081cd88  ti_sysbios_heaps_HeapMem_A_heapSize__C                       
0081cd8c  ti_sysbios_heaps_HeapMem_A_invalidFree__C                    
0081cd90  ti_sysbios_heaps_HeapMem_A_zeroBlock__C                      
0081cd94  ti_sysbios_heaps_HeapMem_E_memory__C                         
0081cd98  ti_sysbios_heaps_HeapMem_Module__diagsEnabled__C             
0081cd9c  ti_sysbios_heaps_HeapMem_Module__diagsIncluded__C            
0081cda0  ti_sysbios_heaps_HeapMem_Module__diagsMask__C                
0081cda4  ti_sysbios_heaps_HeapMem_Module__gateObj__C                  
0081cda8  ti_sysbios_heaps_HeapMem_Object__count__C                    
0081cdac  ti_sysbios_heaps_HeapMem_reqAlign__C                         
0081cdb0  ti_sysbios_knl_Clock_Module_State_clockQ__O                  
0081cdb4  ti_sysbios_knl_Semaphore_A_badContext__C                     
0081cdb8  ti_sysbios_knl_Semaphore_A_noEvents__C                       
0081cdbc  ti_sysbios_knl_Semaphore_A_overflow__C                       
0081cdc0  ti_sysbios_knl_Semaphore_A_pendTaskDisabled__C               
0081cdc4  ti_sysbios_knl_Semaphore_Instance_State_pendQ__O             
0081cdc8  ti_sysbios_knl_Semaphore_Module__diagsEnabled__C             
0081cdcc  ti_sysbios_knl_Semaphore_Module__diagsIncluded__C            
0081cdd0  ti_sysbios_knl_Semaphore_Module__diagsMask__C                
0081cdd4  ti_sysbios_knl_Swi_Object__count__C                          
0081cdd8  ti_sysbios_knl_Task_A_badPriority__C                         
0081cddc  ti_sysbios_knl_Task_A_badTaskState__C                        
0081cde0  ti_sysbios_knl_Task_A_badThreadType__C                       
0081cde4  ti_sysbios_knl_Task_A_badTimeout__C                          
0081cde8  ti_sysbios_knl_Task_A_noPendElem__C                          
0081cdec  ti_sysbios_knl_Task_A_sleepTaskDisabled__C                   
0081cdf0  ti_sysbios_knl_Task_E_spOutOfBounds__C                       
0081cdf4  ti_sysbios_knl_Task_E_stackOverflow__C                       
0081cdf8  ti_sysbios_knl_Task_Module_State_inactiveQ__O                
0081cdfc  ti_sysbios_knl_Task_Module__diagsEnabled__C                  
0081ce00  ti_sysbios_knl_Task_Module__diagsIncluded__C                 
0081ce04  ti_sysbios_knl_Task_Module__diagsMask__C                     
0081ce08  ti_sysbios_knl_Task_Object__count__C                         
0081ce0c  ti_sysbios_knl_Task_Object__heap__C                          
0081ce10  ti_sysbios_knl_Task_allBlockedFunc__C                        
0081ce14  ti_sysbios_knl_Task_defaultStackHeap__C                      
0081ce18  ti_sysbios_knl_Task_defaultStackSize__C                      
0081ce1c  ti_sysbios_knl_Task_numConstructedTasks__C                   
0081ce20  ti_sysbios_timers_rti_Timer_E_cannotSupport__C               
0081ce24  ti_sysbios_timers_rti_Timer_Module__diagsEnabled__C          
0081ce28  ti_sysbios_timers_rti_Timer_Module__diagsIncluded__C         
0081ce2c  ti_sysbios_timers_rti_Timer_Module__diagsMask__C             
0081ce30  ti_sysbios_timers_rti_Timer_numTimerDevices__C               
0081ce34  ti_sysbios_timers_rti_Timer_startupNeeded__C                 
0081ce38  ti_sysbios_utils_Load_Module_State_taskList__O               
0081ce3c  ti_sysbios_utils_Load_Module__diagsEnabled__C                
0081ce40  ti_sysbios_utils_Load_Module__diagsIncluded__C               
0081ce44  ti_sysbios_utils_Load_Module__diagsMask__C                   
0081ce48  ti_sysbios_utils_Load_postUpdate__C                          
0081ce4c  ti_sysbios_utils_Load_windowInMs__C                          
0081ce50  xdc_runtime_Assert_E_assertFailed__C                         
0081ce54  xdc_runtime_Core_A_initializedParams__C                      
0081ce58  xdc_runtime_Core_Module__diagsEnabled__C                     
0081ce5c  xdc_runtime_Core_Module__diagsIncluded__C                    
0081ce60  xdc_runtime_Core_Module__diagsMask__C                        
0081ce64  xdc_runtime_Error_E_memory__C                                
0081ce68  xdc_runtime_Error_policyFxn__C                               
0081ce6c  xdc_runtime_Error_policy__C                                  
0081ce70  xdc_runtime_Error_raiseHook__C                               
0081ce74  xdc_runtime_IFilterLogger_Interface__BASE__C                 
0081ce78  xdc_runtime_IGateProvider_Interface__BASE__C                 
0081ce7c  xdc_runtime_IHeap_Interface__BASE__C                         
0081ce80  xdc_runtime_ILogger_Interface__BASE__C                       
0081ce84  xdc_runtime_IModule_Interface__BASE__C                       
0081ce88  xdc_runtime_LoggerBuf_E_badLevel__C                          
0081ce8c  xdc_runtime_LoggerBuf_Module__gateObj__C                     
0081ce90  xdc_runtime_LoggerBuf_Object__count__C                       
0081ce94  xdc_runtime_LoggerBuf_statusLogger__C                        
0081ce98  xdc_runtime_Memory_defaultHeapInstance__C                    
0081ce9c  xdc_runtime_Startup_execImpl__C                              
0081cea0  xdc_runtime_Startup_maxPasses__C                             
0081cea4  xdc_runtime_Startup_sfxnRts__C                               
0081cea8  xdc_runtime_Startup_sfxnTab__C                               
0081ceac  xdc_runtime_System_Module__gateObj__C                        
0081ceb0  xdc_runtime_System_abortFxn__C                               
0081ceb4  xdc_runtime_System_exitFxn__C                                
0081ceb8  xdc_runtime_System_extendFxn__C                              
0081cebc  xdc_runtime_System_maxAtexitHandlers__C                      
0081cec0  xdc_runtime_Text_charTab__C                                  
0081cec4  xdc_runtime_Text_nodeTab__C                                  
0081cec8  xdc_runtime_Text_visitRopeFxn__C                             
0081cecc  ti_sysbios_family_c64p_Exception_useInternalBuffer__C        
0081cece  ti_sysbios_gates_GateMutex_Module__id__C                     
0081ced0  ti_sysbios_hal_Hwi_Module__id__C                             
0081ced2  ti_sysbios_heaps_HeapMem_Module__id__C                       
0081ced4  ti_sysbios_knl_Semaphore_Module__id__C                       
0081ced6  ti_sysbios_knl_Task_Module__id__C                            
0081ced8  ti_sysbios_timers_rti_Timer_Module__id__C                    
0081ceda  ti_sysbios_timers_rti_Timer_continueOnSuspend__C             
0081cedc  ti_sysbios_utils_Load_Module__id__C                          
0081cede  ti_sysbios_utils_Load_autoAddTasks__C                        
0081cee0  ti_sysbios_utils_Load_updateInIdle__C                        
0081cee2  xdc_runtime_Core_Module__id__C                               
0081cee4  xdc_runtime_Error_Module__loggerDefined__C                   
0081cee6  xdc_runtime_Error_maxDepth__C                                
0081cee8  xdc_runtime_LoggerBuf_Module__id__C                          
0081ceea  xdc_runtime_LoggerBuf_filterByLevel__C                       
0081ceec  xdc_runtime_Main_Module__id__C                               
0081ceee  xdc_runtime_Memory_Module__id__C                             
0081cef0  xdc_runtime_Text_isLoaded__C                                 
0081cef2  xdc_runtime_Text_registryModsLastId__C                       
0081cef4  xdc_runtime_Text_unnamedModsLastId__C                        
0081cef8  ti_sysbios_heaps_HeapMem_Instance_State_0_buf__A             
0081faf8  _ftable                                                      
0081fcd8  _stream                                                      
0081fd78  ti_sysbios_knl_Swi_Module_State_0_readyQ__A                  
0081fdf8  ti_sysbios_knl_Task_Module_State_0_readyQ__A                 
0081fe78  _device                                                      
0081fef0  ti_sysbios_family_c64p_Hwi_Object__table__V                  
0081ff68  ti_sysbios_knl_Task_Object__table__V                         
0081ffc4  _lock                                                        
0081ffc8  ti_sysbios_knl_Swi_Object__table__V                          
0081fff8  gDPMHwAttrib                                                 
00e00000  RADARDEMO_detectionCFAR_raCAAll                              
00e01960  RADARDEMO_aoaEst2DCaponBF_raHeatmap                          
00e05d20  RADARDEMO_aoaEst2DCaponBF_covInv                             
00e063c0  MATRIX_cholesky_flp_inv                                      
00e06940  RADARDEMO_aoaEst2DCaponBF_clutterRemoval                     
00e06cc0  RADARDEMO_aoaEst2DCaponBF_bpmDecoding                        
00e06dc0  copyTranspose                                                
00f00000  l1ScratchMem                                                 
00f01200  l1HeapMem                                                    
20090000  _L3data_start                                                
20090000  memHeapL3                                                    
2009ba20  RADARDEMO_aoaEst2DCaponBF_create                             
2009e0a0  RADARDEMO_detectionCFAR_create                               
2009e340  tw_gen_float                                                 
2009eba0  DPU_radarProcess_init                                        
2009fcc0  radarOsal_memAlloc                                           
2009fe80  radarOsal_memInit                                            
2009ff80  radarOsal_memDeInit                                          
2009ffa0  radarOsal_printHeapStats                                     
200a05e0  RADARDEMO_aoaEst2DCaponBF_aeEstElevAzim                      
200a0f40  EDMA_configChannel                                           
200a1200  EDMA_configErrorMonitoring                                   
200a14c0  EDMA_open                                                    
200a1980  EDMA_init                                                    
200a1e60  EDMA3Init                                                    
200a20e0  EDMA_isTransferComplete                                      
200a2360  EDMA_startDmaTransfer                                        
200a2420  EDMA3EnableChInShadowReg                                     
200a24c0  EDMA_disableChannel                                          
200a2560  EDMA_enableChannel                                           
200a2600  EDMA3MapChToEvtQ                                             
200a2700  EDMA3ClrEvt                                                  
200a2760  EDMA3ClrIntr                                                 
200a27c0  EDMA3ClrMissEvt                                              
200a2820  EDMA3DisableDmaEvt                                           
200a2880  EDMA3DisableEvtIntr                                          
200a28e0  EDMA3EnableDmaEvt                                            
200a2940  EDMA3EnableEvtIntr                                           
200a29a0  EDMA3SetEvt                                                  
200a2b20  EDMA3MapQdmaChToPaRAM                                        
200a2b60  EDMA3SetPaRAM                                                
200a2ba0  EDMA3SetQdmaTrigWord                                         
200a2be0  EDMA3ChannelToParamMap                                       
200a2c00  EDMA3ClrCCErr                                                
200a2c20  EDMA3DisableQdmaEvt                                          
200a2c40  EDMA3EnableQdmaEvt                                           
200a2c60  EDMA3ErrIntrHighStatusGet                                    
200a2c80  EDMA3GetCCErrStatus                                          
200a2ca0  EDMA3GetErrIntrStatus                                        
200a2cc0  EDMA3GetIntrStatus                                           
200a2ce0  EDMA3IntrStatusHighGet                                       
200a2d00  EDMA3QdmaClrMissEvt                                          
200a2d20  EDMA3QdmaGetErrIntrStatus                                    
200a2d40  EDMAsetRegion                                                
200a2e80  MmwDemo_edmaInit                                             
200a3180  cache_setMar                                                 
200a31e0  MmwDemo_EDMA_errorCallbackFxn                                
200a3220  MmwDemo_EDMA_transferControllerErrorCallbackFxn              
200a3740  main                                                         
200a3ca0  RADARDEMO_detectionCFAR_CAAll                                
200a5040  RADARDEMO_detectionCFAR_OS                                   
200bd540  Mailbox_init                                                 
200bd620  DPM_init                                                     
200bd980  Mailbox_open                                                 
200bdda0  SOC_deviceInit                                               
200bdf40  SemaphoreP_create                                            
200bdfc0  DPM_pipeInit                                                 
200be040  SOC_init                                                     
200be280  __c6xabi_divf                                                
200be500  setvbuf                                                      
200be6c0  HOSTrename                                                   
200be860  getdevice                                                    
200be980  __TI_closefile                                               
200bea80  atoi                                                         
200beb80  fflush                                                       
200bec80  fseek                                                        
200bed80  HOSTlseek                                                    
200bee60  HOSTopen                                                     
200bef40  HOSTwrite                                                    
200bf020  __TI_ltoa                                                    
200bf100  __TI_wrt_ok                                                  
200bf1e0  close                                                        
200bf2c0  HOSTread                                                     
200bf380  HOSTunlink                                                   
200bf440  __TI_doflush                                                 
200bf500  __c6xabi_divu                                                
200bf500  __divu                                                       
200bf5c0  modf                                                         
200bf5c0  modfl                                                        
200bf680  HOSTclose                                                    
200bf720  __TI_cleanup                                                 
200bf7c0  __c6xabi_fixfu                                               
200bf860  __c6xabi_remu                                                
200bf860  __remu                                                       
200bf900  finddevice                                                   
200bf9a0  __TI_readmsg                                                 
200bfa20  __c6xabi_fixdu                                               
200bfaa0  __c6xabi_llshl                                               
200bfb20  remove                                                       
200bfb20  unlink                                                       
200bfba0  __TI_writemsg                                                
200bfbf8  C$$IO$$                                                      
200bfc00  __c6xabi_llshru                                              
200bfc60  _subcull                                                     
200bfcc0  lseek                                                        
200bfd20  write                                                        
200bfd80  __TI_frcmpyd_div                                             
200bfdc0  __c6xabi_isinf                                               
200bfe00  wcslen                                                       
21080000  DPM_deinit                                                   
21080180  Mailbox_close                                                
210802e0  DPM_pipeDeinit                                               
21080420  printf                                                       
210819a0  __TI_printfi                                                 
210839e0  fputs                                                        
21083d00  fputc                                                        
21083d00  putc                                                         
21083ec0  __c6xabi_divul                                               
21084080  __c6xabi_divd                                                
21084680  frexp                                                        
21084680  frexpl                                                       
21084840  ldexp                                                        
21084840  ldexpl                                                       
21084840  scalbn                                                       
21084840  scalbnl                                                      
ffffffff  __TI_pprof_out_hndl                                          
ffffffff  __TI_prof_data_size                                          
ffffffff  __TI_prof_data_start                                         
ffffffff  __binit__                                                    
ffffffff  __c_args__                                                   
ffffffff  binit                                                        
UNDEFED   __TI_CINIT_Base                                              
UNDEFED   __TI_CINIT_Limit                                             
UNDEFED   __TI_Handler_Table_Base                                      
UNDEFED   __TI_Handler_Table_Limit                                     
UNDEFED   __TI_INITARRAY_Base                                          
UNDEFED   __TI_INITARRAY_Limit                                         
UNDEFED   __TI_TLS_INIT_Base                                           
UNDEFED   __TI_TLS_INIT_Limit                                          

[784 symbols]
